Archive member included to satisfy reference by file (symbol)

/opt/st/stm32cubeclt_1.21.0/GNU-tools-for-STM32/bin/../lib/gcc/arm-none-eabi/14.3.1/../../../../arm-none-eabi/lib/thumb/v8-m.main+fp/softfp/libm.a(libm_a-wf_sqrt.o)
                              CMakeFiles/dcp_test.dir/home/tliao/git/pico-sdk/src/rp2_common/pico_float/float_math.c.o (sqrtf)
/opt/st/stm32cubeclt_1.21.0/GNU-tools-for-STM32/bin/../lib/gcc/arm-none-eabi/14.3.1/../../../../arm-none-eabi/lib/thumb/v8-m.main+fp/softfp/libm.a(libm_a-ef_sqrt.o)
                              /opt/st/stm32cubeclt_1.21.0/GNU-tools-for-STM32/bin/../lib/gcc/arm-none-eabi/14.3.1/../../../../arm-none-eabi/lib/thumb/v8-m.main+fp/softfp/libm.a(libm_a-wf_sqrt.o) (__ieee754_sqrtf)
/opt/st/stm32cubeclt_1.21.0/GNU-tools-for-STM32/bin/../lib/gcc/arm-none-eabi/14.3.1/thumb/v8-m.main+fp/softfp/libgcc.a(_arm_addsubdf3.o)
                              CMakeFiles/dcp_test.dir/home/tliao/git/pico-sdk/src/rp2_common/pico_float/float_math.c.o (__aeabi_f2d)
/opt/st/stm32cubeclt_1.21.0/GNU-tools-for-STM32/bin/../lib/gcc/arm-none-eabi/14.3.1/thumb/v8-m.main+fp/softfp/libgcc.a(_aeabi_ldivmod.o)
                              CMakeFiles/dcp_test.dir/home/tliao/git/pico-sdk/src/common/pico_time/time.c.o (__aeabi_ldivmod)
/opt/st/stm32cubeclt_1.21.0/GNU-tools-for-STM32/bin/../lib/gcc/arm-none-eabi/14.3.1/thumb/v8-m.main+fp/softfp/libgcc.a(_aeabi_uldivmod.o)
                              CMakeFiles/dcp_test.dir/chademo_hal.c.o (__aeabi_uldivmod)
/opt/st/stm32cubeclt_1.21.0/GNU-tools-for-STM32/bin/../lib/gcc/arm-none-eabi/14.3.1/thumb/v8-m.main+fp/softfp/libgcc.a(_udivmoddi4.o)
                              /opt/st/stm32cubeclt_1.21.0/GNU-tools-for-STM32/bin/../lib/gcc/arm-none-eabi/14.3.1/thumb/v8-m.main+fp/softfp/libgcc.a(_aeabi_ldivmod.o) (__udivmoddi4)
/opt/st/stm32cubeclt_1.21.0/GNU-tools-for-STM32/bin/../lib/gcc/arm-none-eabi/14.3.1/thumb/v8-m.main+fp/softfp/libgcc.a(_dvmd_tls.o)
                              /opt/st/stm32cubeclt_1.21.0/GNU-tools-for-STM32/bin/../lib/gcc/arm-none-eabi/14.3.1/thumb/v8-m.main+fp/softfp/libgcc.a(_aeabi_ldivmod.o) (__aeabi_ldiv0)
/opt/st/stm32cubeclt_1.21.0/GNU-tools-for-STM32/bin/../lib/gcc/arm-none-eabi/14.3.1/../../../../arm-none-eabi/lib/thumb/v8-m.main+fp/softfp/libg.a(libc_a-calloc.o)
                              CMakeFiles/dcp_test.dir/home/tliao/git/pico-sdk/src/rp2_common/pico_malloc/malloc.c.o (calloc)
/opt/st/stm32cubeclt_1.21.0/GNU-tools-for-STM32/bin/../lib/gcc/arm-none-eabi/14.3.1/../../../../arm-none-eabi/lib/thumb/v8-m.main+fp/softfp/libg.a(libc_a-callocr.o)
                              /opt/st/stm32cubeclt_1.21.0/GNU-tools-for-STM32/bin/../lib/gcc/arm-none-eabi/14.3.1/../../../../arm-none-eabi/lib/thumb/v8-m.main+fp/softfp/libg.a(libc_a-calloc.o) (_calloc_r)
/opt/st/stm32cubeclt_1.21.0/GNU-tools-for-STM32/bin/../lib/gcc/arm-none-eabi/14.3.1/../../../../arm-none-eabi/lib/thumb/v8-m.main+fp/softfp/libg.a(libc_a-malloc.o)
                              CMakeFiles/dcp_test.dir/home/tliao/git/pico-sdk/src/rp2_common/pico_malloc/malloc.c.o (malloc)
/opt/st/stm32cubeclt_1.21.0/GNU-tools-for-STM32/bin/../lib/gcc/arm-none-eabi/14.3.1/../../../../arm-none-eabi/lib/thumb/v8-m.main+fp/softfp/libg.a(libc_a-mallocr.o)
                              /opt/st/stm32cubeclt_1.21.0/GNU-tools-for-STM32/bin/../lib/gcc/arm-none-eabi/14.3.1/../../../../arm-none-eabi/lib/thumb/v8-m.main+fp/softfp/libg.a(libc_a-callocr.o) (_malloc_r)
/opt/st/stm32cubeclt_1.21.0/GNU-tools-for-STM32/bin/../lib/gcc/arm-none-eabi/14.3.1/../../../../arm-none-eabi/lib/thumb/v8-m.main+fp/softfp/libg.a(libc_a-mlock.o)
                              /opt/st/stm32cubeclt_1.21.0/GNU-tools-for-STM32/bin/../lib/gcc/arm-none-eabi/14.3.1/../../../../arm-none-eabi/lib/thumb/v8-m.main+fp/softfp/libg.a(libc_a-mallocr.o) (__malloc_lock)
/opt/st/stm32cubeclt_1.21.0/GNU-tools-for-STM32/bin/../lib/gcc/arm-none-eabi/14.3.1/../../../../arm-none-eabi/lib/thumb/v8-m.main+fp/softfp/libg.a(libc_a-realloc.o)
                              CMakeFiles/dcp_test.dir/home/tliao/git/pico-sdk/src/rp2_common/pico_malloc/malloc.c.o (realloc)
/opt/st/stm32cubeclt_1.21.0/GNU-tools-for-STM32/bin/../lib/gcc/arm-none-eabi/14.3.1/../../../../arm-none-eabi/lib/thumb/v8-m.main+fp/softfp/libg.a(libc_a-reallocr.o)
                              /opt/st/stm32cubeclt_1.21.0/GNU-tools-for-STM32/bin/../lib/gcc/arm-none-eabi/14.3.1/../../../../arm-none-eabi/lib/thumb/v8-m.main+fp/softfp/libg.a(libc_a-realloc.o) (_realloc_r)
/opt/st/stm32cubeclt_1.21.0/GNU-tools-for-STM32/bin/../lib/gcc/arm-none-eabi/14.3.1/../../../../arm-none-eabi/lib/thumb/v8-m.main+fp/softfp/libg.a(libc_a-memcmp.o)
                              CMakeFiles/dcp_test.dir/home/tliao/git/pico-sdk/src/rp2_common/pico_atomic/atomic.c.o (memcmp)
/opt/st/stm32cubeclt_1.21.0/GNU-tools-for-STM32/bin/../lib/gcc/arm-none-eabi/14.3.1/../../../../arm-none-eabi/lib/thumb/v8-m.main+fp/softfp/libg.a(libc_a-memmove.o)
[...]
Memory Configuration

Name             Origin             Length             Attributes
FLASH            0x10000000         0x00400000         xr
RAM              0x20000000         0x00080000         xrw
SCRATCH_X        0x20080000         0x00001000         xrw
SCRATCH_Y        0x20081000         0x00001000         xrw
*default*        0x00000000         0xffffffff

Linker script and memory map

LOAD /opt/st/stm32cubeclt_1.21.0/GNU-tools-for-STM32/bin/../lib/gcc/arm-none-eabi/14.3.1/thumb/v8-m.main+fp/softfp/crti.o
LOAD /opt/st/stm32cubeclt_1.21.0/GNU-tools-for-STM32/bin/../lib/gcc/arm-none-eabi/14.3.1/thumb/v8-m.main+fp/softfp/crtbegin.o
LOAD /opt/st/stm32cubeclt_1.21.0/GNU-tools-for-STM32/bin/../lib/gcc/arm-none-eabi/14.3.1/../../../../arm-none-eabi/lib/thumb/v8-m.main+fp/softfp/crt0.o

.flash_begin    0x10000000        0x0
                0x10000000                        __flash_binary_start = .

.text           0x10000000     0x58e8
                0x10000000                        __logical_binary_start = .
 *(.vectors)
 .vectors       0x10000000      0x124 CMakeFiles/dcp_test.dir/home/tliao/git/pico-sdk/src/rp2_common/pico_crt0/crt0.S.o
                0x10000000                __vectors
                0x10000000                __VECTOR_TABLE
                0x10000110                isr_invalid
                0x10000110                __default_isrs_start
                0x10000112                isr_nmi
                0x10000114                isr_hardfault
                0x10000116                isr_svcall
                0x10000118                isr_pendsv
                0x1000011a                isr_systick
                0x1000011c                isr_irq30
                0x1000011c                __unhandled_user_irq
                0x1000011c                isr_irq49
                0x1000011c                isr_irq13
                0x1000011c                isr_irq43
                0x1000011c                isr_irq45
                0x1000011c                isr_irq27
                0x1000011c                isr_irq32
                0x1000011c                isr_irq31
                0x1000011c                isr_irq5
                0x1000011c                isr_irq11
                0x1000011c                isr_irq23
                0x1000011c                isr_irq48
                0x1000011c                isr_irq35
                0x1000011c                isr_irq18
                0x1000011c                isr_irq50
                0x1000011c                isr_irq40
                0x1000011c                isr_irq28
                0x1000011c                isr_irq19
                0x1000011c                isr_irq36
                0x1000011c                isr_irq41
                0x1000011c                isr_irq0
                0x1000011c                isr_irq6
                0x1000011c                isr_irq37
                0x1000011c                isr_irq42
                0x1000011c                isr_irq22
                0x1000011c                isr_irq17
                0x1000011c                isr_irq38
                0x1000011c                isr_irq14
                0x1000011c                isr_irq2
                0x1000011c                isr_irq10
                0x1000011c                isr_irq8
                0x1000011c                isr_irq24
                0x1000011c                isr_irq46
                0x1000011c                isr_irq1
                0x1000011c                isr_irq47
                0x1000011c                isr_irq51
                0x1000011c                isr_irq7
                0x1000011c                isr_irq21
                0x1000011c                isr_irq39
                0x1000011c                isr_irq20
                0x1000011c                isr_irq15
                0x1000011c                isr_irq25
                0x1000011c                isr_irq34
                0x1000011c                isr_irq4
                0x1000011c                isr_irq16
                0x1000011c                isr_irq44
                0x1000011c                isr_irq29
                0x1000011c                isr_irq26
                0x1000011c                __default_isrs_end
                0x1000011c                isr_irq33
                0x1000011c                isr_irq3
                0x1000011c                isr_irq12
                0x1000011c                isr_irq9
                0x10000122                unhandled_user_irq_num_in_r0
 *(.binary_info_header)
 .binary_info_header
                0x10000124       0x14 CMakeFiles/dcp_test.dir/home/tliao/git/pico-sdk/src/rp2_common/pico_crt0/crt0.S.o
                0x10000138                        __binary_info_header_end = .
 *(.embedded_block)
 .embedded_block
                0x10000138       0x14 CMakeFiles/dcp_test.dir/home/tliao/git/pico-sdk/src/rp2_common/pico_crt0/crt0.S.o
                0x1000014c                        __embedded_block_end = .
 *(.reset)
 .reset         0x1000014c       0xa0 CMakeFiles/dcp_test.dir/home/tliao/git/pico-sdk/src/rp2_common/pico_crt0/crt0.S.o
                0x1000014c                _entry_point
 *(.init)
 .init          0x100001ec        0x4 /opt/st/stm32cubeclt_1.21.0/GNU-tools-for-STM32/bin/../lib/gcc/arm-none-eabi/14.3.1/thumb/v8-m.main+fp/softfp/crti.o
                0x100001ec                _init
 *libgcc.a:cmse_nonsecure_call.o()
 *(EXCLUDE_FILE(*libm.a: *libc.a:*lib_a-mem*.o *libgcc.a:) .text*)
 .text          0x100001f0       0x40 /opt/st/stm32cubeclt_1.21.0/GNU-tools-for-STM32/bin/../lib/gcc/arm-none-eabi/14.3.1/thumb/v8-m.main+fp/softfp/crtbegin.o
 .text.startup.main
                0x10000230      0x16c CMakeFiles/dcp_test.dir/dcp_test_main.c.o
                0x10000230                main
 .text.hal_gpio_init
                0x1000039c       0x68 CMakeFiles/dcp_test.dir/chademo_hal.c.o
                0x1000039c                hal_gpio_init
 .text.hal_gpio_set_dcp
                0x10000404        0x8 CMakeFiles/dcp_test.dir/chademo_hal.c.o
                0x10000404                hal_gpio_set_dcp
 .text.hal_gpio_read_ss1
                0x1000040c        0xc CMakeFiles/dcp_test.dir/chademo_hal.c.o
                0x1000040c                hal_gpio_read_ss1
 .text.hal_gpio_read_ss2
                0x10000418        0xc CMakeFiles/dcp_test.dir/chademo_hal.c.o
                0x10000418                hal_gpio_read_ss2
 .text.hal_gpio_read_pp
                0x10000424        0xc CMakeFiles/dcp_test.dir/chademo_hal.c.o
                0x10000424                hal_gpio_read_pp
 .text.hal_millis
                0x10000430       0x24 CMakeFiles/dcp_test.dir/chademo_hal.c.o
                0x10000430                hal_millis
 .text.gpio_set_pulls
                0x10000454       0x28 CMakeFiles/dcp_test.dir/home/tliao/git/pico-sdk/src/rp2_common/hardware_gpio/gpio.c.o
                0x10000454                gpio_set_pulls
 .text.gpio_init
                0x1000047c       0x48 CMakeFiles/dcp_test.dir/home/tliao/git/pico-sdk/src/rp2_common/hardware_gpio/gpio.c.o
                0x1000047c                gpio_init
 .text.panic    0x100004c4       0x30 CMakeFiles/dcp_test.dir/home/tliao/git/pico-sdk/src/rp2_common/pico_platform_panic/panic.c.o
                0x100004c4                panic
 .text.hw_claim_or_assert
                0x100004f4       0x58 CMakeFiles/dcp_test.dir/home/tliao/git/pico-sdk/src/common/hardware_claim/claim.c.o
                0x100004f4                hw_claim_or_assert
 .text.hw_claim_unused_from_range
                0x1000054c       0x80 CMakeFiles/dcp_test.dir/home/tliao/git/pico-sdk/src/common/hardware_claim/claim.c.o
                0x1000054c                hw_claim_unused_from_range
 .text.next_striped_spin_lock_num
                0x100005cc       0x18 CMakeFiles/dcp_test.dir/home/tliao/git/pico-sdk/src/rp2_common/hardware_sync/sync.c.o
                0x100005cc                next_striped_spin_lock_num
 .text.spin_lock_claim_unused
                0x100005e4       0x20 CMakeFiles/dcp_test.dir/home/tliao/git/pico-sdk/src/rp2_common/hardware_sync/sync.c.o
                0x100005e4                spin_lock_claim_unused
 .text.spinlock_set_extexclall
                0x10000604       0x10 CMakeFiles/dcp_test.dir/home/tliao/git/pico-sdk/src/rp2_common/hardware_sync_spin_lock/sync_spin_lock.c.o
 .text.spin_locks_reset
                0x10000614       0x18 CMakeFiles/dcp_test.dir/home/tliao/git/pico-sdk/src/rp2_common/hardware_sync_spin_lock/sync_spin_lock.c.o
                0x10000614                spin_locks_reset
 .text.runtime_init_per_core_irq_priorities
                0x1000062c       0x1c CMakeFiles/dcp_test.dir/home/tliao/git/pico-sdk/src/rp2_common/hardware_irq/irq.c.o
                0x1000062c                runtime_init_per_core_irq_priorities
 .text.irq_set_enabled
                0x10000648       0x2c CMakeFiles/dcp_test.dir/home/tliao/git/pico-sdk/src/rp2_common/hardware_irq/irq.c.o
                0x10000648                irq_set_enabled
 .text.irq_is_enabled
                0x10000674       0x20 CMakeFiles/dcp_test.dir/home/tliao/git/pico-sdk/src/rp2_common/hardware_irq/irq.c.o
                0x10000674                irq_is_enabled
 .text.irq_set_pending
                0x10000694       0x18 CMakeFiles/dcp_test.dir/home/tliao/git/pico-sdk/src/rp2_common/hardware_irq/irq.c.o
                0x10000694                irq_set_pending
 .text.irq_has_shared_handler
                0x100006ac       0x20 CMakeFiles/dcp_test.dir/home/tliao/git/pico-sdk/src/rp2_common/hardware_irq/irq.c.o
                0x100006ac                irq_has_shared_handler
 .text.irq_set_exclusive_handler
                0x100006cc       0x60 CMakeFiles/dcp_test.dir/home/tliao/git/pico-sdk/src/rp2_common/hardware_irq/irq.c.o
                0x100006cc                irq_set_exclusive_handler
 .text.irq_add_shared_handler
                0x1000072c      0x1e8 CMakeFiles/dcp_test.dir/home/tliao/git/pico-sdk/src/rp2_common/hardware_irq/irq.c.o
                0x1000072c                irq_add_shared_handler
 .text.irq_add_tail_to_free_list
                0x10000914       0xa8 CMakeFiles/dcp_test.dir/home/tliao/git/pico-sdk/src/rp2_common/hardware_irq/irq.c.o
                0x10000914                irq_add_tail_to_free_list
 .text.user_irq_claim_unused
                0x100009bc       0x28 CMakeFiles/dcp_test.dir/home/tliao/git/pico-sdk/src/rp2_common/hardware_irq/irq.c.o
                0x100009bc                user_irq_claim_unused
 .text.lock_init
                0x100009e4        0xc CMakeFiles/dcp_test.dir/home/tliao/git/pico-sdk/src/common/pico_sync/lock_core.c.o
                0x100009e4                lock_init
 .text.runtime_init_mutex
                0x100009f0       0x50 CMakeFiles/dcp_test.dir/home/tliao/git/pico-sdk/src/common/pico_sync/mutex.c.o
                0x100009f0                runtime_init_mutex
 .text.mutex_init
                0x10000a40       0x1c CMakeFiles/dcp_test.dir/home/tliao/git/pico-sdk/src/common/pico_sync/mutex.c.o
                0x10000a40                mutex_init
 .text.critical_section_init
                0x10000a5c       0x1c CMakeFiles/dcp_test.dir/home/tliao/git/pico-sdk/src/common/pico_sync/critical_section.c.o
                0x10000a5c                critical_section_init
 .text.critical_section_init_with_lock_num
                0x10000a78       0x10 CMakeFiles/dcp_test.dir/home/tliao/git/pico-sdk/src/common/pico_sync/critical_section.c.o
                0x10000a78                critical_section_init_with_lock_num
 .text.sleep_until_callback
                0x10000a88       0x3c CMakeFiles/dcp_test.dir/home/tliao/git/pico-sdk/src/common/pico_time/time.c.o
 *fill*         0x10000ac4        0x4 
 .text.alarm_pool_irq_handler
                0x10000ac8      0x2e0 CMakeFiles/dcp_test.dir/home/tliao/git/pico-sdk/src/common/pico_time/time.c.o
 .text.runtime_init_default_alarm_pool
                0x10000da8       0xa0 CMakeFiles/dcp_test.dir/home/tliao/git/pico-sdk/src/common/pico_time/time.c.o
                0x10000da8                runtime_init_default_alarm_pool
 .text.alarm_pool_get_default
                0x10000e48        0x8 CMakeFiles/dcp_test.dir/home/tliao/git/pico-sdk/src/common/pico_time/time.c.o
                0x10000e48                alarm_pool_get_default
 .text.alarm_pool_add_alarm_at_force_in_context
                0x10000e50       0xc8 CMakeFiles/dcp_test.dir/home/tliao/git/pico-sdk/src/common/pico_time/time.c.o
                0x10000e50                alarm_pool_add_alarm_at_force_in_context
 .text.alarm_pool_add_alarm_at
                0x10000f18       0x40 CMakeFiles/dcp_test.dir/home/tliao/git/pico-sdk/src/common/pico_time/time.c.o
                0x10000f18                alarm_pool_add_alarm_at
 .text.alarm_pool_cancel_alarm
                0x10000f58       0x80 CMakeFiles/dcp_test.dir/home/tliao/git/pico-sdk/src/common/pico_time/time.c.o
                0x10000f58                alarm_pool_cancel_alarm
 .text.alarm_pool_core_num
                0x10000fd8        0x4 CMakeFiles/dcp_test.dir/home/tliao/git/pico-sdk/src/common/pico_time/time.c.o
                0x10000fd8                alarm_pool_core_num
 .text.sleep_until
                0x10000fdc       0xbc CMakeFiles/dcp_test.dir/home/tliao/git/pico-sdk/src/common/pico_time/time.c.o
                0x10000fdc                sleep_until
 .text.sleep_ms
                0x10001098       0x2c CMakeFiles/dcp_test.dir/home/tliao/git/pico-sdk/src/common/pico_time/time.c.o
                0x10001098                sleep_ms
 .text.best_effort_wfe_or_timeout
                0x100010c4       0xd4 CMakeFiles/dcp_test.dir/home/tliao/git/pico-sdk/src/common/pico_time/time.c.o
                0x100010c4                best_effort_wfe_or_timeout
 .text.timer_hardware_alarm_claim
                0x10001198       0x24 CMakeFiles/dcp_test.dir/home/tliao/git/pico-sdk/src/rp2_common/hardware_timer/timer.c.o
                0x10001198                timer_hardware_alarm_claim
 .text.timer_time_us_64
                0x100011bc       0x10 CMakeFiles/dcp_test.dir/home/tliao/git/pico-sdk/src/rp2_common/hardware_timer/timer.c.o
                0x100011bc                timer_time_us_64
 .text.time_us_64
                0x100011cc       0x14 CMakeFiles/dcp_test.dir/home/tliao/git/pico-sdk/src/rp2_common/hardware_timer/timer.c.o
                0x100011cc                time_us_64
 .text.busy_wait_until
                0x100011e0       0x24 CMakeFiles/dcp_test.dir/home/tliao/git/pico-sdk/src/rp2_common/hardware_timer/timer.c.o
                0x100011e0                busy_wait_until
 .text.clock_configure_internal
                0x10001204       0xcc CMakeFiles/dcp_test.dir/home/tliao/git/pico-sdk/src/rp2_common/hardware_clocks/clocks.c.o
 .text.clock_configure_undivided
                0x100012d0       0x14 CMakeFiles/dcp_test.dir/home/tliao/git/pico-sdk/src/rp2_common/hardware_clocks/clocks.c.o
                0x100012d0                clock_configure_undivided
 .text.clock_get_hz
                0x100012e4        0xc CMakeFiles/dcp_test.dir/home/tliao/git/pico-sdk/src/rp2_common/hardware_clocks/clocks.c.o
                0x100012e4                clock_get_hz
 .text.pll_init
                0x100012f0       0x8c CMakeFiles/dcp_test.dir/home/tliao/git/pico-sdk/src/rp2_common/hardware_pll/pll.c.o
                0x100012f0                pll_init
 .text.watchdog_reboot
                0x1000137c       0x98 CMakeFiles/dcp_test.dir/home/tliao/git/pico-sdk/src/rp2_common/hardware_watchdog/watchdog.c.o
                0x1000137c                watchdog_reboot
 .text.tick_start
                0x10001414       0x18 CMakeFiles/dcp_test.dir/home/tliao/git/pico-sdk/src/rp2_common/hardware_ticks/ticks.c.o
                0x10001414                tick_start
 .text.rom_reboot.constprop.0.isra.0
                0x1000142c       0x34 CMakeFiles/dcp_test.dir/home/tliao/git/pico-sdk/src/rp2_common/pico_bootrom/bootrom.c.o
 .text.rom_func_lookup
                0x10001460       0x18 CMakeFiles/dcp_test.dir/home/tliao/git/pico-sdk/src/rp2_common/pico_bootrom/bootrom.c.o
                0x10001460                rom_func_lookup
 .text.rom_reset_usb_boot_extra
                0x10001478       0x1c CMakeFiles/dcp_test.dir/home/tliao/git/pico-sdk/src/rp2_common/pico_bootrom/bootrom.c.o
                0x10001478                rom_reset_usb_boot_extra
 .text.runtime_init_bootrom_locking_enable
                0x10001494       0x14 CMakeFiles/dcp_test.dir/home/tliao/git/pico-sdk/src/rp2_common/pico_bootrom/bootrom_lock.c.o
                0x10001494                runtime_init_bootrom_locking_enable
 .text.runtime_init_boot_locks_reset
                0x100014a8       0x1c CMakeFiles/dcp_test.dir/home/tliao/git/pico-sdk/src/rp2_common/hardware_boot_lock/boot_lock.c.o
                0x100014a8                runtime_init_boot_locks_reset
 .text.xosc_init
                0x100014c4       0x30 CMakeFiles/dcp_test.dir/home/tliao/git/pico-sdk/src/rp2_common/hardware_xosc/xosc.c.o
                0x100014c4                xosc_init
 .text.first_per_core_initializer
                0x100014f4        0x4 CMakeFiles/dcp_test.dir/home/tliao/git/pico-sdk/src/rp2_common/pico_runtime/runtime.c.o
 .text.hard_assertion_failure
                0x100014f8        0xc CMakeFiles/dcp_test.dir/home/tliao/git/pico-sdk/src/rp2_common/pico_runtime/runtime.c.o
                0x100014f8                hard_assertion_failure
 .text.runtime_run_initializers
                0x10001504       0x20 CMakeFiles/dcp_test.dir/home/tliao/git/pico-sdk/src/rp2_common/pico_runtime/runtime.c.o
                0x10001504                runtime_run_initializers
 .text.runtime_init_early_resets
                0x10001524       0x34 CMakeFiles/dcp_test.dir/home/tliao/git/pico-sdk/src/rp2_common/pico_runtime_init/runtime_init.c.o
                0x10001524                runtime_init_early_resets
 .text.runtime_init_usb_power_down
                0x10001558       0x1c CMakeFiles/dcp_test.dir/home/tliao/git/pico-sdk/src/rp2_common/pico_runtime_init/runtime_init.c.o
                0x10001558                runtime_init_usb_power_down
 .text.runtime_init_per_core_enable_coprocessors
                0x10001574       0x1c CMakeFiles/dcp_test.dir/home/tliao/git/pico-sdk/src/rp2_common/pico_runtime_init/runtime_init.c.o
                0x10001574                runtime_init_per_core_enable_coprocessors
 .text.runtime_init_post_clock_resets
                0x10001590       0x20 CMakeFiles/dcp_test.dir/home/tliao/git/pico-sdk/src/rp2_common/pico_runtime_init/runtime_init.c.o
                0x10001590                runtime_init_post_clock_resets
 .text.runtime_init_bootrom_reset
                0x100015b0       0x14 CMakeFiles/dcp_test.dir/home/tliao/git/pico-sdk/src/rp2_common/pico_runtime_init/runtime_init.c.o
                0x100015b0                runtime_init_bootrom_reset
 .text.runtime_init_per_core_bootrom_reset
                0x100015c4       0x14 CMakeFiles/dcp_test.dir/home/tliao/git/pico-sdk/src/rp2_common/pico_runtime_init/runtime_init.c.o
                0x100015c4                runtime_init_per_core_bootrom_reset
 .text.runtime_init_spin_locks_reset
                0x100015d8        0x4 CMakeFiles/dcp_test.dir/home/tliao/git/pico-sdk/src/rp2_common/pico_runtime_init/runtime_init.c.o
                0x100015d8                runtime_init_spin_locks_reset
 .text.runtime_init_install_ram_vector_table
                0x100015dc       0x20 CMakeFiles/dcp_test.dir/home/tliao/git/pico-sdk/src/rp2_common/pico_runtime_init/runtime_init.c.o
                0x100015dc                runtime_init_install_ram_vector_table
 .text.runtime_init_clocks
                0x100015fc       0xdc CMakeFiles/dcp_test.dir/home/tliao/git/pico-sdk/src/rp2_common/pico_runtime_init/runtime_init_clocks.c.o
                0x100015fc                runtime_init_clocks
 .text.__rp2350_dcp_engaged_state_save_restore
                0x100016d8       0x3a CMakeFiles/dcp_test.dir/home/tliao/git/pico-sdk/src/rp2_common/pico_double/double_aeabi_dcp.S.o
 *fill*         0x10001712        0x2 
 .text.__wrap___aeabi_dadd
                0x10001714       0x28 CMakeFiles/dcp_test.dir/home/tliao/git/pico-sdk/src/rp2_common/pico_double/double_aeabi_dcp.S.o
                0x1000171c                __wrap___aeabi_dadd
 .text.__wrap___aeabi_dsub
                0x1000173c       0x28 CMakeFiles/dcp_test.dir/home/tliao/git/pico-sdk/src/rp2_common/pico_double/double_aeabi_dcp.S.o
                0x10001744                __wrap___aeabi_dsub
 .text.__wrap___aeabi_dmul
                0x10001764       0x4c CMakeFiles/dcp_test.dir/home/tliao/git/pico-sdk/src/rp2_common/pico_double/double_aeabi_dcp.S.o
                0x1000176c                __wrap___aeabi_dmul
 .text.__wrap___aeabi_ddiv
                0x100017b0       0x9c CMakeFiles/dcp_test.dir/home/tliao/git/pico-sdk/src/rp2_common/pico_double/double_aeabi_dcp.S.o
                0x100017b8                __wrap___aeabi_ddiv
 .text.__wrap___aeabi_i2d
                0x1000184c       0x24 CMakeFiles/dcp_test.dir/home/tliao/git/pico-sdk/src/rp2_common/pico_double/double_aeabi_dcp.S.o
                0x10001854                __wrap___aeabi_i2d
                0x10001854                int2double
 .text.__wrap___aeabi_ui2d
                0x10001870       0x24 CMakeFiles/dcp_test.dir/home/tliao/git/pico-sdk/src/rp2_common/pico_double/double_aeabi_dcp.S.o
                0x10001878                __wrap___aeabi_ui2d
                0x10001878                uint2double
 .text.__wrap___aeabi_d2iz
                0x10001894       0x24 CMakeFiles/dcp_test.dir/home/tliao/git/pico-sdk/src/rp2_common/pico_double/double_aeabi_dcp.S.o
                0x1000189c                __wrap___aeabi_d2iz
                0x1000189c                double2int_z
 .text.__wrap___aeabi_d2uiz
                0x100018b8       0x24 CMakeFiles/dcp_test.dir/home/tliao/git/pico-sdk/src/rp2_common/pico_double/double_aeabi_dcp.S.o
                0x100018c0                double2uint_z
                0x100018c0                double2uint
                0x100018c0                __wrap___aeabi_d2uiz
 .text.__wrap___aeabi_dcmpun
                0x100018dc       0x24 CMakeFiles/dcp_test.dir/home/tliao/git/pico-sdk/src/rp2_common/pico_double/double_aeabi_dcp.S.o
                0x100018e4                __wrap___aeabi_dcmpun
 .text.__wrap___aeabi_dcmplt
                0x10001900       0x28 CMakeFiles/dcp_test.dir/home/tliao/git/pico-sdk/src/rp2_common/pico_double/double_aeabi_dcp.S.o
                0x10001908                __wrap___aeabi_dcmplt
 .text.__wrap___aeabi_dcmple
                0x10001928       0x28 CMakeFiles/dcp_test.dir/home/tliao/git/pico-sdk/src/rp2_common/pico_double/double_aeabi_dcp.S.o
                0x10001930                __wrap___aeabi_dcmple
 .text.__wrap___aeabi_dcmpge
                0x10001950       0x28 CMakeFiles/dcp_test.dir/home/tliao/git/pico-sdk/src/rp2_common/pico_double/double_aeabi_dcp.S.o
                0x10001958                __wrap___aeabi_dcmpge
 .text.__wrap___aeabi_dcmpgt
                0x10001978       0x28 CMakeFiles/dcp_test.dir/home/tliao/git/pico-sdk/src/rp2_common/pico_double/double_aeabi_dcp.S.o
                0x10001980                __wrap___aeabi_dcmpgt
 .text._out_null
                0x100019a0        0x4 CMakeFiles/dcp_test.dir/home/tliao/git/pico-sdk/src/rp2_common/pico_printf/printf.c.o
 .text._out_rev
                0x100019a4       0x9c CMakeFiles/dcp_test.dir/home/tliao/git/pico-sdk/src/rp2_common/pico_printf/printf.c.o
 .text._ntoa_format
                0x10001a40      0x1d4 CMakeFiles/dcp_test.dir/home/tliao/git/pico-sdk/src/rp2_common/pico_printf/printf.c.o
 .text._ntoa_long
                0x10001c14       0x94 CMakeFiles/dcp_test.dir/home/tliao/git/pico-sdk/src/rp2_common/pico_printf/printf.c.o
 .text._ntoa_long_long
                0x10001ca8       0xbc CMakeFiles/dcp_test.dir/home/tliao/git/pico-sdk/src/rp2_common/pico_printf/printf.c.o
 *fill*         0x10001d64        0x4 
 .text._etoa    0x10001d68      0x528 CMakeFiles/dcp_test.dir/home/tliao/git/pico-sdk/src/rp2_common/pico_printf/printf.c.o
 .text._ftoa    0x10002290      0x3e4 CMakeFiles/dcp_test.dir/home/tliao/git/pico-sdk/src/rp2_common/pico_printf/printf.c.o
 .text._out_char
                0x10002674        0x8 CMakeFiles/dcp_test.dir/home/tliao/git/pico-sdk/src/rp2_common/pico_printf/printf.c.o
 .text._out_fct
                0x1000267c        0xc CMakeFiles/dcp_test.dir/home/tliao/git/pico-sdk/src/rp2_common/pico_printf/printf.c.o
 .text._vsnprintf
                0x10002688      0x6c8 CMakeFiles/dcp_test.dir/home/tliao/git/pico-sdk/src/rp2_common/pico_printf/printf.c.o
 .text.vfctprintf
                0x10002d50       0x28 CMakeFiles/dcp_test.dir/home/tliao/git/pico-sdk/src/rp2_common/pico_printf/printf.c.o
                0x10002d50                vfctprintf
 .text.weak_raw_vprintf
                0x10002d78       0x30 CMakeFiles/dcp_test.dir/home/tliao/git/pico-sdk/src/rp2_common/pico_printf/printf.c.o
                0x10002d78                weak_raw_vprintf
 .text._exit    0x10002da8        0x4 CMakeFiles/dcp_test.dir/home/tliao/git/pico-sdk/src/rp2_common/pico_clib_interface/newlib_interface.c.o
                0x10002da8                _exit
 .text.exit     0x10002dac        0x8 CMakeFiles/dcp_test.dir/home/tliao/git/pico-sdk/src/rp2_common/pico_clib_interface/newlib_interface.c.o
                0x10002dac                exit
 .text.runtime_init
                0x10002db4       0x24 CMakeFiles/dcp_test.dir/home/tliao/git/pico-sdk/src/rp2_common/pico_clib_interface/newlib_interface.c.o
                0x10002db4                runtime_init
 .text.stdio_out_chars_no_crlf
                0x10002dd8        0x8 CMakeFiles/dcp_test.dir/home/tliao/git/pico-sdk/src/rp2_common/pico_stdio/stdio.c.o
 .text.stdio_out_chars_crlf
                0x10002de0       0xac CMakeFiles/dcp_test.dir/home/tliao/git/pico-sdk/src/rp2_common/pico_stdio/stdio.c.o
 .text.stdio_buffered_printer
                0x10002e8c       0x60 CMakeFiles/dcp_test.dir/home/tliao/git/pico-sdk/src/rp2_common/pico_stdio/stdio.c.o
 .text.stdio_put_string
                0x10002eec       0xc8 CMakeFiles/dcp_test.dir/home/tliao/git/pico-sdk/src/rp2_common/pico_stdio/stdio.c.o
                0x10002eec                stdio_put_string
 .text.stdio_set_driver_enabled
                0x10002fb4       0x28 CMakeFiles/dcp_test.dir/home/tliao/git/pico-sdk/src/rp2_common/pico_stdio/stdio.c.o
                0x10002fb4                stdio_set_driver_enabled
 .text.stdio_init_all
                0x10002fdc        0x4 CMakeFiles/dcp_test.dir/home/tliao/git/pico-sdk/src/rp2_common/pico_stdio/stdio.c.o
                0x10002fdc                stdio_init_all
 .text.__wrap_putchar
                0x10002fe0       0x20 CMakeFiles/dcp_test.dir/home/tliao/git/pico-sdk/src/rp2_common/pico_stdio/stdio.c.o
                0x10002fe0                stdio_putchar
                0x10002fe0                __wrap_putchar
 .text.__wrap_puts
                0x10003000       0x30 CMakeFiles/dcp_test.dir/home/tliao/git/pico-sdk/src/rp2_common/pico_stdio/stdio.c.o
                0x10003000                __wrap_puts
                0x10003000                stdio_puts
 .text.__wrap_vprintf
                0x10003030       0xc0 CMakeFiles/dcp_test.dir/home/tliao/git/pico-sdk/src/rp2_common/pico_stdio/stdio.c.o
                0x10003030                __wrap_vprintf
                0x10003030                stdio_vprintf
 .text.__wrap_printf
                0x100030f0       0x1c CMakeFiles/dcp_test.dir/home/tliao/git/pico-sdk/src/rp2_common/pico_stdio/stdio.c.o
                0x100030f0                stdio_printf
                0x100030f0                __wrap_printf
 .text.resetd_init
                0x1000310c        0x4 CMakeFiles/dcp_test.dir/home/tliao/git/pico-sdk/src/rp2_common/pico_stdio_usb/reset_interface.c.o
 .text.resetd_reset
                0x10003110        0xc CMakeFiles/dcp_test.dir/home/tliao/git/pico-sdk/src/rp2_common/pico_stdio_usb/reset_interface.c.o
 .text.resetd_open
                0x1000311c       0x28 CMakeFiles/dcp_test.dir/home/tliao/git/pico-sdk/src/rp2_common/pico_stdio_usb/reset_interface.c.o
 .text.resetd_xfer_cb
                0x10003144        0x4 CMakeFiles/dcp_test.dir/home/tliao/git/pico-sdk/src/rp2_common/pico_stdio_usb/reset_interface.c.o
 .text.resetd_control_xfer_cb
                0x10003148       0x50 CMakeFiles/dcp_test.dir/home/tliao/git/pico-sdk/src/rp2_common/pico_stdio_usb/reset_interface.c.o
 .text.tud_descriptor_bos_cb
                0x10003198        0x8 CMakeFiles/dcp_test.dir/home/tliao/git/pico-sdk/src/rp2_common/pico_stdio_usb/reset_interface.c.o
                0x10003198                tud_descriptor_bos_cb
 .text.tud_vendor_control_xfer_cb
                0x100031a0       0x28 CMakeFiles/dcp_test.dir/home/tliao/git/pico-sdk/src/rp2_common/pico_stdio_usb/reset_interface.c.o
                0x100031a0                tud_vendor_control_xfer_cb
 .text.usbd_app_driver_get_cb
                0x100031c8       0x10 CMakeFiles/dcp_test.dir/home/tliao/git/pico-sdk/src/rp2_common/pico_stdio_usb/reset_interface.c.o
                0x100031c8                usbd_app_driver_get_cb
 .text.tud_cdc_line_coding_cb
                0x100031d8       0x18 CMakeFiles/dcp_test.dir/home/tliao/git/pico-sdk/src/rp2_common/pico_stdio_usb/reset_interface.c.o
                0x100031d8                tud_cdc_line_coding_cb
 .text.stdio_usb_set_chars_available_callback
                0x100031f0       0x14 CMakeFiles/dcp_test.dir/home/tliao/git/pico-sdk/src/rp2_common/pico_stdio_usb/stdio_usb.c.o
                0x100031f0                stdio_usb_set_chars_available_callback
 .text.usb_irq  0x10003204        0xc CMakeFiles/dcp_test.dir/home/tliao/git/pico-sdk/src/rp2_common/pico_stdio_usb/stdio_usb.c.o
 .text.stdio_usb_in_chars
                0x10003210       0x88 CMakeFiles/dcp_test.dir/home/tliao/git/pico-sdk/src/rp2_common/pico_stdio_usb/stdio_usb.c.o
                0x10003210                stdio_usb_in_chars
 .text.stdio_usb_out_flush
                0x10003298       0x54 CMakeFiles/dcp_test.dir/home/tliao/git/pico-sdk/src/rp2_common/pico_stdio_usb/stdio_usb.c.o
 .text.stdio_usb_out_chars
                0x100032ec       0xf4 CMakeFiles/dcp_test.dir/home/tliao/git/pico-sdk/src/rp2_common/pico_stdio_usb/stdio_usb.c.o
 .text.low_priority_worker_irq
                0x100033e0       0xd8 CMakeFiles/dcp_test.dir/home/tliao/git/pico-sdk/src/rp2_common/pico_stdio_usb/stdio_usb.c.o
 .text.timer_task
                0x100034b8       0x78 CMakeFiles/dcp_test.dir/home/tliao/git/pico-sdk/src/rp2_common/pico_stdio_usb/stdio_usb.c.o
 .text.stdio_usb_init
                0x10003530       0xe8 CMakeFiles/dcp_test.dir/home/tliao/git/pico-sdk/src/rp2_common/pico_stdio_usb/stdio_usb.c.o
                0x10003530                stdio_usb_init
 .text.tud_descriptor_device_cb
                0x10003618        0x8 CMakeFiles/dcp_test.dir/home/tliao/git/pico-sdk/src/rp2_common/pico_stdio_usb/stdio_usb_descriptors.c.o
                0x10003618                tud_descriptor_device_cb
 .text.tud_descriptor_configuration_cb
                0x10003620        0x8 CMakeFiles/dcp_test.dir/home/tliao/git/pico-sdk/src/rp2_common/pico_stdio_usb/stdio_usb_descriptors.c.o
                0x10003620                tud_descriptor_configuration_cb
 .text.tud_descriptor_string_cb
                0x10003628       0x70 CMakeFiles/dcp_test.dir/home/tliao/git/pico-sdk/src/rp2_common/pico_stdio_usb/stdio_usb_descriptors.c.o
                0x10003628                tud_descriptor_string_cb
 .text.startup._retrieve_unique_id_on_boot
                0x10003698       0x30 CMakeFiles/dcp_test.dir/home/tliao/git/pico-sdk/src/rp2_common/pico_unique_id/unique_id.c.o
 .text.pico_get_unique_board_id_string
                0x100036c8       0x58 CMakeFiles/dcp_test.dir/home/tliao/git/pico-sdk/src/rp2_common/pico_unique_id/unique_id.c.o
                0x100036c8                pico_get_unique_board_id_string
 .text.hw_endpoint_init
                0x10003720       0x88 CMakeFiles/dcp_test.dir/home/tliao/git/pico-sdk/lib/tinyusb/src/portable/raspberrypi/rp2040/dcd_rp2040.c.o
 .text.dcd_init
                0x100037a8       0x8c CMakeFiles/dcp_test.dir/home/tliao/git/pico-sdk/lib/tinyusb/src/portable/raspberrypi/rp2040/dcd_rp2040.c.o
                0x100037a8                dcd_init
 .text.dcd_int_enable
                0x10003834        0x8 CMakeFiles/dcp_test.dir/home/tliao/git/pico-sdk/lib/tinyusb/src/portable/raspberrypi/rp2040/dcd_rp2040.c.o
                0x10003834                dcd_int_enable
 .text.dcd_set_address
                0x1000383c       0x10 CMakeFiles/dcp_test.dir/home/tliao/git/pico-sdk/lib/tinyusb/src/portable/raspberrypi/rp2040/dcd_rp2040.c.o
                0x1000383c                dcd_set_address
 .text.dcd_sof_enable
                0x1000384c       0x1c CMakeFiles/dcp_test.dir/home/tliao/git/pico-sdk/lib/tinyusb/src/portable/raspberrypi/rp2040/dcd_rp2040.c.o
                0x1000384c                dcd_sof_enable
 .text.dcd_edpt0_status_complete
                0x10003868       0x1c CMakeFiles/dcp_test.dir/home/tliao/git/pico-sdk/lib/tinyusb/src/portable/raspberrypi/rp2040/dcd_rp2040.c.o
                0x10003868                dcd_edpt0_status_complete
 .text.dcd_edpt_open
                0x10003884       0x90 CMakeFiles/dcp_test.dir/home/tliao/git/pico-sdk/lib/tinyusb/src/portable/raspberrypi/rp2040/dcd_rp2040.c.o
                0x10003884                dcd_edpt_open
 .text.dcd_edpt_close_all
                0x10003914        0x4 CMakeFiles/dcp_test.dir/home/tliao/git/pico-sdk/lib/tinyusb/src/portable/raspberrypi/rp2040/dcd_rp2040.c.o
                0x10003914                dcd_edpt_close_all
 .text.dcd_edpt_xfer
                0x10003918       0x28 CMakeFiles/dcp_test.dir/home/tliao/git/pico-sdk/lib/tinyusb/src/portable/raspberrypi/rp2040/dcd_rp2040.c.o
                0x10003918                dcd_edpt_xfer
 .text.dcd_edpt_stall
                0x10003940       0x30 CMakeFiles/dcp_test.dir/home/tliao/git/pico-sdk/lib/tinyusb/src/portable/raspberrypi/rp2040/dcd_rp2040.c.o
                0x10003940                dcd_edpt_stall
 .text.dcd_edpt_clear_stall
                0x10003970       0x24 CMakeFiles/dcp_test.dir/home/tliao/git/pico-sdk/lib/tinyusb/src/portable/raspberrypi/rp2040/dcd_rp2040.c.o
                0x10003970                dcd_edpt_clear_stall
 .text.rp2040_usb_init
                0x10003994       0x40 CMakeFiles/dcp_test.dir/home/tliao/git/pico-sdk/lib/tinyusb/src/portable/raspberrypi/rp2040/rp2040_usb.c.o
                0x10003994                rp2040_usb_init
 .text.hw_endpoint_xfer_start
                0x100039d4       0x40 CMakeFiles/dcp_test.dir/home/tliao/git/pico-sdk/lib/tinyusb/src/portable/raspberrypi/rp2040/rp2040_usb.c.o
                0x100039d4                hw_endpoint_xfer_start
 .text.configuration_reset
                0x10003a14       0x8c CMakeFiles/dcp_test.dir/home/tliao/git/pico-sdk/lib/tinyusb/src/device/usbd.c.o
 .text.tud_event_hook_cb
                0x10003aa0        0x4 CMakeFiles/dcp_test.dir/home/tliao/git/pico-sdk/lib/tinyusb/src/device/usbd.c.o
                0x10003aa0                tud_event_hook_cb
 .text.tud_sof_cb
                0x10003aa4        0x4 CMakeFiles/dcp_test.dir/home/tliao/git/pico-sdk/lib/tinyusb/src/device/usbd.c.o
                0x10003aa4                tud_sof_cb
 .text.tud_descriptor_device_qualifier_cb
                0x10003aa8        0x4 CMakeFiles/dcp_test.dir/home/tliao/git/pico-sdk/lib/tinyusb/src/device/usbd.c.o
                0x10003aa8                tud_descriptor_device_qualifier_cb
 .text.tud_descriptor_other_speed_configuration_cb
                0x10003aac        0x4 CMakeFiles/dcp_test.dir/home/tliao/git/pico-sdk/lib/tinyusb/src/device/usbd.c.o
                0x10003aac                tud_descriptor_other_speed_configuration_cb
 .text.tud_mount_cb
                0x10003ab0        0x4 CMakeFiles/dcp_test.dir/home/tliao/git/pico-sdk/lib/tinyusb/src/device/usbd.c.o
                0x10003ab0                tud_mount_cb
 .text.tud_umount_cb
                0x10003ab4        0x4 CMakeFiles/dcp_test.dir/home/tliao/git/pico-sdk/lib/tinyusb/src/device/usbd.c.o
                0x10003ab4                tud_umount_cb
 .text.tud_suspend_cb
                0x10003ab8        0x4 CMakeFiles/dcp_test.dir/home/tliao/git/pico-sdk/lib/tinyusb/src/device/usbd.c.o
                0x10003ab8                tud_suspend_cb
 .text.tud_resume_cb
                0x10003abc        0x4 CMakeFiles/dcp_test.dir/home/tliao/git/pico-sdk/lib/tinyusb/src/device/usbd.c.o
                0x10003abc                tud_resume_cb
 .text.tud_mounted
                0x10003ac0       0x10 CMakeFiles/dcp_test.dir/home/tliao/git/pico-sdk/lib/tinyusb/src/device/usbd.c.o
                0x10003ac0                tud_mounted
 .text.tud_suspended
                0x10003ad0       0x10 CMakeFiles/dcp_test.dir/home/tliao/git/pico-sdk/lib/tinyusb/src/device/usbd.c.o
                0x10003ad0                tud_suspended
 .text.tud_rhport_init
                0x10003ae0       0xf4 CMakeFiles/dcp_test.dir/home/tliao/git/pico-sdk/lib/tinyusb/src/device/usbd.c.o
                0x10003ae0                tud_rhport_init
 .text.tud_task_ext
                0x10003bd4      0x784 CMakeFiles/dcp_test.dir/home/tliao/git/pico-sdk/lib/tinyusb/src/device/usbd.c.o
                0x10003bd4                tud_task_ext
 .text.usbd_edpt_open
                0x10004358       0x44 CMakeFiles/dcp_test.dir/home/tliao/git/pico-sdk/lib/tinyusb/src/device/usbd.c.o
                0x10004358                usbd_edpt_open
 .text.usbd_open_edpt_pair
                0x1000439c       0x68 CMakeFiles/dcp_test.dir/home/tliao/git/pico-sdk/lib/tinyusb/src/device/usbd.c.o
                0x1000439c                usbd_open_edpt_pair
 .text.usbd_edpt_claim
                0x10004404       0x24 CMakeFiles/dcp_test.dir/home/tliao/git/pico-sdk/lib/tinyusb/src/device/usbd.c.o
                0x10004404                usbd_edpt_claim
 .text.usbd_edpt_release
                0x10004428       0x24 CMakeFiles/dcp_test.dir/home/tliao/git/pico-sdk/lib/tinyusb/src/device/usbd.c.o
                0x10004428                usbd_edpt_release
 .text.usbd_edpt_xfer
                0x1000444c       0x70 CMakeFiles/dcp_test.dir/home/tliao/git/pico-sdk/lib/tinyusb/src/device/usbd.c.o
                0x1000444c                usbd_edpt_xfer
 .text.data_stage_xact
                0x100044bc       0x84 CMakeFiles/dcp_test.dir/home/tliao/git/pico-sdk/lib/tinyusb/src/device/usbd_control.c.o
 .text.tud_control_status
                0x10004540       0x34 CMakeFiles/dcp_test.dir/home/tliao/git/pico-sdk/lib/tinyusb/src/device/usbd_control.c.o
                0x10004540                tud_control_status
 .text.tud_control_xfer
                0x10004574       0x68 CMakeFiles/dcp_test.dir/home/tliao/git/pico-sdk/lib/tinyusb/src/device/usbd_control.c.o
                0x10004574                tud_control_xfer
 .text.usbd_control_reset
                0x100045dc       0x14 CMakeFiles/dcp_test.dir/home/tliao/git/pico-sdk/lib/tinyusb/src/device/usbd_control.c.o
                0x100045dc                usbd_control_reset
 .text.usbd_control_set_complete_callback
                0x100045f0        0xc CMakeFiles/dcp_test.dir/home/tliao/git/pico-sdk/lib/tinyusb/src/device/usbd_control.c.o
                0x100045f0                usbd_control_set_complete_callback
 .text.usbd_control_set_request
                0x100045fc       0x1c CMakeFiles/dcp_test.dir/home/tliao/git/pico-sdk/lib/tinyusb/src/device/usbd_control.c.o
                0x100045fc                usbd_control_set_request
 .text.usbd_control_xfer_cb
                0x10004618       0xb8 CMakeFiles/dcp_test.dir/home/tliao/git/pico-sdk/lib/tinyusb/src/device/usbd_control.c.o
                0x10004618                usbd_control_xfer_cb
 .text._prep_out_transaction.isra.0
                0x100046d0       0x74 CMakeFiles/dcp_test.dir/home/tliao/git/pico-sdk/lib/tinyusb/src/class/cdc/cdc_device.c.o
 .text.tud_cdc_n_connected
                0x10004744       0x2c CMakeFiles/dcp_test.dir/home/tliao/git/pico-sdk/lib/tinyusb/src/class/cdc/cdc_device.c.o
                0x10004744                tud_cdc_n_connected
 .text.tud_cdc_n_available
                0x10004770       0x14 CMakeFiles/dcp_test.dir/home/tliao/git/pico-sdk/lib/tinyusb/src/class/cdc/cdc_device.c.o
                0x10004770                tud_cdc_n_available
 .text.tud_cdc_n_read
                0x10004784       0x30 CMakeFiles/dcp_test.dir/home/tliao/git/pico-sdk/lib/tinyusb/src/class/cdc/cdc_device.c.o
                0x10004784                tud_cdc_n_read
 .text.tud_cdc_n_write_flush
                0x100047b4       0x8c CMakeFiles/dcp_test.dir/home/tliao/git/pico-sdk/lib/tinyusb/src/class/cdc/cdc_device.c.o
                0x100047b4                tud_cdc_n_write_flush
 .text.tud_cdc_n_write
                0x10004840       0x40 CMakeFiles/dcp_test.dir/home/tliao/git/pico-sdk/lib/tinyusb/src/class/cdc/cdc_device.c.o
                0x10004840                tud_cdc_n_write
 .text.tud_cdc_n_write_available
                0x10004880       0x14 CMakeFiles/dcp_test.dir/home/tliao/git/pico-sdk/lib/tinyusb/src/class/cdc/cdc_device.c.o
                0x10004880                tud_cdc_n_write_available
 .text.cdcd_init
                0x10004894       0x70 CMakeFiles/dcp_test.dir/home/tliao/git/pico-sdk/lib/tinyusb/src/class/cdc/cdc_device.c.o
                0x10004894                cdcd_init
 .text.cdcd_deinit
                0x10004904       0x24 CMakeFiles/dcp_test.dir/home/tliao/git/pico-sdk/lib/tinyusb/src/class/cdc/cdc_device.c.o
                0x10004904                cdcd_deinit
 .text.cdcd_reset
                0x10004928       0x4c CMakeFiles/dcp_test.dir/home/tliao/git/pico-sdk/lib/tinyusb/src/class/cdc/cdc_device.c.o
                0x10004928                cdcd_reset
 .text.cdcd_open
                0x10004974       0xb8 CMakeFiles/dcp_test.dir/home/tliao/git/pico-sdk/lib/tinyusb/src/class/cdc/cdc_device.c.o
                0x10004974                cdcd_open
 .text.cdcd_control_xfer_cb
                0x10004a2c       0xc0 CMakeFiles/dcp_test.dir/home/tliao/git/pico-sdk/lib/tinyusb/src/class/cdc/cdc_device.c.o
                0x10004a2c                cdcd_control_xfer_cb
 .text.cdcd_xfer_cb
                0x10004aec       0xf8 CMakeFiles/dcp_test.dir/home/tliao/git/pico-sdk/lib/tinyusb/src/class/cdc/cdc_device.c.o
                0x10004aec                cdcd_xfer_cb
 .text.vendord_init
                0x10004be4       0x5c CMakeFiles/dcp_test.dir/home/tliao/git/pico-sdk/lib/tinyusb/src/class/vendor/vendor_device.c.o
                0x10004be4                vendord_init
 .text.vendord_deinit
                0x10004c40       0x1c CMakeFiles/dcp_test.dir/home/tliao/git/pico-sdk/lib/tinyusb/src/class/vendor/vendor_device.c.o
                0x10004c40                vendord_deinit
 .text.vendord_reset
                0x10004c5c       0x24 CMakeFiles/dcp_test.dir/home/tliao/git/pico-sdk/lib/tinyusb/src/class/vendor/vendor_device.c.o
                0x10004c5c                vendord_reset
 .text.vendord_open
                0x10004c80       0xf4 CMakeFiles/dcp_test.dir/home/tliao/git/pico-sdk/lib/tinyusb/src/class/vendor/vendor_device.c.o
                0x10004c80                vendord_open
 .text.vendord_xfer_cb
                0x10004d74       0x88 CMakeFiles/dcp_test.dir/home/tliao/git/pico-sdk/lib/tinyusb/src/class/vendor/vendor_device.c.o
                0x10004d74                vendord_xfer_cb
 .text.tusb_rhport_init
                0x10004dfc       0x64 CMakeFiles/dcp_test.dir/home/tliao/git/pico-sdk/lib/tinyusb/src/tusb.c.o
                0x10004dfc                tusb_rhport_init
 .text.tu_edpt_claim
                0x10004e60       0x54 CMakeFiles/dcp_test.dir/home/tliao/git/pico-sdk/lib/tinyusb/src/tusb.c.o
                0x10004e60                tu_edpt_claim
 .text.tu_edpt_release
                0x10004eb4       0x38 CMakeFiles/dcp_test.dir/home/tliao/git/pico-sdk/lib/tinyusb/src/tusb.c.o
                0x10004eb4                tu_edpt_release
 .text.tu_edpt_validate
                0x10004eec       0x60 CMakeFiles/dcp_test.dir/home/tliao/git/pico-sdk/lib/tinyusb/src/tusb.c.o
                0x10004eec                tu_edpt_validate
 .text.tu_edpt_bind_driver
                0x10004f4c       0x54 CMakeFiles/dcp_test.dir/home/tliao/git/pico-sdk/lib/tinyusb/src/tusb.c.o
                0x10004f4c                tu_edpt_bind_driver
 .text.tu_edpt_stream_init
                0x10004fa0       0x58 CMakeFiles/dcp_test.dir/home/tliao/git/pico-sdk/lib/tinyusb/src/tusb.c.o
                0x10004fa0                tu_edpt_stream_init
 .text.tu_edpt_stream_deinit
                0x10004ff8        0x4 CMakeFiles/dcp_test.dir/home/tliao/git/pico-sdk/lib/tinyusb/src/tusb.c.o
                0x10004ff8                tu_edpt_stream_deinit
 .text.tu_edpt_stream_write_zlp_if_needed
                0x10004ffc       0x68 CMakeFiles/dcp_test.dir/home/tliao/git/pico-sdk/lib/tinyusb/src/tusb.c.o
                0x10004ffc                tu_edpt_stream_write_zlp_if_needed
 .text.tu_edpt_stream_write_xfer
                0x10005064       0x70 CMakeFiles/dcp_test.dir/home/tliao/git/pico-sdk/lib/tinyusb/src/tusb.c.o
                0x10005064                tu_edpt_stream_write_xfer
 .text.tu_edpt_stream_read_xfer
                0x100050d4       0xc4 CMakeFiles/dcp_test.dir/home/tliao/git/pico-sdk/lib/tinyusb/src/tusb.c.o
                0x100050d4                tu_edpt_stream_read_xfer
 .text._tu_fifo_peek
                0x10005198       0x58 CMakeFiles/dcp_test.dir/home/tliao/git/pico-sdk/lib/tinyusb/src/common/tusb_fifo.c.o
 .text._tu_fifo_peek_n.constprop.0
                0x100051f0       0x98 CMakeFiles/dcp_test.dir/home/tliao/git/pico-sdk/lib/tinyusb/src/common/tusb_fifo.c.o
 .text.tu_fifo_config
                0x10005288       0x60 CMakeFiles/dcp_test.dir/home/tliao/git/pico-sdk/lib/tinyusb/src/common/tusb_fifo.c.o
                0x10005288                tu_fifo_config
 .text.tu_fifo_count
                0x100052e8       0x20 CMakeFiles/dcp_test.dir/home/tliao/git/pico-sdk/lib/tinyusb/src/common/tusb_fifo.c.o
                0x100052e8                tu_fifo_count
 .text.tu_fifo_empty
                0x10005308       0x14 CMakeFiles/dcp_test.dir/home/tliao/git/pico-sdk/lib/tinyusb/src/common/tusb_fifo.c.o
                0x10005308                tu_fifo_empty
 .text.tu_fifo_remaining
                0x1000531c       0x24 CMakeFiles/dcp_test.dir/home/tliao/git/pico-sdk/lib/tinyusb/src/common/tusb_fifo.c.o
                0x1000531c                tu_fifo_remaining
 .text.tu_fifo_read
                0x10005340       0x50 CMakeFiles/dcp_test.dir/home/tliao/git/pico-sdk/lib/tinyusb/src/common/tusb_fifo.c.o
                0x10005340                tu_fifo_read
 .text.tu_fifo_read_n
                0x10005390       0x5c CMakeFiles/dcp_test.dir/home/tliao/git/pico-sdk/lib/tinyusb/src/common/tusb_fifo.c.o
                0x10005390                tu_fifo_read_n
 .text.tu_fifo_write
                0x100053ec       0xa4 CMakeFiles/dcp_test.dir/home/tliao/git/pico-sdk/lib/tinyusb/src/common/tusb_fifo.c.o
                0x100053ec                tu_fifo_write
 .text.tu_fifo_write_n
                0x10005490      0x164 CMakeFiles/dcp_test.dir/home/tliao/git/pico-sdk/lib/tinyusb/src/common/tusb_fifo.c.o
                0x10005490                tu_fifo_write_n
 .text.tu_fifo_clear
                0x100055f4       0x38 CMakeFiles/dcp_test.dir/home/tliao/git/pico-sdk/lib/tinyusb/src/common/tusb_fifo.c.o
                0x100055f4                tu_fifo_clear
 .text.tu_fifo_set_overwritable
                0x1000562c       0x3c CMakeFiles/dcp_test.dir/home/tliao/git/pico-sdk/lib/tinyusb/src/common/tusb_fifo.c.o
                0x1000562c                tu_fifo_set_overwritable
 .text.memset   0x10005668       0x9c /opt/st/stm32cubeclt_1.21.0/GNU-tools-for-STM32/bin/../lib/gcc/arm-none-eabi/14.3.1/../../../../arm-none-eabi/lib/thumb/v8-m.main+fp/softfp/libg.a(libc_a-memset.o)
                0x10005668                memset
 .text          0x10005704       0xec /opt/st/stm32cubeclt_1.21.0/GNU-tools-for-STM32/bin/../lib/gcc/arm-none-eabi/14.3.1/../../../../arm-none-eabi/lib/thumb/v8-m.main+fp/softfp/libg.a(libc_a-memcpy.o)
                0x10005704                memcpy
 .text.strlen   0x100057f0       0x5c /opt/st/stm32cubeclt_1.21.0/GNU-tools-for-STM32/bin/../lib/gcc/arm-none-eabi/14.3.1/../../../../arm-none-eabi/lib/thumb/v8-m.main+fp/softfp/libg.a(libc_a-strlen-stub.o)
                0x100057f0                strlen
 *(.fini)
 .fini          0x1000584c        0x4 /opt/st/stm32cubeclt_1.21.0/GNU-tools-for-STM32/bin/../lib/gcc/arm-none-eabi/14.3.1/thumb/v8-m.main+fp/softfp/crti.o
                0x1000584c                _fini
 .fini.__stub   0x10005850       0x50 linker stubs
 *crtbegin.o(.ctors)
 *crtbegin?.o(.ctors)
 *(EXCLUDE_FILE(*crtend.o *crtend?.o) .ctors)
 *(SORT_BY_NAME(.ctors.*))
 *(.ctors)
 *crtbegin.o(.dtors)
 *crtbegin?.o(.dtors)
 *(EXCLUDE_FILE(*crtend.o *crtend?.o) .dtors)
 *(SORT_BY_NAME(.dtors.*))
 *(.dtors)
                0x100058a0                        . = ALIGN (0x4)
                0x100058a0                        PROVIDE (__preinit_array_start = .)
 *(SORT_BY_NAME(.preinit_array.*))
 .preinit_array.00050
                0x100058a0        0x4 CMakeFiles/dcp_test.dir/home/tliao/git/pico-sdk/src/rp2_common/pico_runtime_init/runtime_init.c.o
                0x100058a0                __pre_init_runtime_init_bootrom_reset
 .preinit_array.00100
                0x100058a4        0x4 CMakeFiles/dcp_test.dir/home/tliao/git/pico-sdk/src/rp2_common/pico_runtime_init/runtime_init.c.o
                0x100058a4                __pre_init_runtime_init_early_resets
 .preinit_array.00101
                0x100058a8        0x4 CMakeFiles/dcp_test.dir/home/tliao/git/pico-sdk/src/rp2_common/pico_runtime_init/runtime_init.c.o
                0x100058a8                __pre_init_runtime_init_usb_power_down
 .preinit_array.00500
                0x100058ac        0x4 CMakeFiles/dcp_test.dir/home/tliao/git/pico-sdk/src/rp2_common/pico_runtime_init/runtime_init.c.o
                0x100058ac                __pre_init_runtime_init_clocks
 .preinit_array.00600
                0x100058b0        0x4 CMakeFiles/dcp_test.dir/home/tliao/git/pico-sdk/src/rp2_common/pico_runtime_init/runtime_init.c.o
                0x100058b0                __pre_init_runtime_init_post_clock_resets
 .preinit_array.01000
                0x100058b4        0x4 CMakeFiles/dcp_test.dir/home/tliao/git/pico-sdk/src/rp2_common/hardware_boot_lock/boot_lock.c.o
                0x100058b4                __pre_init_runtime_init_boot_locks_reset
 .preinit_array.01000
                0x100058b8        0x4 CMakeFiles/dcp_test.dir/home/tliao/git/pico-sdk/src/rp2_common/pico_runtime_init/runtime_init.c.o
                0x100058b8                __pre_init_runtime_init_spin_locks_reset
 .preinit_array.01010
                0x100058bc        0x4 CMakeFiles/dcp_test.dir/home/tliao/git/pico-sdk/src/rp2_common/pico_bootrom/bootrom_lock.c.o
                0x100058bc                __pre_init_runtime_init_bootrom_locking_enable
 .preinit_array.01100
                0x100058c0        0x4 CMakeFiles/dcp_test.dir/home/tliao/git/pico-sdk/src/common/pico_sync/mutex.c.o
                0x100058c0                __pre_init_runtime_init_mutex
 .preinit_array.10080
                0x100058c4        0x4 CMakeFiles/dcp_test.dir/home/tliao/git/pico-sdk/src/rp2_common/pico_runtime_init/runtime_init.c.o
                0x100058c4                __pre_init_runtime_init_install_ram_vector_table
 .preinit_array.11000
                0x100058c8        0x4 CMakeFiles/dcp_test.dir/home/tliao/git/pico-sdk/src/common/pico_time/time.c.o
                0x100058c8                __pre_init_runtime_init_default_alarm_pool
 .preinit_array.YYYYY
                0x100058cc        0x4 CMakeFiles/dcp_test.dir/home/tliao/git/pico-sdk/src/rp2_common/pico_runtime/runtime.c.o
                0x100058cc                __pre_init_first_per_core_initializer
 .preinit_array.ZZZZZ.00051
                0x100058d0        0x4 CMakeFiles/dcp_test.dir/home/tliao/git/pico-sdk/src/rp2_common/pico_runtime_init/runtime_init.c.o
                0x100058d0                __pre_init_runtime_init_per_core_bootrom_reset
 .preinit_array.ZZZZZ.00200
                0x100058d4        0x4 CMakeFiles/dcp_test.dir/home/tliao/git/pico-sdk/src/rp2_common/pico_runtime_init/runtime_init.c.o
                0x100058d4                __pre_init_runtime_init_per_core_enable_coprocessors
 .preinit_array.ZZZZZ.01000
                0x100058d8        0x4 CMakeFiles/dcp_test.dir/home/tliao/git/pico-sdk/src/rp2_common/hardware_sync_spin_lock/sync_spin_lock.c.o
                0x100058d8                __pre_init_spinlock_set_extexclall
 .preinit_array.ZZZZZ.01200
                0x100058dc        0x4 CMakeFiles/dcp_test.dir/home/tliao/git/pico-sdk/src/rp2_common/hardware_irq/irq.c.o
                0x100058dc                __pre_init_runtime_init_per_core_irq_priorities
 *(.preinit_array)
                0x100058e0                        PROVIDE (__preinit_array_end = .)
                0x100058e0                        . = ALIGN (0x4)
                0x100058e0                        PROVIDE (__init_array_start = .)
 *(SORT_BY_NAME(.init_array.*))
 *(.init_array)
 .init_array    0x100058e0        0x4 /opt/st/stm32cubeclt_1.21.0/GNU-tools-for-STM32/bin/../lib/gcc/arm-none-eabi/14.3.1/thumb/v8-m.main+fp/softfp/crtbegin.o
 .init_array    0x100058e4        0x4 CMakeFiles/dcp_test.dir/home/tliao/git/pico-sdk/src/rp2_common/pico_unique_id/unique_id.c.o
                0x100058e8                        PROVIDE (__init_array_end = .)
                0x100058e8                        . = ALIGN (0x4)
                [!provide]                        PROVIDE (__fini_array_start = .)
 *(SORT_BY_NAME(.fini_array.*))
 *(.fini_array)
                [!provide]                        PROVIDE (__fini_array_end = .)
 *(.eh_frame*)
 .eh_frame      0x100058e8        0x0 /opt/st/stm32cubeclt_1.21.0/GNU-tools-for-STM32/bin/../lib/gcc/arm-none-eabi/14.3.1/thumb/v8-m.main+fp/softfp/crtbegin.o
                0x100058e8                        . = ALIGN (0x4)

.glue_7         0x100058e8        0x0
 .glue_7        0x100058e8        0x0 linker stubs

.glue_7t        0x100058e8        0x0
 .glue_7t       0x100058e8        0x0 linker stubs

.vfp11_veneer   0x100058e8        0x0
 .vfp11_veneer  0x100058e8        0x0 linker stubs

.v4_bx          0x100058e8        0x0
 .v4_bx         0x100058e8        0x0 linker stubs

.iplt           0x100058e8        0x0
 .iplt          0x100058e8        0x0 /opt/st/stm32cubeclt_1.21.0/GNU-tools-for-STM32/bin/../lib/gcc/arm-none-eabi/14.3.1/thumb/v8-m.main+fp/softfp/crtbegin.o

.boot2          0x100058e8        0x0
                0x100058e8                        __boot2_start__ = .
 *(.boot2)
                0x100058e8                        __boot2_end__ = .
                0x00000001                        ASSERT (((__boot2_end__ - __boot2_start__) <= 0x100), ERROR: Pico second stage bootloader must be no more than 256 bytes in size)

.rodata         0x100058e8      0x79c
 *(EXCLUDE_FILE(*libm.a: *libc.a:*lib_a-mem*.o *libgcc.a:) .rodata*)
 .rodata.main.str1.4
                0x100058e8      0x524 CMakeFiles/dcp_test.dir/dcp_test_main.c.o
                                0x396 (size before relaxing)
 .rodata.str1.4
                0x10005e0c       0x20 CMakeFiles/dcp_test.dir/dcp_test_main.c.o
 .rodata.__bi_133
                0x10005e0c        0xc CMakeFiles/dcp_test.dir/dcp_test_main.c.o
 .rodata.__bi_132
                0x10005e18        0xc CMakeFiles/dcp_test.dir/dcp_test_main.c.o
 .rodata.panic.str1.4
                0x10005e24       0x12 CMakeFiles/dcp_test.dir/home/tliao/git/pico-sdk/src/rp2_common/pico_platform_panic/panic.c.o
 .rodata.spin_lock_claim_unused.str1.4
                0x10005e24       0x1b CMakeFiles/dcp_test.dir/home/tliao/git/pico-sdk/src/rp2_common/hardware_sync/sync.c.o
 .rodata.user_irq_claim_unused.str1.4
                0x10005e24       0x1b CMakeFiles/dcp_test.dir/home/tliao/git/pico-sdk/src/rp2_common/hardware_irq/irq.c.o
 .rodata.timer_hardware_alarm_claim.str1.4
                0x10005e24       0x22 CMakeFiles/dcp_test.dir/home/tliao/git/pico-sdk/src/rp2_common/hardware_timer/timer.c.o
 .rodata.hard_assertion_failure.str1.4
                0x10005e24        0xc CMakeFiles/dcp_test.dir/home/tliao/git/pico-sdk/src/rp2_common/pico_runtime/runtime.c.o
 .rodata.str1.4
                0x10005e24       0x40 CMakeFiles/dcp_test.dir/home/tliao/git/pico-sdk/src/rp2_common/pico_standard_binary_info/standard_binary_info.c.o
 .rodata.__bi_84
                0x10005e24        0xc CMakeFiles/dcp_test.dir/home/tliao/git/pico-sdk/src/rp2_common/pico_standard_binary_info/standard_binary_info.c.o
 .rodata.__bi_78
                0x10005e30        0xc CMakeFiles/dcp_test.dir/home/tliao/git/pico-sdk/src/rp2_common/pico_standard_binary_info/standard_binary_info.c.o
 .rodata.__bi_54
                0x10005e3c        0xc CMakeFiles/dcp_test.dir/home/tliao/git/pico-sdk/src/rp2_common/pico_standard_binary_info/standard_binary_info.c.o
 .rodata.__bi_48
                0x10005e48        0xc CMakeFiles/dcp_test.dir/home/tliao/git/pico-sdk/src/rp2_common/pico_standard_binary_info/standard_binary_info.c.o
 .rodata.__bi_42
                0x10005e54        0xc CMakeFiles/dcp_test.dir/home/tliao/git/pico-sdk/src/rp2_common/pico_standard_binary_info/standard_binary_info.c.o
 .rodata.__bi_34
                0x10005e60        0xc CMakeFiles/dcp_test.dir/home/tliao/git/pico-sdk/src/rp2_common/pico_standard_binary_info/standard_binary_info.c.o
 .rodata.__bi_26
                0x10005e6c        0xc CMakeFiles/dcp_test.dir/home/tliao/git/pico-sdk/src/rp2_common/pico_standard_binary_info/standard_binary_info.c.o
 .rodata._ftoa.str1.4
                0x10005e78       0x15 CMakeFiles/dcp_test.dir/home/tliao/git/pico-sdk/src/rp2_common/pico_printf/printf.c.o
 .rodata.pow10.0
                0x10005e78       0x50 CMakeFiles/dcp_test.dir/home/tliao/git/pico-sdk/src/rp2_common/pico_printf/printf.c.o
 .rodata.crlf_str.0
                0x10005ec8        0x2 CMakeFiles/dcp_test.dir/home/tliao/git/pico-sdk/src/rp2_common/pico_stdio/stdio.c.o
 *fill*         0x10005eca        0x2 
 .rodata._resetd_driver
                0x10005ecc       0x20 CMakeFiles/dcp_test.dir/home/tliao/git/pico-sdk/src/rp2_common/pico_stdio_usb/reset_interface.c.o
 .rodata.desc_ms_os_20
                0x10005eec       0xa6 CMakeFiles/dcp_test.dir/home/tliao/git/pico-sdk/src/rp2_common/pico_stdio_usb/reset_interface.c.o
 *fill*         0x10005f92        0x2 
 .rodata.desc_bos
                0x10005f94       0x21 CMakeFiles/dcp_test.dir/home/tliao/git/pico-sdk/src/rp2_common/pico_stdio_usb/reset_interface.c.o
                0x10005f94                desc_bos
 .rodata.str1.4
                0x10005fb5       0x13 CMakeFiles/dcp_test.dir/home/tliao/git/pico-sdk/src/rp2_common/pico_stdio_usb/stdio_usb.c.o
 *fill*         0x10005fb5        0x3 
 .rodata.__bi_197.0
                0x10005fb8        0xc CMakeFiles/dcp_test.dir/home/tliao/git/pico-sdk/src/rp2_common/pico_stdio_usb/stdio_usb.c.o
 .rodata.str1.4
                0x10005fc4       0x2a CMakeFiles/dcp_test.dir/home/tliao/git/pico-sdk/src/rp2_common/pico_stdio_usb/stdio_usb_descriptors.c.o
 .rodata.usbd_desc_str
                0x10005fc4       0x18 CMakeFiles/dcp_test.dir/home/tliao/git/pico-sdk/src/rp2_common/pico_stdio_usb/stdio_usb_descriptors.c.o
 .rodata.usbd_desc_cfg
                0x10005fdc       0x54 CMakeFiles/dcp_test.dir/home/tliao/git/pico-sdk/src/rp2_common/pico_stdio_usb/stdio_usb_descriptors.c.o
 .rodata.usbd_desc_device
                0x10006030       0x12 CMakeFiles/dcp_test.dir/home/tliao/git/pico-sdk/src/rp2_common/pico_stdio_usb/stdio_usb_descriptors.c.o
 .rodata.str1.4
                0x10006042       0x14 CMakeFiles/dcp_test.dir/home/tliao/git/pico-sdk/lib/tinyusb/src/portable/raspberrypi/rp2040/dcd_rp2040.c.o
 .rodata.str1.4
                0x10006042       0x48 CMakeFiles/dcp_test.dir/home/tliao/git/pico-sdk/lib/tinyusb/src/portable/raspberrypi/rp2040/rp2040_usb.c.o
 *fill*         0x10006042        0x2 
 .rodata._usbd_driver
                0x10006044       0x40 CMakeFiles/dcp_test.dir/home/tliao/git/pico-sdk/lib/tinyusb/src/device/usbd.c.o
 *(.srodata*)
                0x10006084                        . = ALIGN (0x4)
 *(SORT_BY_ALIGNMENT(SORT_BY_NAME(.flashdata*)))
                0x10006084                        . = ALIGN (0x4)

.ARM.extab
 *(.ARM.extab* .gnu.linkonce.armextab.*)
                0x10006084                        __exidx_start = .

.ARM.exidx      0x10006084        0x8
 *(.ARM.exidx* .gnu.linkonce.armexidx.*)
 .ARM.exidx     0x10006084        0x8 /opt/st/stm32cubeclt_1.21.0/GNU-tools-for-STM32/bin/../lib/gcc/arm-none-eabi/14.3.1/../../../../arm-none-eabi/lib/thumb/v8-m.main+fp/softfp/libg.a(libc_a-memcpy.o)
 .ARM.exidx     0x1000608c        0x0 /opt/st/stm32cubeclt_1.21.0/GNU-tools-for-STM32/bin/../lib/gcc/arm-none-eabi/14.3.1/thumb/v8-m.main+fp/softfp/libgcc.a(_udivmoddi4.o)
                                  0x8 (size before relaxing)
                0x1000608c                        __exidx_end = .
                0x1000608c                        . = ALIGN (0x4)
                0x1000608c                        __binary_info_start = .

.binary_info    0x1000608c       0x28
 *(.binary_info.keep.*)
 .binary_info.keep.__bi_ptr133
                0x1000608c        0x4 CMakeFiles/dcp_test.dir/dcp_test_main.c.o
 .binary_info.keep.__bi_ptr132
                0x10006090        0x4 CMakeFiles/dcp_test.dir/dcp_test_main.c.o
 .binary_info.keep.__bi_ptr84
                0x10006094        0x4 CMakeFiles/dcp_test.dir/home/tliao/git/pico-sdk/src/rp2_common/pico_standard_binary_info/standard_binary_info.c.o
 .binary_info.keep.__bi_ptr78
                0x10006098        0x4 CMakeFiles/dcp_test.dir/home/tliao/git/pico-sdk/src/rp2_common/pico_standard_binary_info/standard_binary_info.c.o
 .binary_info.keep.__bi_ptr54
                0x1000609c        0x4 CMakeFiles/dcp_test.dir/home/tliao/git/pico-sdk/src/rp2_common/pico_standard_binary_info/standard_binary_info.c.o
 .binary_info.keep.__bi_ptr48
                0x100060a0        0x4 CMakeFiles/dcp_test.dir/home/tliao/git/pico-sdk/src/rp2_common/pico_standard_binary_info/standard_binary_info.c.o
 .binary_info.keep.__bi_ptr42
                0x100060a4        0x4 CMakeFiles/dcp_test.dir/home/tliao/git/pico-sdk/src/rp2_common/pico_standard_binary_info/standard_binary_info.c.o
 .binary_info.keep.__bi_ptr34
                0x100060a8        0x4 CMakeFiles/dcp_test.dir/home/tliao/git/pico-sdk/src/rp2_common/pico_standard_binary_info/standard_binary_info.c.o
 .binary_info.keep.__bi_ptr26
                0x100060ac        0x4 CMakeFiles/dcp_test.dir/home/tliao/git/pico-sdk/src/rp2_common/pico_standard_binary_info/standard_binary_info.c.o
 *(.binary_info.*)
 .binary_info.__bi_ptr197
                0x100060b0        0x4 CMakeFiles/dcp_test.dir/home/tliao/git/pico-sdk/src/rp2_common/pico_stdio_usb/stdio_usb.c.o
                0x100060b4                        __binary_info_end = .
                0x100060b4                        . = ALIGN (0x4)

.ram_vector_table
                0x20000000      0x110
 *(.ram_vector_table)
 .ram_vector_table
                0x20000000      0x110 CMakeFiles/dcp_test.dir/home/tliao/git/pico-sdk/src/rp2_common/pico_runtime_init/runtime_init.c.o
                0x20000000                ram_vector_table

.uninitialized_data
                0x20000110        0x0
                0x20000110                        . = ALIGN (0x4)
 *(.uninitialized_data*)

.data           0x20000110      0xd24 load address 0x100060b4
                0x20000110                        __data_start__ = .
 *(vtable)
 *(.time_critical*)
 .time_critical.mutex_try_enter
                0x20000110       0x50 CMakeFiles/dcp_test.dir/home/tliao/git/pico-sdk/src/common/pico_sync/mutex.c.o
                0x20000110                mutex_try_enter
 .time_critical.mutex_enter_block_until
                0x20000160       0x6c CMakeFiles/dcp_test.dir/home/tliao/git/pico-sdk/src/common/pico_sync/mutex.c.o
                0x20000160                mutex_enter_block_until
 .time_critical.mutex_try_enter_block_until
                0x200001cc       0x68 CMakeFiles/dcp_test.dir/home/tliao/git/pico-sdk/src/common/pico_sync/mutex.c.o
                0x200001cc                mutex_try_enter_block_until
 .time_critical.mutex_enter_timeout_ms
                0x20000234       0x38 CMakeFiles/dcp_test.dir/home/tliao/git/pico-sdk/src/common/pico_sync/mutex.c.o
                0x20000234                mutex_enter_timeout_ms
 .time_critical.mutex_exit
                0x2000026c       0x3c CMakeFiles/dcp_test.dir/home/tliao/git/pico-sdk/src/common/pico_sync/mutex.c.o
                0x2000026c                mutex_exit
 .time_critical.reset_non_control_endpoints
                0x200002a8       0x3c CMakeFiles/dcp_test.dir/home/tliao/git/pico-sdk/lib/tinyusb/src/portable/raspberrypi/rp2040/dcd_rp2040.c.o
 .time_critical.hw_handle_buff_status
                0x200002e4       0x90 CMakeFiles/dcp_test.dir/home/tliao/git/pico-sdk/lib/tinyusb/src/portable/raspberrypi/rp2040/dcd_rp2040.c.o
 .time_critical.dcd_rp2040_irq
                0x20000374      0x1e4 CMakeFiles/dcp_test.dir/home/tliao/git/pico-sdk/lib/tinyusb/src/portable/raspberrypi/rp2040/dcd_rp2040.c.o
 .time_critical.prepare_ep_buffer
                0x20000558       0x6c CMakeFiles/dcp_test.dir/home/tliao/git/pico-sdk/lib/tinyusb/src/portable/raspberrypi/rp2040/rp2040_usb.c.o
 .time_critical.sync_ep_buffer
                0x200005c4       0x84 CMakeFiles/dcp_test.dir/home/tliao/git/pico-sdk/lib/tinyusb/src/portable/raspberrypi/rp2040/rp2040_usb.c.o
 .time_critical._hw_endpoint_xfer_sync
                0x20000648       0x2c CMakeFiles/dcp_test.dir/home/tliao/git/pico-sdk/lib/tinyusb/src/portable/raspberrypi/rp2040/rp2040_usb.c.o
 .time_critical.e15_is_bulkin_ep
                0x20000674       0x28 CMakeFiles/dcp_test.dir/home/tliao/git/pico-sdk/lib/tinyusb/src/portable/raspberrypi/rp2040/rp2040_usb.c.o
 .time_critical.e15_is_critical_frame_period
                0x2000069c       0x28 CMakeFiles/dcp_test.dir/home/tliao/git/pico-sdk/lib/tinyusb/src/portable/raspberrypi/rp2040/rp2040_usb.c.o
 .time_critical.hw_endpoint_reset_transfer
                0x200006c4        0xc CMakeFiles/dcp_test.dir/home/tliao/git/pico-sdk/lib/tinyusb/src/portable/raspberrypi/rp2040/rp2040_usb.c.o
                0x200006c4                hw_endpoint_reset_transfer
 .time_critical._hw_endpoint_buffer_control_update32
                0x200006d0       0x44 CMakeFiles/dcp_test.dir/home/tliao/git/pico-sdk/lib/tinyusb/src/portable/raspberrypi/rp2040/rp2040_usb.c.o
                0x200006d0                _hw_endpoint_buffer_control_update32
 .time_critical.hw_endpoint_start_next_buffer
                0x20000714       0x64 CMakeFiles/dcp_test.dir/home/tliao/git/pico-sdk/lib/tinyusb/src/portable/raspberrypi/rp2040/rp2040_usb.c.o
                0x20000714                hw_endpoint_start_next_buffer
 .time_critical.hw_endpoint_xfer_continue
                0x20000778       0x3c CMakeFiles/dcp_test.dir/home/tliao/git/pico-sdk/lib/tinyusb/src/portable/raspberrypi/rp2040/rp2040_usb.c.o
                0x20000778                hw_endpoint_xfer_continue
 .time_critical.tinyusb
                0x200007b4      0x228 CMakeFiles/dcp_test.dir/home/tliao/git/pico-sdk/lib/tinyusb/src/device/usbd.c.o
                0x200007b4                dcd_event_handler
 *(.text*)
 .text          0x200009dc       0x30 /opt/st/stm32cubeclt_1.21.0/GNU-tools-for-STM32/bin/../lib/gcc/arm-none-eabi/14.3.1/thumb/v8-m.main+fp/softfp/libgcc.a(_aeabi_uldivmod.o)
                0x200009dc                __aeabi_uldivmod
 .text          0x20000a0c      0x34c /opt/st/stm32cubeclt_1.21.0/GNU-tools-for-STM32/bin/../lib/gcc/arm-none-eabi/14.3.1/thumb/v8-m.main+fp/softfp/libgcc.a(_udivmoddi4.o)
                0x20000a0c                __udivmoddi4
 .text          0x20000d58        0x4 /opt/st/stm32cubeclt_1.21.0/GNU-tools-for-STM32/bin/../lib/gcc/arm-none-eabi/14.3.1/thumb/v8-m.main+fp/softfp/libgcc.a(_dvmd_tls.o)
                0x20000d58                __aeabi_ldiv0
                0x20000d58                __aeabi_idiv0
 *fill*         0x20000d5c        0x4 
 .text.__stub   0x20000d60       0x30 linker stubs
                0x20000d90                        . = ALIGN (0x4)
 *(.rodata*)
                0x20000d90                        . = ALIGN (0x4)
 *(.data*)
 .data.last_inputs.0
                0x20000d90        0x1 CMakeFiles/dcp_test.dir/dcp_test_main.c.o
 .data.striped_spin_lock_num
                0x20000d91        0x1 CMakeFiles/dcp_test.dir/home/tliao/git/pico-sdk/src/rp2_common/hardware_sync/sync.c.o
 *fill*         0x20000d92        0x2 
 .data          0x20000d94       0x48 CMakeFiles/dcp_test.dir/home/tliao/git/pico-sdk/src/rp2_common/hardware_irq/irq_handler_chain.S.o
                0x20000d94                irq_handler_chain_slots
                0x20000dc4                irq_handler_chain_first_slot
                0x20000dce                irq_handler_chain_remove_tail
 .data.default_alarm_pool
                0x20000ddc       0x18 CMakeFiles/dcp_test.dir/home/tliao/git/pico-sdk/src/common/pico_time/time.c.o
 .data.stdio_usb
                0x20000df4       0x18 CMakeFiles/dcp_test.dir/home/tliao/git/pico-sdk/src/rp2_common/pico_stdio_usb/stdio_usb.c.o
                0x20000df4                stdio_usb
 .data._usbd_qdef
                0x20000e0c       0x1c CMakeFiles/dcp_test.dir/home/tliao/git/pico-sdk/lib/tinyusb/src/device/usbd.c.o
                0x20000e0c                _usbd_qdef
 .data._usbd_rhport
                0x20000e28        0x1 CMakeFiles/dcp_test.dir/home/tliao/git/pico-sdk/lib/tinyusb/src/device/usbd.c.o
 *(.sdata*)
                0x20000e2c                        . = ALIGN (0x4)
 *fill*         0x20000e29        0x3 
 *(.after_data.*)
                0x20000e2c                        . = ALIGN (0x4)
                0x20000e2c                        PROVIDE (__mutex_array_start = .)
 *(SORT_BY_NAME(.mutex_array.*))
 *(.mutex_array)
 .mutex_array   0x20000e2c        0x8 CMakeFiles/dcp_test.dir/home/tliao/git/pico-sdk/src/rp2_common/pico_stdio/stdio.c.o
                0x20000e34                        PROVIDE (__mutex_array_end = .)
 *(.jcr)
                0x20000e34                        . = ALIGN (0x4)

.igot.plt       0x20000e34        0x0 load address 0x10006dd8
 .igot.plt      0x20000e34        0x0 /opt/st/stm32cubeclt_1.21.0/GNU-tools-for-STM32/bin/../lib/gcc/arm-none-eabi/14.3.1/thumb/v8-m.main+fp/softfp/crtbegin.o

.tdata          0x20000e34        0x0 load address 0x10006dd8
                0x20000e34                        . = ALIGN (0x4)
 *(.tdata .tdata.* .gnu.linkonce.td.*)
                0x20000e34                        __tdata_end = .
                0x20000e34                        PROVIDE (__data_end__ = .)
                0x100060b4                        __etext = LOADADDR (.data)

.tbss           0x20000e34        0x0 load address 0x10006dd8
                0x20000e34                        . = ALIGN (0x4)
                0x20000e34                        __bss_start__ = .
                0x20000e34                        __tls_base = .
 *(.tbss .tbss.* .gnu.linkonce.tb.*)
 *(.tcommon)
                0x20000e34                        __tls_end = .

.bss            0x20000e38      0xc30 load address 0x10006dd8
                0x20000e38                        . = ALIGN (0x4)
                0x20000e38                        __tbss_end = .
 *(SORT_BY_ALIGNMENT(SORT_BY_NAME(.bss*)))
 .bss.default_alarm_pool_entries
                0x20000e38      0x180 CMakeFiles/dcp_test.dir/home/tliao/git/pico-sdk/src/common/pico_time/time.c.o
 .bss.last_avail_time.1
                0x20000fb8        0x8 CMakeFiles/dcp_test.dir/home/tliao/git/pico-sdk/src/rp2_common/pico_stdio_usb/stdio_usb.c.o
 .bss           0x20000fc0       0x1c /opt/st/stm32cubeclt_1.21.0/GNU-tools-for-STM32/bin/../lib/gcc/arm-none-eabi/14.3.1/thumb/v8-m.main+fp/softfp/crtbegin.o
 .bss._app_driver
                0x20000fdc        0x4 CMakeFiles/dcp_test.dir/home/tliao/git/pico-sdk/lib/tinyusb/src/device/usbd.c.o
 .bss._cdcd_epbuf
                0x20000fe0       0x80 CMakeFiles/dcp_test.dir/home/tliao/git/pico-sdk/lib/tinyusb/src/class/cdc/cdc_device.c.o
 .bss._cdcd_fifo_cfg
                0x20001060        0x1 CMakeFiles/dcp_test.dir/home/tliao/git/pico-sdk/lib/tinyusb/src/class/cdc/cdc_device.c.o
 *fill*         0x20001061        0x3 
 .bss._cdcd_itf
                0x20001064       0xc8 CMakeFiles/dcp_test.dir/home/tliao/git/pico-sdk/lib/tinyusb/src/class/cdc/cdc_device.c.o
 .bss._ctrl_epbuf
                0x2000112c       0x40 CMakeFiles/dcp_test.dir/home/tliao/git/pico-sdk/lib/tinyusb/src/device/usbd_control.c.o
 .bss._ctrl_xfer
                0x2000116c       0x14 CMakeFiles/dcp_test.dir/home/tliao/git/pico-sdk/lib/tinyusb/src/device/usbd_control.c.o
 .bss._sw_spin_locks
                0x20001180       0x20 CMakeFiles/dcp_test.dir/home/tliao/git/pico-sdk/src/rp2_common/hardware_sync_spin_lock/sync_spin_lock.c.o
                0x20001180                _sw_spin_locks
 .bss._tusb_rhport_role
                0x200011a0        0x2 CMakeFiles/dcp_test.dir/home/tliao/git/pico-sdk/lib/tinyusb/src/tusb.c.o
                0x200011a0                _tusb_rhport_role
 *fill*         0x200011a2        0x2 
 .bss._ubsd_mutexdef
                0x200011a4        0x8 CMakeFiles/dcp_test.dir/home/tliao/git/pico-sdk/lib/tinyusb/src/device/usbd.c.o
 .bss._usbd_dev
                0x200011ac       0x54 CMakeFiles/dcp_test.dir/home/tliao/git/pico-sdk/lib/tinyusb/src/device/usbd.c.o
 .bss._usbd_mutex
                0x20001200        0x4 CMakeFiles/dcp_test.dir/home/tliao/git/pico-sdk/lib/tinyusb/src/device/usbd.c.o
 .bss._usbd_q   0x20001204        0x4 CMakeFiles/dcp_test.dir/home/tliao/git/pico-sdk/lib/tinyusb/src/device/usbd.c.o
 .bss._usbd_qdef_buf
                0x20001208       0xc0 CMakeFiles/dcp_test.dir/home/tliao/git/pico-sdk/lib/tinyusb/src/device/usbd.c.o
                0x20001208                _usbd_qdef_buf
 .bss._vendord_epbuf
                0x200012c8       0x80 CMakeFiles/dcp_test.dir/home/tliao/git/pico-sdk/lib/tinyusb/src/class/vendor/vendor_device.c.o
 .bss._vendord_itf
                0x20001348      0x24c CMakeFiles/dcp_test.dir/home/tliao/git/pico-sdk/lib/tinyusb/src/class/vendor/vendor_device.c.o
 .bss.chars_available_callback
                0x20001594        0x4 CMakeFiles/dcp_test.dir/home/tliao/git/pico-sdk/src/rp2_common/pico_stdio_usb/stdio_usb.c.o
 .bss.chars_available_param
                0x20001598        0x4 CMakeFiles/dcp_test.dir/home/tliao/git/pico-sdk/src/rp2_common/pico_stdio_usb/stdio_usb.c.o
 .bss.claimed   0x2000159c        0x4 CMakeFiles/dcp_test.dir/home/tliao/git/pico-sdk/src/rp2_common/hardware_sync/sync.c.o
 .bss.claimed   0x200015a0        0x2 CMakeFiles/dcp_test.dir/home/tliao/git/pico-sdk/src/rp2_common/hardware_timer/timer.c.o
 *fill*         0x200015a2        0x2 
 .bss.configured_freq
                0x200015a4       0x28 CMakeFiles/dcp_test.dir/home/tliao/git/pico-sdk/src/rp2_common/hardware_clocks/clocks.c.o
 .bss.desc_str.0
                0x200015cc       0x28 CMakeFiles/dcp_test.dir/home/tliao/git/pico-sdk/src/rp2_common/pico_stdio_usb/stdio_usb_descriptors.c.o
 .bss.drivers   0x200015f4        0x4 CMakeFiles/dcp_test.dir/home/tliao/git/pico-sdk/src/rp2_common/pico_stdio/stdio.c.o
 .bss.e15_last_sof
                0x200015f8        0x4 CMakeFiles/dcp_test.dir/home/tliao/git/pico-sdk/lib/tinyusb/src/portable/raspberrypi/rp2040/rp2040_usb.c.o
                0x200015f8                e15_last_sof
 .bss.filter    0x200015fc        0x4 CMakeFiles/dcp_test.dir/home/tliao/git/pico-sdk/src/rp2_common/pico_stdio/stdio.c.o
 .bss.hw_endpoints
                0x20001600      0x400 CMakeFiles/dcp_test.dir/home/tliao/git/pico-sdk/lib/tinyusb/src/portable/raspberrypi/rp2040/dcd_rp2040.c.o
 .bss.last_input_ms.1
                0x20001a00        0x4 CMakeFiles/dcp_test.dir/dcp_test_main.c.o
 .bss.lazy_vsnprintf
                0x20001a04        0x4 CMakeFiles/dcp_test.dir/home/tliao/git/pico-sdk/src/rp2_common/pico_printf/printf.c.o
 .bss.load_value
                0x20001a08        0x4 CMakeFiles/dcp_test.dir/home/tliao/git/pico-sdk/src/rp2_common/hardware_watchdog/watchdog.c.o
 .bss.next_buffer_ptr
                0x20001a0c        0x4 CMakeFiles/dcp_test.dir/home/tliao/git/pico-sdk/lib/tinyusb/src/portable/raspberrypi/rp2040/dcd_rp2040.c.o
 .bss.one_shot_timer_crit_sec
                0x20001a10        0x8 CMakeFiles/dcp_test.dir/home/tliao/git/pico-sdk/src/rp2_common/pico_stdio_usb/stdio_usb.c.o
 .bss.pools     0x20001a18       0x20 CMakeFiles/dcp_test.dir/home/tliao/git/pico-sdk/src/common/pico_time/time.c.o
 .bss.retrieved_id
                0x20001a38        0x8 CMakeFiles/dcp_test.dir/home/tliao/git/pico-sdk/src/rp2_common/pico_unique_id/unique_id.c.o
 .bss.sleep_notifier
                0x20001a40        0x4 CMakeFiles/dcp_test.dir/home/tliao/git/pico-sdk/src/common/pico_time/time.c.o
 .bss.stdio_usb_mutex
                0x20001a44        0x8 CMakeFiles/dcp_test.dir/home/tliao/git/pico-sdk/src/rp2_common/pico_stdio_usb/stdio_usb.c.o
 .bss.usbd_serial_str
                0x20001a4c       0x11 CMakeFiles/dcp_test.dir/home/tliao/git/pico-sdk/src/rp2_common/pico_stdio_usb/stdio_usb_descriptors.c.o
 .bss._app_driver_count
                0x20001a5d        0x1 CMakeFiles/dcp_test.dir/home/tliao/git/pico-sdk/lib/tinyusb/src/device/usbd.c.o
 .bss._sof_enable
                0x20001a5e        0x1 CMakeFiles/dcp_test.dir/home/tliao/git/pico-sdk/lib/tinyusb/src/portable/raspberrypi/rp2040/dcd_rp2040.c.o
 .bss._usbd_queued_setup
                0x20001a5f        0x1 CMakeFiles/dcp_test.dir/home/tliao/git/pico-sdk/lib/tinyusb/src/device/usbd.c.o
 .bss.irq_handler_chain_free_slot_head
                0x20001a60        0x1 CMakeFiles/dcp_test.dir/home/tliao/git/pico-sdk/src/rp2_common/hardware_irq/irq.c.o
 .bss.itf_num   0x20001a61        0x1 CMakeFiles/dcp_test.dir/home/tliao/git/pico-sdk/src/rp2_common/pico_stdio_usb/reset_interface.c.o
 .bss.low_priority_irq_num
                0x20001a62        0x1 CMakeFiles/dcp_test.dir/home/tliao/git/pico-sdk/src/rp2_common/pico_stdio_usb/stdio_usb.c.o
 .bss.one_shot_timer_pending
                0x20001a63        0x1 CMakeFiles/dcp_test.dir/home/tliao/git/pico-sdk/src/rp2_common/pico_stdio_usb/stdio_usb.c.o
 .bss.user_irq_claimed
                0x20001a64        0x1 CMakeFiles/dcp_test.dir/home/tliao/git/pico-sdk/src/rp2_common/hardware_irq/irq.c.o
 *(COMMON)
                [!provide]                        PROVIDE (__global_pointer$ = (. + 0x800))
 *(.sbss*)
                0x20001a68                        . = ALIGN (0x4)
 *fill*         0x20001a65        0x3 
                0x20001a68                        __bss_end__ = .

.heap           0x20001a68      0x800 load address 0x10006dd8
                0x20001a68                        __end__ = .
                0x20001a68                        end = __end__
 *(.heap*)
 .heap          0x20001a68      0x800 CMakeFiles/dcp_test.dir/home/tliao/git/pico-sdk/src/rp2_common/pico_crt0/crt0.S.o
                0x20080000                        __HeapLimit = (ORIGIN (RAM) + LENGTH (RAM))

.scratch_x      0x20080000        0x0 load address 0x10006dd8
                0x20080000                        __scratch_x_start__ = .
 *(.scratch_x.*)
                0x20080000                        . = ALIGN (0x4)
                0x20080000                        __scratch_x_end__ = .
                0x10006dd8                        __scratch_x_source__ = LOADADDR (.scratch_x)

.scratch_y      0x20081000        0x0 load address 0x10006dd8
                0x20081000                        __scratch_y_start__ = .
 *(.scratch_y.*)
                0x20081000                        . = ALIGN (0x4)
                0x20081000                        __scratch_y_end__ = .
                0x10006dd8                        __scratch_y_source__ = LOADADDR (.scratch_y)

.stack1_dummy
 *(.stack1*)

.stack_dummy    0x20081000      0x800
 *(.stack*)
 .stack         0x20081000      0x800 CMakeFiles/dcp_test.dir/home/tliao/git/pico-sdk/src/rp2_common/pico_crt0/crt0.S.o

.flash_end      0x10006dd8       0x14
 *(.embedded_end_block*)
 .embedded_end_block
                0x10006dd8       0x14 CMakeFiles/dcp_test.dir/home/tliao/git/pico-sdk/src/rp2_common/pico_crt0/crt0.S.o
                0x10006dec                        PROVIDE (__flash_binary_end = .)
                0x20080000                        __StackLimit = (ORIGIN (RAM) + LENGTH (RAM))
                0x20081000                        __StackOneTop = (ORIGIN (SCRATCH_X) + LENGTH (SCRATCH_X))
                0x20082000                        __StackTop = (ORIGIN (SCRATCH_Y) + LENGTH (SCRATCH_Y))
                0x20081000                        __StackOneBottom = (__StackOneTop - SIZEOF (.stack1_dummy))
                0x20081800                        __StackBottom = (__StackTop - SIZEOF (.stack_dummy))
                0x20082000                        PROVIDE (__stack = __StackTop)
                [!provide]                        PROVIDE (__heap_start = __end__)
                [!provide]                        PROVIDE (__heap_end = __HeapLimit)
                [!provide]                        PROVIDE (__tls_align = MAX (ALIGNOF (.tdata), ALIGNOF (.tbss)))
                [!provide]                        PROVIDE (__tls_size_align = (((__tls_size + __tls_align) - 0x1) & ~ ((__tls_align - 0x1))))
                [!provide]                        PROVIDE (__arm32_tls_tcb_offset = MAX (0x8, __tls_align))
                [!provide]                        PROVIDE (_end = __end__)
                [!provide]                        PROVIDE (__llvm_libc_heap_limit = __HeapLimit)
                0x00000001                        ASSERT ((__StackLimit >= __HeapLimit), region RAM overflowed)
                0x00000001                        ASSERT (((__binary_info_header_end - __logical_binary_start) <= 0x400), Binary info must be in first 1024 bytes of the binary)
                0x00000001                        ASSERT (((__embedded_block_end - __logical_binary_start) <= 0x1000), Embedded block must be in first 4096 bytes of the binary)
LOAD CMakeFiles/dcp_test.dir/dcp_test_main.c.o
LOAD CMakeFiles/dcp_test.dir/chademo_hal.c.o
LOAD CMakeFiles/dcp_test.dir/home/tliao/git/pico-sdk/src/rp2_common/pico_stdlib/stdlib.c.o
LOAD CMakeFiles/dcp_test.dir/home/tliao/git/pico-sdk/src/rp2_common/hardware_gpio/gpio.c.o
LOAD CMakeFiles/dcp_test.dir/home/tliao/git/pico-sdk/src/rp2350/pico_platform/platform.c.o
LOAD CMakeFiles/dcp_test.dir/home/tliao/git/pico-sdk/src/rp2_common/pico_platform_panic/panic.c.o
LOAD CMakeFiles/dcp_test.dir/home/tliao/git/pico-sdk/src/common/hardware_claim/claim.c.o
LOAD CMakeFiles/dcp_test.dir/home/tliao/git/pico-sdk/src/rp2_common/hardware_sync/sync.c.o
LOAD CMakeFiles/dcp_test.dir/home/tliao/git/pico-sdk/src/rp2_common/hardware_sync_spin_lock/sync_spin_lock.c.o
LOAD CMakeFiles/dcp_test.dir/home/tliao/git/pico-sdk/src/rp2_common/hardware_irq/irq.c.o
LOAD CMakeFiles/dcp_test.dir/home/tliao/git/pico-sdk/src/rp2_common/hardware_irq/irq_handler_chain.S.o
LOAD CMakeFiles/dcp_test.dir/home/tliao/git/pico-sdk/src/common/pico_sync/sem.c.o
LOAD CMakeFiles/dcp_test.dir/home/tliao/git/pico-sdk/src/common/pico_sync/lock_core.c.o
LOAD CMakeFiles/dcp_test.dir/home/tliao/git/pico-sdk/src/common/pico_sync/mutex.c.o
LOAD CMakeFiles/dcp_test.dir/home/tliao/git/pico-sdk/src/common/pico_sync/critical_section.c.o
LOAD CMakeFiles/dcp_test.dir/home/tliao/git/pico-sdk/src/common/pico_time/time.c.o
LOAD CMakeFiles/dcp_test.dir/home/tliao/git/pico-sdk/src/common/pico_time/timeout_helper.c.o
LOAD CMakeFiles/dcp_test.dir/home/tliao/git/pico-sdk/src/rp2_common/hardware_timer/timer.c.o
LOAD CMakeFiles/dcp_test.dir/home/tliao/git/pico-sdk/src/common/pico_util/datetime.c.o
LOAD CMakeFiles/dcp_test.dir/home/tliao/git/pico-sdk/src/common/pico_util/pheap.c.o
LOAD CMakeFiles/dcp_test.dir/home/tliao/git/pico-sdk/src/common/pico_util/queue.c.o
LOAD CMakeFiles/dcp_test.dir/home/tliao/git/pico-sdk/src/rp2_common/hardware_uart/uart.c.o
LOAD CMakeFiles/dcp_test.dir/home/tliao/git/pico-sdk/src/rp2_common/hardware_clocks/clocks.c.o
LOAD CMakeFiles/dcp_test.dir/home/tliao/git/pico-sdk/src/rp2_common/hardware_pll/pll.c.o
LOAD CMakeFiles/dcp_test.dir/home/tliao/git/pico-sdk/src/rp2_common/hardware_vreg/vreg.c.o
LOAD CMakeFiles/dcp_test.dir/home/tliao/git/pico-sdk/src/rp2_common/hardware_watchdog/watchdog.c.o
LOAD CMakeFiles/dcp_test.dir/home/tliao/git/pico-sdk/src/rp2_common/hardware_ticks/ticks.c.o
LOAD CMakeFiles/dcp_test.dir/home/tliao/git/pico-sdk/src/rp2_common/pico_bootrom/bootrom.c.o
LOAD CMakeFiles/dcp_test.dir/home/tliao/git/pico-sdk/src/rp2_common/pico_bootrom/bootrom_lock.c.o
LOAD CMakeFiles/dcp_test.dir/home/tliao/git/pico-sdk/src/rp2_common/hardware_boot_lock/boot_lock.c.o
LOAD CMakeFiles/dcp_test.dir/home/tliao/git/pico-sdk/src/rp2_common/pico_flash/flash.c.o
LOAD CMakeFiles/dcp_test.dir/home/tliao/git/pico-sdk/src/rp2_common/hardware_xosc/xosc.c.o
LOAD CMakeFiles/dcp_test.dir/home/tliao/git/pico-sdk/src/rp2_common/hardware_divider/divider.c.o
LOAD CMakeFiles/dcp_test.dir/home/tliao/git/pico-sdk/src/rp2_common/pico_runtime/runtime.c.o
LOAD CMakeFiles/dcp_test.dir/home/tliao/git/pico-sdk/src/rp2_common/pico_runtime_init/runtime_init.c.o
LOAD CMakeFiles/dcp_test.dir/home/tliao/git/pico-sdk/src/rp2_common/pico_runtime_init/runtime_init_clocks.c.o
LOAD CMakeFiles/dcp_test.dir/home/tliao/git/pico-sdk/src/rp2_common/pico_runtime_init/runtime_init_stack_guard.c.o
LOAD CMakeFiles/dcp_test.dir/home/tliao/git/pico-sdk/src/rp2_common/pico_bit_ops/bit_ops_aeabi.S.o
LOAD CMakeFiles/dcp_test.dir/home/tliao/git/pico-sdk/src/rp2_common/pico_divider/divider_compiler.c.o
LOAD CMakeFiles/dcp_test.dir/home/tliao/git/pico-sdk/src/rp2_common/pico_double/double_math.c.o
LOAD CMakeFiles/dcp_test.dir/home/tliao/git/pico-sdk/src/rp2_common/pico_double/double_aeabi_dcp.S.o
LOAD CMakeFiles/dcp_test.dir/home/tliao/git/pico-sdk/src/rp2_common/pico_double/double_fma_dcp.S.o
LOAD CMakeFiles/dcp_test.dir/home/tliao/git/pico-sdk/src/rp2_common/pico_double/double_sci_m33.S.o
LOAD CMakeFiles/dcp_test.dir/home/tliao/git/pico-sdk/src/rp2_common/pico_double/double_conv_m33.S.o
LOAD CMakeFiles/dcp_test.dir/home/tliao/git/pico-sdk/src/rp2_common/pico_float/float_math.c.o
LOAD CMakeFiles/dcp_test.dir/home/tliao/git/pico-sdk/src/rp2_common/pico_float/float_conv32_vfp.S.o
LOAD CMakeFiles/dcp_test.dir/home/tliao/git/pico-sdk/src/rp2_common/pico_float/float_common_m33.S.o
LOAD CMakeFiles/dcp_test.dir/home/tliao/git/pico-sdk/src/rp2_common/pico_float/float_sci_m33_vfp.S.o
LOAD CMakeFiles/dcp_test.dir/home/tliao/git/pico-sdk/src/rp2_common/pico_malloc/malloc.c.o
LOAD CMakeFiles/dcp_test.dir/home/tliao/git/pico-sdk/src/rp2_common/pico_atomic/atomic.c.o
LOAD CMakeFiles/dcp_test.dir/home/tliao/git/pico-sdk/src/rp2_common/pico_cxx_options/new_delete.cpp.o
LOAD CMakeFiles/dcp_test.dir/home/tliao/git/pico-sdk/src/rp2_common/pico_standard_binary_info/standard_binary_info.c.o
LOAD CMakeFiles/dcp_test.dir/home/tliao/git/pico-sdk/src/rp2_common/pico_printf/printf.c.o
LOAD CMakeFiles/dcp_test.dir/home/tliao/git/pico-sdk/src/rp2_common/pico_crt0/crt0.S.o
LOAD CMakeFiles/dcp_test.dir/home/tliao/git/pico-sdk/src/rp2_common/pico_clib_interface/newlib_interface.c.o
LOAD CMakeFiles/dcp_test.dir/home/tliao/git/pico-sdk/src/rp2_common/pico_stdio/stdio.c.o
LOAD CMakeFiles/dcp_test.dir/home/tliao/git/pico-sdk/src/rp2_common/pico_stdio_usb/reset_interface.c.o
LOAD CMakeFiles/dcp_test.dir/home/tliao/git/pico-sdk/src/rp2_common/pico_stdio_usb/stdio_usb.c.o
LOAD CMakeFiles/dcp_test.dir/home/tliao/git/pico-sdk/src/rp2_common/pico_stdio_usb/stdio_usb_descriptors.c.o
LOAD CMakeFiles/dcp_test.dir/home/tliao/git/pico-sdk/src/rp2_common/pico_unique_id/unique_id.c.o
LOAD CMakeFiles/dcp_test.dir/home/tliao/git/pico-sdk/src/rp2_common/hardware_flash/flash.c.o
LOAD CMakeFiles/dcp_test.dir/home/tliao/git/pico-sdk/src/rp2_common/hardware_xip_cache/xip_cache.c.o
LOAD CMakeFiles/dcp_test.dir/home/tliao/git/pico-sdk/lib/tinyusb/src/portable/raspberrypi/rp2040/dcd_rp2040.c.o
LOAD CMakeFiles/dcp_test.dir/home/tliao/git/pico-sdk/lib/tinyusb/src/portable/raspberrypi/rp2040/rp2040_usb.c.o
LOAD CMakeFiles/dcp_test.dir/home/tliao/git/pico-sdk/lib/tinyusb/src/device/usbd.c.o
LOAD CMakeFiles/dcp_test.dir/home/tliao/git/pico-sdk/lib/tinyusb/src/device/usbd_control.c.o
LOAD CMakeFiles/dcp_test.dir/home/tliao/git/pico-sdk/lib/tinyusb/src/class/audio/audio_device.c.o
LOAD CMakeFiles/dcp_test.dir/home/tliao/git/pico-sdk/lib/tinyusb/src/class/cdc/cdc_device.c.o
LOAD CMakeFiles/dcp_test.dir/home/tliao/git/pico-sdk/lib/tinyusb/src/class/dfu/dfu_device.c.o
LOAD CMakeFiles/dcp_test.dir/home/tliao/git/pico-sdk/lib/tinyusb/src/class/dfu/dfu_rt_device.c.o
LOAD CMakeFiles/dcp_test.dir/home/tliao/git/pico-sdk/lib/tinyusb/src/class/hid/hid_device.c.o
LOAD CMakeFiles/dcp_test.dir/home/tliao/git/pico-sdk/lib/tinyusb/src/class/midi/midi_device.c.o
LOAD CMakeFiles/dcp_test.dir/home/tliao/git/pico-sdk/lib/tinyusb/src/class/msc/msc_device.c.o
LOAD CMakeFiles/dcp_test.dir/home/tliao/git/pico-sdk/lib/tinyusb/src/class/net/ecm_rndis_device.c.o
LOAD CMakeFiles/dcp_test.dir/home/tliao/git/pico-sdk/lib/tinyusb/src/class/net/ncm_device.c.o
LOAD CMakeFiles/dcp_test.dir/home/tliao/git/pico-sdk/lib/tinyusb/src/class/usbtmc/usbtmc_device.c.o
LOAD CMakeFiles/dcp_test.dir/home/tliao/git/pico-sdk/lib/tinyusb/src/class/vendor/vendor_device.c.o
LOAD CMakeFiles/dcp_test.dir/home/tliao/git/pico-sdk/lib/tinyusb/src/class/video/video_device.c.o
LOAD CMakeFiles/dcp_test.dir/home/tliao/git/pico-sdk/lib/tinyusb/src/tusb.c.o
LOAD CMakeFiles/dcp_test.dir/home/tliao/git/pico-sdk/lib/tinyusb/src/common/tusb_fifo.c.o
LOAD CMakeFiles/dcp_test.dir/home/tliao/git/pico-sdk/src/rp2_common/pico_fix/rp2040_usb_device_enumeration/rp2040_usb_device_enumeration.c.o
LOAD CMakeFiles/dcp_test.dir/home/tliao/git/pico-sdk/src/rp2_common/hardware_spi/spi.c.o
LOAD pico-sdk/src/rp2350/boot_stage2/CMakeFiles/bs2_default_library.dir/bs2_default_padded_checksummed.S.o
LOAD /opt/st/stm32cubeclt_1.21.0/GNU-tools-for-STM32/bin/../lib/gcc/arm-none-eabi/14.3.1/../../../../arm-none-eabi/lib/thumb/v8-m.main+fp/softfp/libstdc++.a
LOAD /opt/st/stm32cubeclt_1.21.0/GNU-tools-for-STM32/bin/../lib/gcc/arm-none-eabi/14.3.1/../../../../arm-none-eabi/lib/thumb/v8-m.main+fp/softfp/libm.a
START GROUP
LOAD /opt/st/stm32cubeclt_1.21.0/GNU-tools-for-STM32/bin/../lib/gcc/arm-none-eabi/14.3.1/thumb/v8-m.main+fp/softfp/libgcc.a
LOAD /opt/st/stm32cubeclt_1.21.0/GNU-tools-for-STM32/bin/../lib/gcc/arm-none-eabi/14.3.1/../../../../arm-none-eabi/lib/thumb/v8-m.main+fp/softfp/libg.a
LOAD /opt/st/stm32cubeclt_1.21.0/GNU-tools-for-STM32/bin/../lib/gcc/arm-none-eabi/14.3.1/../../../../arm-none-eabi/lib/thumb/v8-m.main+fp/softfp/libc.a
END GROUP
START GROUP
LOAD /opt/st/stm32cubeclt_1.21.0/GNU-tools-for-STM32/bin/../lib/gcc/arm-none-eabi/14.3.1/thumb/v8-m.main+fp/softfp/libgcc.a
LOAD /opt/st/stm32cubeclt_1.21.0/GNU-tools-for-STM32/bin/../lib/gcc/arm-none-eabi/14.3.1/../../../../arm-none-eabi/lib/thumb/v8-m.main+fp/softfp/libc.a
LOAD /opt/st/stm32cubeclt_1.21.0/GNU-tools-for-STM32/bin/../lib/gcc/arm-none-eabi/14.3.1/../../../../arm-none-eabi/lib/thumb/v8-m.main+fp/softfp/libnosys.a
END GROUP
LOAD /opt/st/stm32cubeclt_1.21.0/GNU-tools-for-STM32/bin/../lib/gcc/arm-none-eabi/14.3.1/thumb/v8-m.main+fp/softfp/crtend.o
LOAD /opt/st/stm32cubeclt_1.21.0/GNU-tools-for-STM32/bin/../lib/gcc/arm-none-eabi/14.3.1/thumb/v8-m.main+fp/softfp/crtn.o
OUTPUT(dcp_test.elf elf32-littlearm)
LOAD linker stubs

.rel.dyn        0x10006dec        0x0
 .rel.iplt      0x10006dec        0x0 /opt/st/stm32cubeclt_1.21.0/GNU-tools-for-STM32/bin/../lib/gcc/arm-none-eabi/14.3.1/thumb/v8-m.main+fp/softfp/crtbegin.o

.ARM.attributes
                0x00000000       0x34
 .ARM.attributes
                0x00000000       0x26 /opt/st/stm32cubeclt_1.21.0/GNU-tools-for-STM32/bin/../lib/gcc/arm-none-eabi/14.3.1/thumb/v8-m.main+fp/softfp/crti.o
 .ARM.attributes
                0x00000026       0x36 /opt/st/stm32cubeclt_1.21.0/GNU-tools-for-STM32/bin/../lib/gcc/arm-none-eabi/14.3.1/thumb/v8-m.main+fp/softfp/crtbegin.o
 .ARM.attributes
                0x0000005c       0x38 CMakeFiles/dcp_test.dir/dcp_test_main.c.o
 .ARM.attributes
                0x00000094       0x38 CMakeFiles/dcp_test.dir/chademo_hal.c.o
 .ARM.attributes
                0x000000cc       0x38 CMakeFiles/dcp_test.dir/home/tliao/git/pico-sdk/src/rp2_common/hardware_gpio/gpio.c.o
 .ARM.attributes
                0x00000104       0x38 CMakeFiles/dcp_test.dir/home/tliao/git/pico-sdk/src/rp2_common/pico_platform_panic/panic.c.o
 .ARM.attributes
                0x0000013c       0x38 CMakeFiles/dcp_test.dir/home/tliao/git/pico-sdk/src/common/hardware_claim/claim.c.o
 .ARM.attributes
                0x00000174       0x38 CMakeFiles/dcp_test.dir/home/tliao/git/pico-sdk/src/rp2_common/hardware_sync/sync.c.o
 .ARM.attributes
                0x000001ac       0x38 CMakeFiles/dcp_test.dir/home/tliao/git/pico-sdk/src/rp2_common/hardware_sync_spin_lock/sync_spin_lock.c.o
 .ARM.attributes
                0x000001e4       0x38 CMakeFiles/dcp_test.dir/home/tliao/git/pico-sdk/src/rp2_common/hardware_irq/irq.c.o
 .ARM.attributes
                0x0000021c       0x28 CMakeFiles/dcp_test.dir/home/tliao/git/pico-sdk/src/rp2_common/hardware_irq/irq_handler_chain.S.o
 .ARM.attributes
                0x00000244       0x38 CMakeFiles/dcp_test.dir/home/tliao/git/pico-sdk/src/common/pico_sync/lock_core.c.o
 .ARM.attributes
                0x0000027c       0x38 CMakeFiles/dcp_test.dir/home/tliao/git/pico-sdk/src/common/pico_sync/mutex.c.o
 .ARM.attributes
                0x000002b4       0x38 CMakeFiles/dcp_test.dir/home/tliao/git/pico-sdk/src/common/pico_sync/critical_section.c.o
 .ARM.attributes
                0x000002ec       0x38 CMakeFiles/dcp_test.dir/home/tliao/git/pico-sdk/src/common/pico_time/time.c.o
 .ARM.attributes