Archive member included to satisfy reference by file (symbol)

/opt/st/stm32cubeclt_1.21.0/GNU-tools-for-STM32/bin/../lib/gcc/arm-none-eabi/14.3.1/../../../../arm-none-eabi/lib/thumb/v8-m.main+fp/softfp/libm.a(libm_a-wf_sqrt.o)
                              CMakeFiles/chademo_controller_vehicle.dir/home/tliao/git/pico-sdk/src/rp2_common/pico_float/float_math.c.o (sqrtf)
/opt/st/stm32cubeclt_1.21.0/GNU-tools-for-STM32/bin/../lib/gcc/arm-none-eabi/14.3.1/../../../../arm-none-eabi/lib/thumb/v8-m.main+fp/softfp/libm.a(libm_a-ef_sqrt.o)
                              /opt/st/stm32cubeclt_1.21.0/GNU-tools-for-STM32/bin/../lib/gcc/arm-none-eabi/14.3.1/../../../../arm-none-eabi/lib/thumb/v8-m.main+fp/softfp/libm.a(libm_a-wf_sqrt.o) (__ieee754_sqrtf)
/opt/st/stm32cubeclt_1.21.0/GNU-tools-for-STM32/bin/../lib/gcc/arm-none-eabi/14.3.1/thumb/v8-m.main+fp/softfp/libgcc.a(_arm_addsubdf3.o)
                              CMakeFiles/chademo_controller_vehicle.dir/home/tliao/git/pico-sdk/src/rp2_common/pico_float/float_math.c.o (__aeabi_f2d)
/opt/st/stm32cubeclt_1.21.0/GNU-tools-for-STM32/bin/../lib/gcc/arm-none-eabi/14.3.1/thumb/v8-m.main+fp/softfp/libgcc.a(_aeabi_ldivmod.o)
                              CMakeFiles/chademo_controller_vehicle.dir/home/tliao/git/pico-sdk/src/common/pico_time/time.c.o (__aeabi_ldivmod)
/opt/st/stm32cubeclt_1.21.0/GNU-tools-for-STM32/bin/../lib/gcc/arm-none-eabi/14.3.1/thumb/v8-m.main+fp/softfp/libgcc.a(_aeabi_uldivmod.o)
                              CMakeFiles/chademo_controller_vehicle.dir/chademo_hal.c.o (__aeabi_uldivmod)
/opt/st/stm32cubeclt_1.21.0/GNU-tools-for-STM32/bin/../lib/gcc/arm-none-eabi/14.3.1/thumb/v8-m.main+fp/softfp/libgcc.a(_udivmoddi4.o)
                              /opt/st/stm32cubeclt_1.21.0/GNU-tools-for-STM32/bin/../lib/gcc/arm-none-eabi/14.3.1/thumb/v8-m.main+fp/softfp/libgcc.a(_aeabi_ldivmod.o) (__udivmoddi4)
/opt/st/stm32cubeclt_1.21.0/GNU-tools-for-STM32/bin/../lib/gcc/arm-none-eabi/14.3.1/thumb/v8-m.main+fp/softfp/libgcc.a(_dvmd_tls.o)
                              /opt/st/stm32cubeclt_1.21.0/GNU-tools-for-STM32/bin/../lib/gcc/arm-none-eabi/14.3.1/thumb/v8-m.main+fp/softfp/libgcc.a(_aeabi_ldivmod.o) (__aeabi_ldiv0)
/opt/st/stm32cubeclt_1.21.0/GNU-tools-for-STM32/bin/../lib/gcc/arm-none-eabi/14.3.1/../../../../arm-none-eabi/lib/thumb/v8-m.main+fp/softfp/libg.a(libc_a-calloc.o)
                              CMakeFiles/chademo_controller_vehicle.dir/home/tliao/git/pico-sdk/src/rp2_common/pico_malloc/malloc.c.o (calloc)
/opt/st/stm32cubeclt_1.21.0/GNU-tools-for-STM32/bin/../lib/gcc/arm-none-eabi/14.3.1/../../../../arm-none-eabi/lib/thumb/v8-m.main+fp/softfp/libg.a(libc_a-callocr.o)
                              /opt/st/stm32cubeclt_1.21.0/GNU-tools-for-STM32/bin/../lib/gcc/arm-none-eabi/14.3.1/../../../../arm-none-eabi/lib/thumb/v8-m.main+fp/softfp/libg.a(libc_a-calloc.o) (_calloc_r)
/opt/st/stm32cubeclt_1.21.0/GNU-tools-for-STM32/bin/../lib/gcc/arm-none-eabi/14.3.1/../../../../arm-none-eabi/lib/thumb/v8-m.main+fp/softfp/libg.a(libc_a-malloc.o)
                              CMakeFiles/chademo_controller_vehicle.dir/home/tliao/git/pico-sdk/src/rp2_common/pico_malloc/malloc.c.o (malloc)
/opt/st/stm32cubeclt_1.21.0/GNU-tools-for-STM32/bin/../lib/gcc/arm-none-eabi/14.3.1/../../../../arm-none-eabi/lib/thumb/v8-m.main+fp/softfp/libg.a(libc_a-mallocr.o)
                              /opt/st/stm32cubeclt_1.21.0/GNU-tools-for-STM32/bin/../lib/gcc/arm-none-eabi/14.3.1/../../../../arm-none-eabi/lib/thumb/v8-m.main+fp/softfp/libg.a(libc_a-callocr.o) (_malloc_r)
/opt/st/stm32cubeclt_1.21.0/GNU-tools-for-STM32/bin/../lib/gcc/arm-none-eabi/14.3.1/../../../../arm-none-eabi/lib/thumb/v8-m.main+fp/softfp/libg.a(libc_a-mlock.o)
                              /opt/st/stm32cubeclt_1.21.0/GNU-tools-for-STM32/bin/../lib/gcc/arm-none-eabi/14.3.1/../../../../arm-none-eabi/lib/thumb/v8-m.main+fp/softfp/libg.a(libc_a-mallocr.o) (__malloc_lock)
/opt/st/stm32cubeclt_1.21.0/GNU-tools-for-STM32/bin/../lib/gcc/arm-none-eabi/14.3.1/../../../../arm-none-eabi/lib/thumb/v8-m.main+fp/softfp/libg.a(libc_a-realloc.o)
                              CMakeFiles/chademo_controller_vehicle.dir/home/tliao/git/pico-sdk/src/rp2_common/pico_malloc/malloc.c.o (realloc)
/opt/st/stm32cubeclt_1.21.0/GNU-tools-for-STM32/bin/../lib/gcc/arm-none-eabi/14.3.1/../../../../arm-none-eabi/lib/thumb/v8-m.main+fp/softfp/libg.a(libc_a-reallocr.o)
                              /opt/st/stm32cubeclt_1.21.0/GNU-tools-for-STM32/bin/../lib/gcc/arm-none-eabi/14.3.1/../../../../arm-none-eabi/lib/thumb/v8-m.main+fp/softfp/libg.a(libc_a-realloc.o) (_realloc_r)
/opt/st/stm32cubeclt_1.21.0/GNU-tools-for-STM32/bin/../lib/gcc/arm-none-eabi/14.3.1/../../../../arm-none-eabi/lib/thumb/v8-m.main+fp/softfp/libg.a(libc_a-memcmp.o)
                              CMakeFiles/chademo_controller_vehicle.dir/home/tliao/git/pico-sdk/src/rp2_common/pico_atomic/atomic.c.o (memcmp)
[...]
Memory Configuration

Name             Origin             Length             Attributes
FLASH            0x10000000         0x00400000         xr
RAM              0x20000000         0x00080000         xrw
SCRATCH_X        0x20080000         0x00001000         xrw
SCRATCH_Y        0x20081000         0x00001000         xrw
*default*        0x00000000         0xffffffff

Linker script and memory map

LOAD /opt/st/stm32cubeclt_1.21.0/GNU-tools-for-STM32/bin/../lib/gcc/arm-none-eabi/14.3.1/thumb/v8-m.main+fp/softfp/crti.o
LOAD /opt/st/stm32cubeclt_1.21.0/GNU-tools-for-STM32/bin/../lib/gcc/arm-none-eabi/14.3.1/thumb/v8-m.main+fp/softfp/crtbegin.o
LOAD /opt/st/stm32cubeclt_1.21.0/GNU-tools-for-STM32/bin/../lib/gcc/arm-none-eabi/14.3.1/../../../../arm-none-eabi/lib/thumb/v8-m.main+fp/softfp/crt0.o

.flash_begin    0x10000000        0x0
                0x10000000                        __flash_binary_start = .

.text           0x10000000     0x7098
                0x10000000                        __logical_binary_start = .
 *(.vectors)
 .vectors       0x10000000      0x124 CMakeFiles/chademo_controller_vehicle.dir/home/tliao/git/pico-sdk/src/rp2_common/pico_crt0/crt0.S.o
                0x10000000                __vectors
                0x10000000                __VECTOR_TABLE
                0x10000110                isr_invalid
                0x10000110                __default_isrs_start
                0x10000112                isr_nmi
                0x10000114                isr_hardfault
                0x10000116                isr_svcall
                0x10000118                isr_pendsv
                0x1000011a                isr_systick
                0x1000011c                isr_irq30
                0x1000011c                __unhandled_user_irq
                0x1000011c                isr_irq49
                0x1000011c                isr_irq13
                0x1000011c                isr_irq43
                0x1000011c                isr_irq45
                0x1000011c                isr_irq27
                0x1000011c                isr_irq32
                0x1000011c                isr_irq31
                0x1000011c                isr_irq5
                0x1000011c                isr_irq11
                0x1000011c                isr_irq23
                0x1000011c                isr_irq48
                0x1000011c                isr_irq35
                0x1000011c                isr_irq18
                0x1000011c                isr_irq50
                0x1000011c                isr_irq40
                0x1000011c                isr_irq28
                0x1000011c                isr_irq19
                0x1000011c                isr_irq36
                0x1000011c                isr_irq41
                0x1000011c                isr_irq0
                0x1000011c                isr_irq6
                0x1000011c                isr_irq37
                0x1000011c                isr_irq42
                0x1000011c                isr_irq22
                0x1000011c                isr_irq17
                0x1000011c                isr_irq38
                0x1000011c                isr_irq14
                0x1000011c                isr_irq2
                0x1000011c                isr_irq10
                0x1000011c                isr_irq8
                0x1000011c                isr_irq24
                0x1000011c                isr_irq46
                0x1000011c                isr_irq1
                0x1000011c                isr_irq47
                0x1000011c                isr_irq51
                0x1000011c                isr_irq7
                0x1000011c                isr_irq21
                0x1000011c                isr_irq39
                0x1000011c                isr_irq20
                0x1000011c                isr_irq15
                0x1000011c                isr_irq25
                0x1000011c                isr_irq34
                0x1000011c                isr_irq4
                0x1000011c                isr_irq16
                0x1000011c                isr_irq44
                0x1000011c                isr_irq29
                0x1000011c                isr_irq26
                0x1000011c                __default_isrs_end
                0x1000011c                isr_irq33
                0x1000011c                isr_irq3
                0x1000011c                isr_irq12
                0x1000011c                isr_irq9
                0x10000122                unhandled_user_irq_num_in_r0
 *(.binary_info_header)
 .binary_info_header
                0x10000124       0x14 CMakeFiles/chademo_controller_vehicle.dir/home/tliao/git/pico-sdk/src/rp2_common/pico_crt0/crt0.S.o
                0x10000138                        __binary_info_header_end = .
 *(.embedded_block)
 .embedded_block
                0x10000138       0x14 CMakeFiles/chademo_controller_vehicle.dir/home/tliao/git/pico-sdk/src/rp2_common/pico_crt0/crt0.S.o
                0x1000014c                        __embedded_block_end = .
 *(.reset)
 .reset         0x1000014c       0xa0 CMakeFiles/chademo_controller_vehicle.dir/home/tliao/git/pico-sdk/src/rp2_common/pico_crt0/crt0.S.o
                0x1000014c                _entry_point
 *(.init)
 .init          0x100001ec        0x4 /opt/st/stm32cubeclt_1.21.0/GNU-tools-for-STM32/bin/../lib/gcc/arm-none-eabi/14.3.1/thumb/v8-m.main+fp/softfp/crti.o
                0x100001ec                _init
 *libgcc.a:cmse_nonsecure_call.o()
 *(EXCLUDE_FILE(*libm.a: *libc.a:*lib_a-mem*.o *libgcc.a:) .text*)
 .text          0x100001f0       0x40 /opt/st/stm32cubeclt_1.21.0/GNU-tools-for-STM32/bin/../lib/gcc/arm-none-eabi/14.3.1/thumb/v8-m.main+fp/softfp/crtbegin.o
 .text.startup.main
                0x10000230      0x604 CMakeFiles/chademo_controller_vehicle.dir/main.c.o
                0x10000230                main
 .text.hal_gpio_init
                0x10000834       0x68 CMakeFiles/chademo_controller_vehicle.dir/chademo_hal.c.o
                0x10000834                hal_gpio_init
 .text.hal_gpio_set_contactor
                0x1000089c        0x8 CMakeFiles/chademo_controller_vehicle.dir/chademo_hal.c.o
                0x1000089c                hal_gpio_set_contactor
 .text.hal_gpio_set_dcp
                0x100008a4        0x8 CMakeFiles/chademo_controller_vehicle.dir/chademo_hal.c.o
                0x100008a4                hal_gpio_set_dcp
 .text.hal_gpio_read_pp
                0x100008ac        0xc CMakeFiles/chademo_controller_vehicle.dir/chademo_hal.c.o
                0x100008ac                hal_gpio_read_pp
 .text.hal_can_reset
                0x100008b8       0x58 CMakeFiles/chademo_controller_vehicle.dir/chademo_hal.c.o
                0x100008b8                hal_can_reset
 .text.hal_can_read_reg
                0x10000910       0x7c CMakeFiles/chademo_controller_vehicle.dir/chademo_hal.c.o
                0x10000910                hal_can_read_reg
 .text.hal_can_write_reg
                0x1000098c       0x7c CMakeFiles/chademo_controller_vehicle.dir/chademo_hal.c.o
                0x1000098c                hal_can_write_reg
 .text.hal_can_bit_modify
                0x10000a08       0x98 CMakeFiles/chademo_controller_vehicle.dir/chademo_hal.c.o
                0x10000a08                hal_can_bit_modify
 .text.hal_can_init
                0x10000aa0      0x10c CMakeFiles/chademo_controller_vehicle.dir/chademo_hal.c.o
                0x10000aa0                hal_can_init
 .text.hal_can_send
                0x10000bac      0x1b0 CMakeFiles/chademo_controller_vehicle.dir/chademo_hal.c.o
                0x10000bac                hal_can_send
 .text.hal_can_recv
                0x10000d5c      0x100 CMakeFiles/chademo_controller_vehicle.dir/chademo_hal.c.o
                0x10000d5c                hal_can_recv
 .text.hal_millis
                0x10000e5c       0x24 CMakeFiles/chademo_controller_vehicle.dir/chademo_hal.c.o
                0x10000e5c                hal_millis
 .text.hal_watchdog_feed
                0x10000e80        0x4 CMakeFiles/chademo_controller_vehicle.dir/chademo_hal.c.o
                0x10000e80                hal_watchdog_feed
 .text.hal_watchdog_init
                0x10000e84       0x18 CMakeFiles/chademo_controller_vehicle.dir/chademo_hal.c.o
                0x10000e84                hal_watchdog_init
 .text.chademo_can_init_rx_charger
                0x10000e9c       0x1c CMakeFiles/chademo_controller_vehicle.dir/chademo_can.c.o
                0x10000e9c                chademo_can_init_rx_charger
 .text.chademo_can_pack_vehicle_frames
                0x10000eb8       0xa8 CMakeFiles/chademo_controller_vehicle.dir/chademo_can.c.o
                0x10000eb8                chademo_can_pack_vehicle_frames
 .text.chademo_can_unpack_charger_frame
                0x10000f60       0x64 CMakeFiles/chademo_controller_vehicle.dir/chademo_can.c.o
                0x10000f60                chademo_can_unpack_charger_frame
 .text.enter_fault
                0x10000fc4       0x64 CMakeFiles/chademo_controller_vehicle.dir/chademo_fsm.c.o
 .text.chademo_fsm_init
                0x10001028       0x64 CMakeFiles/chademo_controller_vehicle.dir/chademo_fsm.c.o
                0x10001028                chademo_fsm_init
 .text.chademo_fsm_push_can_rx
                0x1000108c       0x14 CMakeFiles/chademo_controller_vehicle.dir/chademo_fsm.c.o
                0x1000108c                chademo_fsm_push_can_rx
 .text.chademo_fsm_pull_can_tx
                0x100010a0       0x48 CMakeFiles/chademo_controller_vehicle.dir/chademo_fsm.c.o
                0x100010a0                chademo_fsm_pull_can_tx
 .text.chademo_fsm_set_measured_voltage
                0x100010e8        0x8 CMakeFiles/chademo_controller_vehicle.dir/chademo_fsm.c.o
                0x100010e8                chademo_fsm_set_measured_voltage
 .text.chademo_fsm_set_measured_current
                0x100010f0        0x8 CMakeFiles/chademo_controller_vehicle.dir/chademo_fsm.c.o
                0x100010f0                chademo_fsm_set_measured_current
 .text.chademo_fsm_set_battery_soc
                0x100010f8        0xc CMakeFiles/chademo_controller_vehicle.dir/chademo_fsm.c.o
                0x100010f8                chademo_fsm_set_battery_soc
 .text.chademo_fsm_set_target_voltage
                0x10001104        0xc CMakeFiles/chademo_controller_vehicle.dir/chademo_fsm.c.o
                0x10001104                chademo_fsm_set_target_voltage
 .text.chademo_fsm_set_target_current
                0x10001110        0xc CMakeFiles/chademo_controller_vehicle.dir/chademo_fsm.c.o
                0x10001110                chademo_fsm_set_target_current
 .text.chademo_fsm_set_max_voltage
                0x1000111c        0x4 CMakeFiles/chademo_controller_vehicle.dir/chademo_fsm.c.o
                0x1000111c                chademo_fsm_set_max_voltage
 .text.chademo_fsm_set_capacity_kwh
                0x10001120        0x4 CMakeFiles/chademo_controller_vehicle.dir/chademo_fsm.c.o
                0x10001120                chademo_fsm_set_capacity_kwh
 .text.chademo_fsm_request_shutdown
                0x10001124       0x30 CMakeFiles/chademo_controller_vehicle.dir/chademo_fsm.c.o
                0x10001124                chademo_fsm_request_shutdown
 .text.chademo_fsm_step
                0x10001154      0x728 CMakeFiles/chademo_controller_vehicle.dir/chademo_fsm.c.o
                0x10001154                chademo_fsm_step
 .text.chademo_fsm_state_name
                0x1000187c       0x18 CMakeFiles/chademo_controller_vehicle.dir/chademo_fsm.c.o
                0x1000187c                chademo_fsm_state_name
 .text.chademo_fsm_fault_name
                0x10001894       0x18 CMakeFiles/chademo_controller_vehicle.dir/chademo_fsm.c.o
                0x10001894                chademo_fsm_fault_name
 .text.gpio_set_function
                0x100018ac       0x3c CMakeFiles/chademo_controller_vehicle.dir/home/tliao/git/pico-sdk/src/rp2_common/hardware_gpio/gpio.c.o
                0x100018ac                gpio_set_function
 .text.gpio_set_pulls
                0x100018e8       0x28 CMakeFiles/chademo_controller_vehicle.dir/home/tliao/git/pico-sdk/src/rp2_common/hardware_gpio/gpio.c.o
                0x100018e8                gpio_set_pulls
 .text.gpio_init
                0x10001910       0x48 CMakeFiles/chademo_controller_vehicle.dir/home/tliao/git/pico-sdk/src/rp2_common/hardware_gpio/gpio.c.o
                0x10001910                gpio_init
 .text.panic    0x10001958       0x30 CMakeFiles/chademo_controller_vehicle.dir/home/tliao/git/pico-sdk/src/rp2_common/pico_platform_panic/panic.c.o
                0x10001958                panic
 .text.hw_claim_or_assert
                0x10001988       0x58 CMakeFiles/chademo_controller_vehicle.dir/home/tliao/git/pico-sdk/src/common/hardware_claim/claim.c.o
                0x10001988                hw_claim_or_assert
 .text.hw_claim_unused_from_range
                0x100019e0       0x80 CMakeFiles/chademo_controller_vehicle.dir/home/tliao/git/pico-sdk/src/common/hardware_claim/claim.c.o
                0x100019e0                hw_claim_unused_from_range
 .text.next_striped_spin_lock_num
                0x10001a60       0x18 CMakeFiles/chademo_controller_vehicle.dir/home/tliao/git/pico-sdk/src/rp2_common/hardware_sync/sync.c.o
                0x10001a60                next_striped_spin_lock_num
 .text.spin_lock_claim_unused
                0x10001a78       0x20 CMakeFiles/chademo_controller_vehicle.dir/home/tliao/git/pico-sdk/src/rp2_common/hardware_sync/sync.c.o
                0x10001a78                spin_lock_claim_unused
 .text.spinlock_set_extexclall
                0x10001a98       0x10 CMakeFiles/chademo_controller_vehicle.dir/home/tliao/git/pico-sdk/src/rp2_common/hardware_sync_spin_lock/sync_spin_lock.c.o
 .text.spin_locks_reset
                0x10001aa8       0x18 CMakeFiles/chademo_controller_vehicle.dir/home/tliao/git/pico-sdk/src/rp2_common/hardware_sync_spin_lock/sync_spin_lock.c.o
                0x10001aa8                spin_locks_reset
 .text.runtime_init_per_core_irq_priorities
                0x10001ac0       0x1c CMakeFiles/chademo_controller_vehicle.dir/home/tliao/git/pico-sdk/src/rp2_common/hardware_irq/irq.c.o
                0x10001ac0                runtime_init_per_core_irq_priorities
 .text.irq_set_enabled
                0x10001adc       0x2c CMakeFiles/chademo_controller_vehicle.dir/home/tliao/git/pico-sdk/src/rp2_common/hardware_irq/irq.c.o
                0x10001adc                irq_set_enabled
 .text.irq_is_enabled
                0x10001b08       0x20 CMakeFiles/chademo_controller_vehicle.dir/home/tliao/git/pico-sdk/src/rp2_common/hardware_irq/irq.c.o
                0x10001b08                irq_is_enabled
 .text.irq_set_pending
                0x10001b28       0x18 CMakeFiles/chademo_controller_vehicle.dir/home/tliao/git/pico-sdk/src/rp2_common/hardware_irq/irq.c.o
                0x10001b28                irq_set_pending
 .text.irq_has_shared_handler
                0x10001b40       0x20 CMakeFiles/chademo_controller_vehicle.dir/home/tliao/git/pico-sdk/src/rp2_common/hardware_irq/irq.c.o
                0x10001b40                irq_has_shared_handler
 .text.irq_set_exclusive_handler
                0x10001b60       0x60 CMakeFiles/chademo_controller_vehicle.dir/home/tliao/git/pico-sdk/src/rp2_common/hardware_irq/irq.c.o
                0x10001b60                irq_set_exclusive_handler
 .text.irq_add_shared_handler
                0x10001bc0      0x1e8 CMakeFiles/chademo_controller_vehicle.dir/home/tliao/git/pico-sdk/src/rp2_common/hardware_irq/irq.c.o
                0x10001bc0                irq_add_shared_handler
 .text.irq_add_tail_to_free_list
                0x10001da8       0xa8 CMakeFiles/chademo_controller_vehicle.dir/home/tliao/git/pico-sdk/src/rp2_common/hardware_irq/irq.c.o
                0x10001da8                irq_add_tail_to_free_list
 .text.user_irq_claim_unused
                0x10001e50       0x28 CMakeFiles/chademo_controller_vehicle.dir/home/tliao/git/pico-sdk/src/rp2_common/hardware_irq/irq.c.o
                0x10001e50                user_irq_claim_unused
 .text.lock_init
                0x10001e78        0xc CMakeFiles/chademo_controller_vehicle.dir/home/tliao/git/pico-sdk/src/common/pico_sync/lock_core.c.o
                0x10001e78                lock_init
 .text.runtime_init_mutex
                0x10001e84       0x50 CMakeFiles/chademo_controller_vehicle.dir/home/tliao/git/pico-sdk/src/common/pico_sync/mutex.c.o
                0x10001e84                runtime_init_mutex
 .text.mutex_init
                0x10001ed4       0x1c CMakeFiles/chademo_controller_vehicle.dir/home/tliao/git/pico-sdk/src/common/pico_sync/mutex.c.o
                0x10001ed4                mutex_init
 .text.critical_section_init
                0x10001ef0       0x1c CMakeFiles/chademo_controller_vehicle.dir/home/tliao/git/pico-sdk/src/common/pico_sync/critical_section.c.o
                0x10001ef0                critical_section_init
 .text.critical_section_init_with_lock_num
                0x10001f0c       0x10 CMakeFiles/chademo_controller_vehicle.dir/home/tliao/git/pico-sdk/src/common/pico_sync/critical_section.c.o
                0x10001f0c                critical_section_init_with_lock_num
 .text.sleep_until_callback
                0x10001f1c       0x3c CMakeFiles/chademo_controller_vehicle.dir/home/tliao/git/pico-sdk/src/common/pico_time/time.c.o
 .text.alarm_pool_irq_handler
                0x10001f58      0x2e0 CMakeFiles/chademo_controller_vehicle.dir/home/tliao/git/pico-sdk/src/common/pico_time/time.c.o
 .text.runtime_init_default_alarm_pool
                0x10002238       0xa0 CMakeFiles/chademo_controller_vehicle.dir/home/tliao/git/pico-sdk/src/common/pico_time/time.c.o
                0x10002238                runtime_init_default_alarm_pool
 .text.alarm_pool_get_default
                0x100022d8        0x8 CMakeFiles/chademo_controller_vehicle.dir/home/tliao/git/pico-sdk/src/common/pico_time/time.c.o
                0x100022d8                alarm_pool_get_default
 .text.alarm_pool_add_alarm_at_force_in_context
                0x100022e0       0xc8 CMakeFiles/chademo_controller_vehicle.dir/home/tliao/git/pico-sdk/src/common/pico_time/time.c.o
                0x100022e0                alarm_pool_add_alarm_at_force_in_context
 .text.alarm_pool_add_alarm_at
                0x100023a8       0x40 CMakeFiles/chademo_controller_vehicle.dir/home/tliao/git/pico-sdk/src/common/pico_time/time.c.o
                0x100023a8                alarm_pool_add_alarm_at
 .text.alarm_pool_cancel_alarm
                0x100023e8       0x80 CMakeFiles/chademo_controller_vehicle.dir/home/tliao/git/pico-sdk/src/common/pico_time/time.c.o
                0x100023e8                alarm_pool_cancel_alarm
 .text.alarm_pool_core_num
                0x10002468        0x4 CMakeFiles/chademo_controller_vehicle.dir/home/tliao/git/pico-sdk/src/common/pico_time/time.c.o
                0x10002468                alarm_pool_core_num
 .text.sleep_until
                0x1000246c       0xbc CMakeFiles/chademo_controller_vehicle.dir/home/tliao/git/pico-sdk/src/common/pico_time/time.c.o
                0x1000246c                sleep_until
 .text.sleep_ms
                0x10002528       0x2c CMakeFiles/chademo_controller_vehicle.dir/home/tliao/git/pico-sdk/src/common/pico_time/time.c.o
                0x10002528                sleep_ms
 .text.best_effort_wfe_or_timeout
                0x10002554       0xd4 CMakeFiles/chademo_controller_vehicle.dir/home/tliao/git/pico-sdk/src/common/pico_time/time.c.o
                0x10002554                best_effort_wfe_or_timeout
 .text.timer_hardware_alarm_claim
                0x10002628       0x24 CMakeFiles/chademo_controller_vehicle.dir/home/tliao/git/pico-sdk/src/rp2_common/hardware_timer/timer.c.o
                0x10002628                timer_hardware_alarm_claim
 .text.timer_time_us_64
                0x1000264c       0x10 CMakeFiles/chademo_controller_vehicle.dir/home/tliao/git/pico-sdk/src/rp2_common/hardware_timer/timer.c.o
                0x1000264c                timer_time_us_64
 .text.time_us_64
                0x1000265c       0x14 CMakeFiles/chademo_controller_vehicle.dir/home/tliao/git/pico-sdk/src/rp2_common/hardware_timer/timer.c.o
                0x1000265c                time_us_64
 .text.busy_wait_us
                0x10002670       0x64 CMakeFiles/chademo_controller_vehicle.dir/home/tliao/git/pico-sdk/src/rp2_common/hardware_timer/timer.c.o
                0x10002670                busy_wait_us
 .text.busy_wait_until
                0x100026d4       0x24 CMakeFiles/chademo_controller_vehicle.dir/home/tliao/git/pico-sdk/src/rp2_common/hardware_timer/timer.c.o
                0x100026d4                busy_wait_until
 .text.uart_set_baudrate
                0x100026f8       0x9c CMakeFiles/chademo_controller_vehicle.dir/home/tliao/git/pico-sdk/src/rp2_common/hardware_uart/uart.c.o
                0x100026f8                uart_set_baudrate
 .text.uart_init
                0x10002794       0x80 CMakeFiles/chademo_controller_vehicle.dir/home/tliao/git/pico-sdk/src/rp2_common/hardware_uart/uart.c.o
                0x10002794                uart_init
 .text.clock_configure_internal
                0x10002814       0xcc CMakeFiles/chademo_controller_vehicle.dir/home/tliao/git/pico-sdk/src/rp2_common/hardware_clocks/clocks.c.o
 .text.clock_configure_undivided
                0x100028e0       0x14 CMakeFiles/chademo_controller_vehicle.dir/home/tliao/git/pico-sdk/src/rp2_common/hardware_clocks/clocks.c.o
                0x100028e0                clock_configure_undivided
 .text.clock_get_hz
                0x100028f4        0xc CMakeFiles/chademo_controller_vehicle.dir/home/tliao/git/pico-sdk/src/rp2_common/hardware_clocks/clocks.c.o
                0x100028f4                clock_get_hz
 .text.pll_init
                0x10002900       0x8c CMakeFiles/chademo_controller_vehicle.dir/home/tliao/git/pico-sdk/src/rp2_common/hardware_pll/pll.c.o
                0x10002900                pll_init
 .text.watchdog_update
                0x1000298c       0x14 CMakeFiles/chademo_controller_vehicle.dir/home/tliao/git/pico-sdk/src/rp2_common/hardware_watchdog/watchdog.c.o
                0x1000298c                watchdog_update
 .text.watchdog_enable
                0x100029a0       0x7c CMakeFiles/chademo_controller_vehicle.dir/home/tliao/git/pico-sdk/src/rp2_common/hardware_watchdog/watchdog.c.o
                0x100029a0                watchdog_enable
 .text.watchdog_reboot
                0x10002a1c       0x98 CMakeFiles/chademo_controller_vehicle.dir/home/tliao/git/pico-sdk/src/rp2_common/hardware_watchdog/watchdog.c.o
                0x10002a1c                watchdog_reboot
 .text.tick_start
                0x10002ab4       0x18 CMakeFiles/chademo_controller_vehicle.dir/home/tliao/git/pico-sdk/src/rp2_common/hardware_ticks/ticks.c.o
                0x10002ab4                tick_start
 .text.rom_reboot.constprop.0.isra.0
                0x10002acc       0x34 CMakeFiles/chademo_controller_vehicle.dir/home/tliao/git/pico-sdk/src/rp2_common/pico_bootrom/bootrom.c.o
 .text.rom_func_lookup
                0x10002b00       0x18 CMakeFiles/chademo_controller_vehicle.dir/home/tliao/git/pico-sdk/src/rp2_common/pico_bootrom/bootrom.c.o
                0x10002b00                rom_func_lookup
 .text.rom_reset_usb_boot_extra
                0x10002b18       0x1c CMakeFiles/chademo_controller_vehicle.dir/home/tliao/git/pico-sdk/src/rp2_common/pico_bootrom/bootrom.c.o
                0x10002b18                rom_reset_usb_boot_extra
 .text.runtime_init_bootrom_locking_enable
                0x10002b34       0x14 CMakeFiles/chademo_controller_vehicle.dir/home/tliao/git/pico-sdk/src/rp2_common/pico_bootrom/bootrom_lock.c.o
                0x10002b34                runtime_init_bootrom_locking_enable
 .text.runtime_init_boot_locks_reset
                0x10002b48       0x1c CMakeFiles/chademo_controller_vehicle.dir/home/tliao/git/pico-sdk/src/rp2_common/hardware_boot_lock/boot_lock.c.o
                0x10002b48                runtime_init_boot_locks_reset
 .text.xosc_init
                0x10002b64       0x30 CMakeFiles/chademo_controller_vehicle.dir/home/tliao/git/pico-sdk/src/rp2_common/hardware_xosc/xosc.c.o
                0x10002b64                xosc_init
 .text.first_per_core_initializer
                0x10002b94        0x4 CMakeFiles/chademo_controller_vehicle.dir/home/tliao/git/pico-sdk/src/rp2_common/pico_runtime/runtime.c.o
 .text.hard_assertion_failure
                0x10002b98        0xc CMakeFiles/chademo_controller_vehicle.dir/home/tliao/git/pico-sdk/src/rp2_common/pico_runtime/runtime.c.o
                0x10002b98                hard_assertion_failure
 .text.runtime_run_initializers
                0x10002ba4       0x20 CMakeFiles/chademo_controller_vehicle.dir/home/tliao/git/pico-sdk/src/rp2_common/pico_runtime/runtime.c.o
                0x10002ba4                runtime_run_initializers
 .text.runtime_init_early_resets
                0x10002bc4       0x34 CMakeFiles/chademo_controller_vehicle.dir/home/tliao/git/pico-sdk/src/rp2_common/pico_runtime_init/runtime_init.c.o
                0x10002bc4                runtime_init_early_resets
 .text.runtime_init_usb_power_down
                0x10002bf8       0x1c CMakeFiles/chademo_controller_vehicle.dir/home/tliao/git/pico-sdk/src/rp2_common/pico_runtime_init/runtime_init.c.o
                0x10002bf8                runtime_init_usb_power_down
 .text.runtime_init_per_core_enable_coprocessors
                0x10002c14       0x1c CMakeFiles/chademo_controller_vehicle.dir/home/tliao/git/pico-sdk/src/rp2_common/pico_runtime_init/runtime_init.c.o
                0x10002c14                runtime_init_per_core_enable_coprocessors
 .text.runtime_init_post_clock_resets
                0x10002c30       0x20 CMakeFiles/chademo_controller_vehicle.dir/home/tliao/git/pico-sdk/src/rp2_common/pico_runtime_init/runtime_init.c.o
                0x10002c30                runtime_init_post_clock_resets
 .text.runtime_init_bootrom_reset
                0x10002c50       0x14 CMakeFiles/chademo_controller_vehicle.dir/home/tliao/git/pico-sdk/src/rp2_common/pico_runtime_init/runtime_init.c.o
                0x10002c50                runtime_init_bootrom_reset
 .text.runtime_init_per_core_bootrom_reset
                0x10002c64       0x14 CMakeFiles/chademo_controller_vehicle.dir/home/tliao/git/pico-sdk/src/rp2_common/pico_runtime_init/runtime_init.c.o
                0x10002c64                runtime_init_per_core_bootrom_reset
 .text.runtime_init_spin_locks_reset
                0x10002c78        0x4 CMakeFiles/chademo_controller_vehicle.dir/home/tliao/git/pico-sdk/src/rp2_common/pico_runtime_init/runtime_init.c.o
                0x10002c78                runtime_init_spin_locks_reset
 .text.runtime_init_install_ram_vector_table
                0x10002c7c       0x20 CMakeFiles/chademo_controller_vehicle.dir/home/tliao/git/pico-sdk/src/rp2_common/pico_runtime_init/runtime_init.c.o
                0x10002c7c                runtime_init_install_ram_vector_table
 .text.runtime_init_clocks
                0x10002c9c       0xdc CMakeFiles/chademo_controller_vehicle.dir/home/tliao/git/pico-sdk/src/rp2_common/pico_runtime_init/runtime_init_clocks.c.o
                0x10002c9c                runtime_init_clocks
 .text.__rp2350_dcp_engaged_state_save_restore
                0x10002d78       0x3a CMakeFiles/chademo_controller_vehicle.dir/home/tliao/git/pico-sdk/src/rp2_common/pico_double/double_aeabi_dcp.S.o
 *fill*         0x10002db2        0x2 
 .text.__wrap___aeabi_dadd
                0x10002db4       0x28 CMakeFiles/chademo_controller_vehicle.dir/home/tliao/git/pico-sdk/src/rp2_common/pico_double/double_aeabi_dcp.S.o
                0x10002dbc                __wrap___aeabi_dadd
 .text.__wrap___aeabi_dsub
                0x10002ddc       0x28 CMakeFiles/chademo_controller_vehicle.dir/home/tliao/git/pico-sdk/src/rp2_common/pico_double/double_aeabi_dcp.S.o
                0x10002de4                __wrap___aeabi_dsub
 .text.__wrap___aeabi_dmul
                0x10002e04       0x4c CMakeFiles/chademo_controller_vehicle.dir/home/tliao/git/pico-sdk/src/rp2_common/pico_double/double_aeabi_dcp.S.o
                0x10002e0c                __wrap___aeabi_dmul
 .text.__wrap___aeabi_ddiv
                0x10002e50       0x9c CMakeFiles/chademo_controller_vehicle.dir/home/tliao/git/pico-sdk/src/rp2_common/pico_double/double_aeabi_dcp.S.o
                0x10002e58                __wrap___aeabi_ddiv
 .text.__wrap___aeabi_i2d
                0x10002eec       0x24 CMakeFiles/chademo_controller_vehicle.dir/home/tliao/git/pico-sdk/src/rp2_common/pico_double/double_aeabi_dcp.S.o
                0x10002ef4                __wrap___aeabi_i2d
                0x10002ef4                int2double
 .text.__wrap___aeabi_ui2d
                0x10002f10       0x24 CMakeFiles/chademo_controller_vehicle.dir/home/tliao/git/pico-sdk/src/rp2_common/pico_double/double_aeabi_dcp.S.o
                0x10002f18                __wrap___aeabi_ui2d
                0x10002f18                uint2double
 .text.__wrap___aeabi_d2iz
                0x10002f34       0x24 CMakeFiles/chademo_controller_vehicle.dir/home/tliao/git/pico-sdk/src/rp2_common/pico_double/double_aeabi_dcp.S.o
                0x10002f3c                __wrap___aeabi_d2iz
                0x10002f3c                double2int_z
 .text.__wrap___aeabi_d2uiz
                0x10002f58       0x24 CMakeFiles/chademo_controller_vehicle.dir/home/tliao/git/pico-sdk/src/rp2_common/pico_double/double_aeabi_dcp.S.o
                0x10002f60                double2uint_z
                0x10002f60                double2uint
                0x10002f60                __wrap___aeabi_d2uiz
 .text.__wrap___aeabi_dcmpun
                0x10002f7c       0x24 CMakeFiles/chademo_controller_vehicle.dir/home/tliao/git/pico-sdk/src/rp2_common/pico_double/double_aeabi_dcp.S.o
                0x10002f84                __wrap___aeabi_dcmpun
 .text.__wrap___aeabi_dcmplt
                0x10002fa0       0x28 CMakeFiles/chademo_controller_vehicle.dir/home/tliao/git/pico-sdk/src/rp2_common/pico_double/double_aeabi_dcp.S.o
                0x10002fa8                __wrap___aeabi_dcmplt
 .text.__wrap___aeabi_dcmple
                0x10002fc8       0x28 CMakeFiles/chademo_controller_vehicle.dir/home/tliao/git/pico-sdk/src/rp2_common/pico_double/double_aeabi_dcp.S.o
                0x10002fd0                __wrap___aeabi_dcmple
 .text.__wrap___aeabi_dcmpge
                0x10002ff0       0x28 CMakeFiles/chademo_controller_vehicle.dir/home/tliao/git/pico-sdk/src/rp2_common/pico_double/double_aeabi_dcp.S.o
                0x10002ff8                __wrap___aeabi_dcmpge
 .text.__wrap___aeabi_dcmpgt
                0x10003018       0x28 CMakeFiles/chademo_controller_vehicle.dir/home/tliao/git/pico-sdk/src/rp2_common/pico_double/double_aeabi_dcp.S.o
                0x10003020                __wrap___aeabi_dcmpgt
 .text._out_null
                0x10003040        0x4 CMakeFiles/chademo_controller_vehicle.dir/home/tliao/git/pico-sdk/src/rp2_common/pico_printf/printf.c.o
 .text._out_rev
                0x10003044       0x9c CMakeFiles/chademo_controller_vehicle.dir/home/tliao/git/pico-sdk/src/rp2_common/pico_printf/printf.c.o
 .text._ntoa_format
                0x100030e0      0x1d4 CMakeFiles/chademo_controller_vehicle.dir/home/tliao/git/pico-sdk/src/rp2_common/pico_printf/printf.c.o
 .text._ntoa_long
                0x100032b4       0x94 CMakeFiles/chademo_controller_vehicle.dir/home/tliao/git/pico-sdk/src/rp2_common/pico_printf/printf.c.o
 .text._ntoa_long_long
                0x10003348       0xbc CMakeFiles/chademo_controller_vehicle.dir/home/tliao/git/pico-sdk/src/rp2_common/pico_printf/printf.c.o
 *fill*         0x10003404        0x4 
 .text._etoa    0x10003408      0x528 CMakeFiles/chademo_controller_vehicle.dir/home/tliao/git/pico-sdk/src/rp2_common/pico_printf/printf.c.o
 .text._ftoa    0x10003930      0x3e4 CMakeFiles/chademo_controller_vehicle.dir/home/tliao/git/pico-sdk/src/rp2_common/pico_printf/printf.c.o
 .text._out_char
                0x10003d14        0x8 CMakeFiles/chademo_controller_vehicle.dir/home/tliao/git/pico-sdk/src/rp2_common/pico_printf/printf.c.o
 .text._out_fct
                0x10003d1c        0xc CMakeFiles/chademo_controller_vehicle.dir/home/tliao/git/pico-sdk/src/rp2_common/pico_printf/printf.c.o
 .text._vsnprintf
                0x10003d28      0x6c8 CMakeFiles/chademo_controller_vehicle.dir/home/tliao/git/pico-sdk/src/rp2_common/pico_printf/printf.c.o
 .text.vfctprintf
                0x100043f0       0x28 CMakeFiles/chademo_controller_vehicle.dir/home/tliao/git/pico-sdk/src/rp2_common/pico_printf/printf.c.o
                0x100043f0                vfctprintf
 .text.weak_raw_vprintf
                0x10004418       0x30 CMakeFiles/chademo_controller_vehicle.dir/home/tliao/git/pico-sdk/src/rp2_common/pico_printf/printf.c.o
                0x10004418                weak_raw_vprintf
 .text._exit    0x10004448        0x4 CMakeFiles/chademo_controller_vehicle.dir/home/tliao/git/pico-sdk/src/rp2_common/pico_clib_interface/newlib_interface.c.o
                0x10004448                _exit
 .text.exit     0x1000444c        0x8 CMakeFiles/chademo_controller_vehicle.dir/home/tliao/git/pico-sdk/src/rp2_common/pico_clib_interface/newlib_interface.c.o
                0x1000444c                exit
 .text.runtime_init
                0x10004454       0x24 CMakeFiles/chademo_controller_vehicle.dir/home/tliao/git/pico-sdk/src/rp2_common/pico_clib_interface/newlib_interface.c.o
                0x10004454                runtime_init
 .text.stdio_out_chars_no_crlf
                0x10004478        0x8 CMakeFiles/chademo_controller_vehicle.dir/home/tliao/git/pico-sdk/src/rp2_common/pico_stdio/stdio.c.o
 .text.stdio_out_chars_crlf
                0x10004480       0xac CMakeFiles/chademo_controller_vehicle.dir/home/tliao/git/pico-sdk/src/rp2_common/pico_stdio/stdio.c.o
 .text.stdio_buffered_printer
                0x1000452c       0x60 CMakeFiles/chademo_controller_vehicle.dir/home/tliao/git/pico-sdk/src/rp2_common/pico_stdio/stdio.c.o
 .text.stdio_put_string
                0x1000458c       0xc8 CMakeFiles/chademo_controller_vehicle.dir/home/tliao/git/pico-sdk/src/rp2_common/pico_stdio/stdio.c.o
                0x1000458c                stdio_put_string
 .text.stdio_set_driver_enabled
                0x10004654       0x28 CMakeFiles/chademo_controller_vehicle.dir/home/tliao/git/pico-sdk/src/rp2_common/pico_stdio/stdio.c.o
                0x10004654                stdio_set_driver_enabled
 .text.stdio_init_all
                0x1000467c        0x4 CMakeFiles/chademo_controller_vehicle.dir/home/tliao/git/pico-sdk/src/rp2_common/pico_stdio/stdio.c.o
                0x1000467c                stdio_init_all
 .text.__wrap_putchar
                0x10004680       0x20 CMakeFiles/chademo_controller_vehicle.dir/home/tliao/git/pico-sdk/src/rp2_common/pico_stdio/stdio.c.o
                0x10004680                stdio_putchar
                0x10004680                __wrap_putchar
 .text.__wrap_puts
                0x100046a0       0x30 CMakeFiles/chademo_controller_vehicle.dir/home/tliao/git/pico-sdk/src/rp2_common/pico_stdio/stdio.c.o
                0x100046a0                __wrap_puts
                0x100046a0                stdio_puts
 .text.__wrap_vprintf
                0x100046d0       0xc0 CMakeFiles/chademo_controller_vehicle.dir/home/tliao/git/pico-sdk/src/rp2_common/pico_stdio/stdio.c.o
                0x100046d0                __wrap_vprintf
                0x100046d0                stdio_vprintf
 .text.__wrap_printf
                0x10004790       0x1c CMakeFiles/chademo_controller_vehicle.dir/home/tliao/git/pico-sdk/src/rp2_common/pico_stdio/stdio.c.o
                0x10004790                stdio_printf
                0x10004790                __wrap_printf
 .text.resetd_init
                0x100047ac        0x4 CMakeFiles/chademo_controller_vehicle.dir/home/tliao/git/pico-sdk/src/rp2_common/pico_stdio_usb/reset_interface.c.o
 .text.resetd_reset
                0x100047b0        0xc CMakeFiles/chademo_controller_vehicle.dir/home/tliao/git/pico-sdk/src/rp2_common/pico_stdio_usb/reset_interface.c.o
 .text.resetd_open
                0x100047bc       0x28 CMakeFiles/chademo_controller_vehicle.dir/home/tliao/git/pico-sdk/src/rp2_common/pico_stdio_usb/reset_interface.c.o
 .text.resetd_xfer_cb
                0x100047e4        0x4 CMakeFiles/chademo_controller_vehicle.dir/home/tliao/git/pico-sdk/src/rp2_common/pico_stdio_usb/reset_interface.c.o
 .text.resetd_control_xfer_cb
                0x100047e8       0x50 CMakeFiles/chademo_controller_vehicle.dir/home/tliao/git/pico-sdk/src/rp2_common/pico_stdio_usb/reset_interface.c.o
 .text.tud_descriptor_bos_cb
                0x10004838        0x8 CMakeFiles/chademo_controller_vehicle.dir/home/tliao/git/pico-sdk/src/rp2_common/pico_stdio_usb/reset_interface.c.o
                0x10004838                tud_descriptor_bos_cb
 .text.tud_vendor_control_xfer_cb
                0x10004840       0x28 CMakeFiles/chademo_controller_vehicle.dir/home/tliao/git/pico-sdk/src/rp2_common/pico_stdio_usb/reset_interface.c.o
                0x10004840                tud_vendor_control_xfer_cb
 .text.usbd_app_driver_get_cb
                0x10004868       0x10 CMakeFiles/chademo_controller_vehicle.dir/home/tliao/git/pico-sdk/src/rp2_common/pico_stdio_usb/reset_interface.c.o
                0x10004868                usbd_app_driver_get_cb
 .text.tud_cdc_line_coding_cb
                0x10004878       0x18 CMakeFiles/chademo_controller_vehicle.dir/home/tliao/git/pico-sdk/src/rp2_common/pico_stdio_usb/reset_interface.c.o
                0x10004878                tud_cdc_line_coding_cb
 .text.stdio_usb_set_chars_available_callback
                0x10004890       0x14 CMakeFiles/chademo_controller_vehicle.dir/home/tliao/git/pico-sdk/src/rp2_common/pico_stdio_usb/stdio_usb.c.o
                0x10004890                stdio_usb_set_chars_available_callback
 .text.usb_irq  0x100048a4        0xc CMakeFiles/chademo_controller_vehicle.dir/home/tliao/git/pico-sdk/src/rp2_common/pico_stdio_usb/stdio_usb.c.o
 .text.stdio_usb_in_chars
                0x100048b0       0x88 CMakeFiles/chademo_controller_vehicle.dir/home/tliao/git/pico-sdk/src/rp2_common/pico_stdio_usb/stdio_usb.c.o
                0x100048b0                stdio_usb_in_chars
 .text.stdio_usb_out_flush
                0x10004938       0x54 CMakeFiles/chademo_controller_vehicle.dir/home/tliao/git/pico-sdk/src/rp2_common/pico_stdio_usb/stdio_usb.c.o
 .text.stdio_usb_out_chars
                0x1000498c       0xf4 CMakeFiles/chademo_controller_vehicle.dir/home/tliao/git/pico-sdk/src/rp2_common/pico_stdio_usb/stdio_usb.c.o
 .text.low_priority_worker_irq
                0x10004a80       0xd8 CMakeFiles/chademo_controller_vehicle.dir/home/tliao/git/pico-sdk/src/rp2_common/pico_stdio_usb/stdio_usb.c.o
 .text.timer_task
                0x10004b58       0x78 CMakeFiles/chademo_controller_vehicle.dir/home/tliao/git/pico-sdk/src/rp2_common/pico_stdio_usb/stdio_usb.c.o
 .text.stdio_usb_init
                0x10004bd0       0xe8 CMakeFiles/chademo_controller_vehicle.dir/home/tliao/git/pico-sdk/src/rp2_common/pico_stdio_usb/stdio_usb.c.o
                0x10004bd0                stdio_usb_init
 .text.tud_descriptor_device_cb
                0x10004cb8        0x8 CMakeFiles/chademo_controller_vehicle.dir/home/tliao/git/pico-sdk/src/rp2_common/pico_stdio_usb/stdio_usb_descriptors.c.o
                0x10004cb8                tud_descriptor_device_cb
 .text.tud_descriptor_configuration_cb
                0x10004cc0        0x8 CMakeFiles/chademo_controller_vehicle.dir/home/tliao/git/pico-sdk/src/rp2_common/pico_stdio_usb/stdio_usb_descriptors.c.o
                0x10004cc0                tud_descriptor_configuration_cb
 .text.tud_descriptor_string_cb
                0x10004cc8       0x70 CMakeFiles/chademo_controller_vehicle.dir/home/tliao/git/pico-sdk/src/rp2_common/pico_stdio_usb/stdio_usb_descriptors.c.o
                0x10004cc8                tud_descriptor_string_cb
 .text.startup._retrieve_unique_id_on_boot
                0x10004d38       0x30 CMakeFiles/chademo_controller_vehicle.dir/home/tliao/git/pico-sdk/src/rp2_common/pico_unique_id/unique_id.c.o
 .text.pico_get_unique_board_id_string
                0x10004d68       0x58 CMakeFiles/chademo_controller_vehicle.dir/home/tliao/git/pico-sdk/src/rp2_common/pico_unique_id/unique_id.c.o
                0x10004d68                pico_get_unique_board_id_string
 .text.hw_endpoint_init
                0x10004dc0       0x88 CMakeFiles/chademo_controller_vehicle.dir/home/tliao/git/pico-sdk/lib/tinyusb/src/portable/raspberrypi/rp2040/dcd_rp2040.c.o
 .text.dcd_init
                0x10004e48       0x8c CMakeFiles/chademo_controller_vehicle.dir/home/tliao/git/pico-sdk/lib/tinyusb/src/portable/raspberrypi/rp2040/dcd_rp2040.c.o
                0x10004e48                dcd_init
 .text.dcd_int_enable
                0x10004ed4        0x8 CMakeFiles/chademo_controller_vehicle.dir/home/tliao/git/pico-sdk/lib/tinyusb/src/portable/raspberrypi/rp2040/dcd_rp2040.c.o
                0x10004ed4                dcd_int_enable
 .text.dcd_set_address
                0x10004edc       0x10 CMakeFiles/chademo_controller_vehicle.dir/home/tliao/git/pico-sdk/lib/tinyusb/src/portable/raspberrypi/rp2040/dcd_rp2040.c.o
                0x10004edc                dcd_set_address
 .text.dcd_sof_enable
                0x10004eec       0x1c CMakeFiles/chademo_controller_vehicle.dir/home/tliao/git/pico-sdk/lib/tinyusb/src/portable/raspberrypi/rp2040/dcd_rp2040.c.o
                0x10004eec                dcd_sof_enable
 .text.dcd_edpt0_status_complete
                0x10004f08       0x1c CMakeFiles/chademo_controller_vehicle.dir/home/tliao/git/pico-sdk/lib/tinyusb/src/portable/raspberrypi/rp2040/dcd_rp2040.c.o
                0x10004f08                dcd_edpt0_status_complete
 .text.dcd_edpt_open
                0x10004f24       0x90 CMakeFiles/chademo_controller_vehicle.dir/home/tliao/git/pico-sdk/lib/tinyusb/src/portable/raspberrypi/rp2040/dcd_rp2040.c.o
                0x10004f24                dcd_edpt_open
 .text.dcd_edpt_close_all
                0x10004fb4        0x4 CMakeFiles/chademo_controller_vehicle.dir/home/tliao/git/pico-sdk/lib/tinyusb/src/portable/raspberrypi/rp2040/dcd_rp2040.c.o
                0x10004fb4                dcd_edpt_close_all
 .text.dcd_edpt_xfer
                0x10004fb8       0x28 CMakeFiles/chademo_controller_vehicle.dir/home/tliao/git/pico-sdk/lib/tinyusb/src/portable/raspberrypi/rp2040/dcd_rp2040.c.o
                0x10004fb8                dcd_edpt_xfer
 .text.dcd_edpt_stall
                0x10004fe0       0x30 CMakeFiles/chademo_controller_vehicle.dir/home/tliao/git/pico-sdk/lib/tinyusb/src/portable/raspberrypi/rp2040/dcd_rp2040.c.o
                0x10004fe0                dcd_edpt_stall
 .text.dcd_edpt_clear_stall
                0x10005010       0x24 CMakeFiles/chademo_controller_vehicle.dir/home/tliao/git/pico-sdk/lib/tinyusb/src/portable/raspberrypi/rp2040/dcd_rp2040.c.o
                0x10005010                dcd_edpt_clear_stall
 .text.rp2040_usb_init
                0x10005034       0x40 CMakeFiles/chademo_controller_vehicle.dir/home/tliao/git/pico-sdk/lib/tinyusb/src/portable/raspberrypi/rp2040/rp2040_usb.c.o
                0x10005034                rp2040_usb_init
 .text.hw_endpoint_xfer_start
                0x10005074       0x40 CMakeFiles/chademo_controller_vehicle.dir/home/tliao/git/pico-sdk/lib/tinyusb/src/portable/raspberrypi/rp2040/rp2040_usb.c.o
                0x10005074                hw_endpoint_xfer_start
 .text.configuration_reset
                0x100050b4       0x8c CMakeFiles/chademo_controller_vehicle.dir/home/tliao/git/pico-sdk/lib/tinyusb/src/device/usbd.c.o
 .text.tud_event_hook_cb
                0x10005140        0x4 CMakeFiles/chademo_controller_vehicle.dir/home/tliao/git/pico-sdk/lib/tinyusb/src/device/usbd.c.o
                0x10005140                tud_event_hook_cb
 .text.tud_sof_cb
                0x10005144        0x4 CMakeFiles/chademo_controller_vehicle.dir/home/tliao/git/pico-sdk/lib/tinyusb/src/device/usbd.c.o
                0x10005144                tud_sof_cb
 .text.tud_descriptor_device_qualifier_cb
                0x10005148        0x4 CMakeFiles/chademo_controller_vehicle.dir/home/tliao/git/pico-sdk/lib/tinyusb/src/device/usbd.c.o
                0x10005148                tud_descriptor_device_qualifier_cb
 .text.tud_descriptor_other_speed_configuration_cb
                0x1000514c        0x4 CMakeFiles/chademo_controller_vehicle.dir/home/tliao/git/pico-sdk/lib/tinyusb/src/device/usbd.c.o
                0x1000514c                tud_descriptor_other_speed_configuration_cb
 .text.tud_mount_cb
                0x10005150        0x4 CMakeFiles/chademo_controller_vehicle.dir/home/tliao/git/pico-sdk/lib/tinyusb/src/device/usbd.c.o
                0x10005150                tud_mount_cb
 .text.tud_umount_cb
                0x10005154        0x4 CMakeFiles/chademo_controller_vehicle.dir/home/tliao/git/pico-sdk/lib/tinyusb/src/device/usbd.c.o
                0x10005154                tud_umount_cb
 .text.tud_suspend_cb
                0x10005158        0x4 CMakeFiles/chademo_controller_vehicle.dir/home/tliao/git/pico-sdk/lib/tinyusb/src/device/usbd.c.o
                0x10005158                tud_suspend_cb
 .text.tud_resume_cb
                0x1000515c        0x4 CMakeFiles/chademo_controller_vehicle.dir/home/tliao/git/pico-sdk/lib/tinyusb/src/device/usbd.c.o
                0x1000515c                tud_resume_cb
 .text.tud_mounted
                0x10005160       0x10 CMakeFiles/chademo_controller_vehicle.dir/home/tliao/git/pico-sdk/lib/tinyusb/src/device/usbd.c.o
                0x10005160                tud_mounted
 .text.tud_suspended
                0x10005170       0x10 CMakeFiles/chademo_controller_vehicle.dir/home/tliao/git/pico-sdk/lib/tinyusb/src/device/usbd.c.o
                0x10005170                tud_suspended
 .text.tud_rhport_init
                0x10005180       0xf4 CMakeFiles/chademo_controller_vehicle.dir/home/tliao/git/pico-sdk/lib/tinyusb/src/device/usbd.c.o
                0x10005180                tud_rhport_init
 .text.tud_task_ext
                0x10005274      0x784 CMakeFiles/chademo_controller_vehicle.dir/home/tliao/git/pico-sdk/lib/tinyusb/src/device/usbd.c.o
                0x10005274                tud_task_ext
 .text.usbd_edpt_open
                0x100059f8       0x44 CMakeFiles/chademo_controller_vehicle.dir/home/tliao/git/pico-sdk/lib/tinyusb/src/device/usbd.c.o
                0x100059f8                usbd_edpt_open
 .text.usbd_open_edpt_pair
                0x10005a3c       0x68 CMakeFiles/chademo_controller_vehicle.dir/home/tliao/git/pico-sdk/lib/tinyusb/src/device/usbd.c.o
                0x10005a3c                usbd_open_edpt_pair
 .text.usbd_edpt_claim
                0x10005aa4       0x24 CMakeFiles/chademo_controller_vehicle.dir/home/tliao/git/pico-sdk/lib/tinyusb/src/device/usbd.c.o
                0x10005aa4                usbd_edpt_claim
 .text.usbd_edpt_release
                0x10005ac8       0x24 CMakeFiles/chademo_controller_vehicle.dir/home/tliao/git/pico-sdk/lib/tinyusb/src/device/usbd.c.o
                0x10005ac8                usbd_edpt_release
 .text.usbd_edpt_xfer
                0x10005aec       0x70 CMakeFiles/chademo_controller_vehicle.dir/home/tliao/git/pico-sdk/lib/tinyusb/src/device/usbd.c.o
                0x10005aec                usbd_edpt_xfer
 .text.data_stage_xact
                0x10005b5c       0x84 CMakeFiles/chademo_controller_vehicle.dir/home/tliao/git/pico-sdk/lib/tinyusb/src/device/usbd_control.c.o
 .text.tud_control_status
                0x10005be0       0x34 CMakeFiles/chademo_controller_vehicle.dir/home/tliao/git/pico-sdk/lib/tinyusb/src/device/usbd_control.c.o
                0x10005be0                tud_control_status
 .text.tud_control_xfer
                0x10005c14       0x68 CMakeFiles/chademo_controller_vehicle.dir/home/tliao/git/pico-sdk/lib/tinyusb/src/device/usbd_control.c.o
                0x10005c14                tud_control_xfer
 .text.usbd_control_reset
                0x10005c7c       0x14 CMakeFiles/chademo_controller_vehicle.dir/home/tliao/git/pico-sdk/lib/tinyusb/src/device/usbd_control.c.o
                0x10005c7c                usbd_control_reset
 .text.usbd_control_set_complete_callback
                0x10005c90        0xc CMakeFiles/chademo_controller_vehicle.dir/home/tliao/git/pico-sdk/lib/tinyusb/src/device/usbd_control.c.o
                0x10005c90                usbd_control_set_complete_callback
 .text.usbd_control_set_request
                0x10005c9c       0x1c CMakeFiles/chademo_controller_vehicle.dir/home/tliao/git/pico-sdk/lib/tinyusb/src/device/usbd_control.c.o
                0x10005c9c                usbd_control_set_request
 .text.usbd_control_xfer_cb
                0x10005cb8       0xb8 CMakeFiles/chademo_controller_vehicle.dir/home/tliao/git/pico-sdk/lib/tinyusb/src/device/usbd_control.c.o
                0x10005cb8                usbd_control_xfer_cb
 .text._prep_out_transaction.isra.0
                0x10005d70       0x74 CMakeFiles/chademo_controller_vehicle.dir/home/tliao/git/pico-sdk/lib/tinyusb/src/class/cdc/cdc_device.c.o
 .text.tud_cdc_n_connected
                0x10005de4       0x2c CMakeFiles/chademo_controller_vehicle.dir/home/tliao/git/pico-sdk/lib/tinyusb/src/class/cdc/cdc_device.c.o
                0x10005de4                tud_cdc_n_connected
 .text.tud_cdc_n_available
                0x10005e10       0x14 CMakeFiles/chademo_controller_vehicle.dir/home/tliao/git/pico-sdk/lib/tinyusb/src/class/cdc/cdc_device.c.o
                0x10005e10                tud_cdc_n_available
 .text.tud_cdc_n_read
                0x10005e24       0x30 CMakeFiles/chademo_controller_vehicle.dir/home/tliao/git/pico-sdk/lib/tinyusb/src/class/cdc/cdc_device.c.o
                0x10005e24                tud_cdc_n_read
 .text.tud_cdc_n_write_flush
                0x10005e54       0x8c CMakeFiles/chademo_controller_vehicle.dir/home/tliao/git/pico-sdk/lib/tinyusb/src/class/cdc/cdc_device.c.o
                0x10005e54                tud_cdc_n_write_flush
 .text.tud_cdc_n_write
                0x10005ee0       0x40 CMakeFiles/chademo_controller_vehicle.dir/home/tliao/git/pico-sdk/lib/tinyusb/src/class/cdc/cdc_device.c.o
                0x10005ee0                tud_cdc_n_write
 .text.tud_cdc_n_write_available
                0x10005f20       0x14 CMakeFiles/chademo_controller_vehicle.dir/home/tliao/git/pico-sdk/lib/tinyusb/src/class/cdc/cdc_device.c.o
                0x10005f20                tud_cdc_n_write_available
 .text.cdcd_init
                0x10005f34       0x70 CMakeFiles/chademo_controller_vehicle.dir/home/tliao/git/pico-sdk/lib/tinyusb/src/class/cdc/cdc_device.c.o
                0x10005f34                cdcd_init
 .text.cdcd_deinit
                0x10005fa4       0x24 CMakeFiles/chademo_controller_vehicle.dir/home/tliao/git/pico-sdk/lib/tinyusb/src/class/cdc/cdc_device.c.o
                0x10005fa4                cdcd_deinit
 .text.cdcd_reset
                0x10005fc8       0x4c CMakeFiles/chademo_controller_vehicle.dir/home/tliao/git/pico-sdk/lib/tinyusb/src/class/cdc/cdc_device.c.o
                0x10005fc8                cdcd_reset
 .text.cdcd_open
                0x10006014       0xb8 CMakeFiles/chademo_controller_vehicle.dir/home/tliao/git/pico-sdk/lib/tinyusb/src/class/cdc/cdc_device.c.o
                0x10006014                cdcd_open
 .text.cdcd_control_xfer_cb
                0x100060cc       0xc0 CMakeFiles/chademo_controller_vehicle.dir/home/tliao/git/pico-sdk/lib/tinyusb/src/class/cdc/cdc_device.c.o
                0x100060cc                cdcd_control_xfer_cb
 .text.cdcd_xfer_cb
                0x1000618c       0xf8 CMakeFiles/chademo_controller_vehicle.dir/home/tliao/git/pico-sdk/lib/tinyusb/src/class/cdc/cdc_device.c.o
                0x1000618c                cdcd_xfer_cb
 .text.vendord_init
                0x10006284       0x5c CMakeFiles/chademo_controller_vehicle.dir/home/tliao/git/pico-sdk/lib/tinyusb/src/class/vendor/vendor_device.c.o
                0x10006284                vendord_init
 .text.vendord_deinit
                0x100062e0       0x1c CMakeFiles/chademo_controller_vehicle.dir/home/tliao/git/pico-sdk/lib/tinyusb/src/class/vendor/vendor_device.c.o
                0x100062e0                vendord_deinit
 .text.vendord_reset
                0x100062fc       0x24 CMakeFiles/chademo_controller_vehicle.dir/home/tliao/git/pico-sdk/lib/tinyusb/src/class/vendor/vendor_device.c.o
                0x100062fc                vendord_reset
 .text.vendord_open
                0x10006320       0xf4 CMakeFiles/chademo_controller_vehicle.dir/home/tliao/git/pico-sdk/lib/tinyusb/src/class/vendor/vendor_device.c.o
                0x10006320                vendord_open
 .text.vendord_xfer_cb
                0x10006414       0x88 CMakeFiles/chademo_controller_vehicle.dir/home/tliao/git/pico-sdk/lib/tinyusb/src/class/vendor/vendor_device.c.o
                0x10006414                vendord_xfer_cb
 .text.tusb_rhport_init
                0x1000649c       0x64 CMakeFiles/chademo_controller_vehicle.dir/home/tliao/git/pico-sdk/lib/tinyusb/src/tusb.c.o
                0x1000649c                tusb_rhport_init
 .text.tu_edpt_claim
                0x10006500       0x54 CMakeFiles/chademo_controller_vehicle.dir/home/tliao/git/pico-sdk/lib/tinyusb/src/tusb.c.o
                0x10006500                tu_edpt_claim
 .text.tu_edpt_release
                0x10006554       0x38 CMakeFiles/chademo_controller_vehicle.dir/home/tliao/git/pico-sdk/lib/tinyusb/src/tusb.c.o
                0x10006554                tu_edpt_release
 .text.tu_edpt_validate
                0x1000658c       0x60 CMakeFiles/chademo_controller_vehicle.dir/home/tliao/git/pico-sdk/lib/tinyusb/src/tusb.c.o
                0x1000658c                tu_edpt_validate
 .text.tu_edpt_bind_driver
                0x100065ec       0x54 CMakeFiles/chademo_controller_vehicle.dir/home/tliao/git/pico-sdk/lib/tinyusb/src/tusb.c.o
                0x100065ec                tu_edpt_bind_driver
 .text.tu_edpt_stream_init
                0x10006640       0x58 CMakeFiles/chademo_controller_vehicle.dir/home/tliao/git/pico-sdk/lib/tinyusb/src/tusb.c.o
                0x10006640                tu_edpt_stream_init
 .text.tu_edpt_stream_deinit
                0x10006698        0x4 CMakeFiles/chademo_controller_vehicle.dir/home/tliao/git/pico-sdk/lib/tinyusb/src/tusb.c.o
                0x10006698                tu_edpt_stream_deinit
 .text.tu_edpt_stream_write_zlp_if_needed
                0x1000669c       0x68 CMakeFiles/chademo_controller_vehicle.dir/home/tliao/git/pico-sdk/lib/tinyusb/src/tusb.c.o
                0x1000669c                tu_edpt_stream_write_zlp_if_needed
 .text.tu_edpt_stream_write_xfer
                0x10006704       0x70 CMakeFiles/chademo_controller_vehicle.dir/home/tliao/git/pico-sdk/lib/tinyusb/src/tusb.c.o
                0x10006704                tu_edpt_stream_write_xfer
 .text.tu_edpt_stream_read_xfer
                0x10006774       0xc4 CMakeFiles/chademo_controller_vehicle.dir/home/tliao/git/pico-sdk/lib/tinyusb/src/tusb.c.o
                0x10006774                tu_edpt_stream_read_xfer
 .text._tu_fifo_peek
                0x10006838       0x58 CMakeFiles/chademo_controller_vehicle.dir/home/tliao/git/pico-sdk/lib/tinyusb/src/common/tusb_fifo.c.o
 .text._tu_fifo_peek_n.constprop.0
                0x10006890       0x98 CMakeFiles/chademo_controller_vehicle.dir/home/tliao/git/pico-sdk/lib/tinyusb/src/common/tusb_fifo.c.o
 .text.tu_fifo_config
                0x10006928       0x60 CMakeFiles/chademo_controller_vehicle.dir/home/tliao/git/pico-sdk/lib/tinyusb/src/common/tusb_fifo.c.o
                0x10006928                tu_fifo_config
 .text.tu_fifo_count
                0x10006988       0x20 CMakeFiles/chademo_controller_vehicle.dir/home/tliao/git/pico-sdk/lib/tinyusb/src/common/tusb_fifo.c.o
                0x10006988                tu_fifo_count
 .text.tu_fifo_empty
                0x100069a8       0x14 CMakeFiles/chademo_controller_vehicle.dir/home/tliao/git/pico-sdk/lib/tinyusb/src/common/tusb_fifo.c.o
                0x100069a8                tu_fifo_empty
 .text.tu_fifo_remaining
                0x100069bc       0x24 CMakeFiles/chademo_controller_vehicle.dir/home/tliao/git/pico-sdk/lib/tinyusb/src/common/tusb_fifo.c.o
                0x100069bc                tu_fifo_remaining
 .text.tu_fifo_read
                0x100069e0       0x50 CMakeFiles/chademo_controller_vehicle.dir/home/tliao/git/pico-sdk/lib/tinyusb/src/common/tusb_fifo.c.o
                0x100069e0                tu_fifo_read
 .text.tu_fifo_read_n
                0x10006a30       0x5c CMakeFiles/chademo_controller_vehicle.dir/home/tliao/git/pico-sdk/lib/tinyusb/src/common/tusb_fifo.c.o
                0x10006a30                tu_fifo_read_n
 .text.tu_fifo_write
                0x10006a8c       0xa4 CMakeFiles/chademo_controller_vehicle.dir/home/tliao/git/pico-sdk/lib/tinyusb/src/common/tusb_fifo.c.o
                0x10006a8c                tu_fifo_write
 .text.tu_fifo_write_n
                0x10006b30      0x164 CMakeFiles/chademo_controller_vehicle.dir/home/tliao/git/pico-sdk/lib/tinyusb/src/common/tusb_fifo.c.o
                0x10006b30                tu_fifo_write_n
 .text.tu_fifo_clear
                0x10006c94       0x38 CMakeFiles/chademo_controller_vehicle.dir/home/tliao/git/pico-sdk/lib/tinyusb/src/common/tusb_fifo.c.o
                0x10006c94                tu_fifo_clear
 .text.tu_fifo_set_overwritable
                0x10006ccc       0x3c CMakeFiles/chademo_controller_vehicle.dir/home/tliao/git/pico-sdk/lib/tinyusb/src/common/tusb_fifo.c.o
                0x10006ccc                tu_fifo_set_overwritable
 .text.spi_set_baudrate
                0x10006d08       0x98 CMakeFiles/chademo_controller_vehicle.dir/home/tliao/git/pico-sdk/src/rp2_common/hardware_spi/spi.c.o
                0x10006d08                spi_set_baudrate
 .text.spi_init
                0x10006da0       0x70 CMakeFiles/chademo_controller_vehicle.dir/home/tliao/git/pico-sdk/src/rp2_common/hardware_spi/spi.c.o
                0x10006da0                spi_init
 .text.memset   0x10006e10       0x9c /opt/st/stm32cubeclt_1.21.0/GNU-tools-for-STM32/bin/../lib/gcc/arm-none-eabi/14.3.1/../../../../arm-none-eabi/lib/thumb/v8-m.main+fp/softfp/libg.a(libc_a-memset.o)
                0x10006e10                memset
 .text          0x10006eac       0xec /opt/st/stm32cubeclt_1.21.0/GNU-tools-for-STM32/bin/../lib/gcc/arm-none-eabi/14.3.1/../../../../arm-none-eabi/lib/thumb/v8-m.main+fp/softfp/libg.a(libc_a-memcpy.o)
                0x10006eac                memcpy
 .text.strlen   0x10006f98       0x5c /opt/st/stm32cubeclt_1.21.0/GNU-tools-for-STM32/bin/../lib/gcc/arm-none-eabi/14.3.1/../../../../arm-none-eabi/lib/thumb/v8-m.main+fp/softfp/libg.a(libc_a-strlen-stub.o)
                0x10006f98                strlen
 *(.fini)
 .fini          0x10006ff4        0x4 /opt/st/stm32cubeclt_1.21.0/GNU-tools-for-STM32/bin/../lib/gcc/arm-none-eabi/14.3.1/thumb/v8-m.main+fp/softfp/crti.o
                0x10006ff4                _fini
 .fini.__stub   0x10006ff8       0x58 linker stubs
 *crtbegin.o(.ctors)
 *crtbegin?.o(.ctors)
 *(EXCLUDE_FILE(*crtend.o *crtend?.o) .ctors)
 *(SORT_BY_NAME(.ctors.*))
 *(.ctors)
 *crtbegin.o(.dtors)
 *crtbegin?.o(.dtors)
 *(EXCLUDE_FILE(*crtend.o *crtend?.o) .dtors)
 *(SORT_BY_NAME(.dtors.*))
 *(.dtors)
                0x10007050                        . = ALIGN (0x4)
                0x10007050                        PROVIDE (__preinit_array_start = .)
 *(SORT_BY_NAME(.preinit_array.*))
 .preinit_array.00050
                0x10007050        0x4 CMakeFiles/chademo_controller_vehicle.dir/home/tliao/git/pico-sdk/src/rp2_common/pico_runtime_init/runtime_init.c.o
                0x10007050                __pre_init_runtime_init_bootrom_reset
 .preinit_array.00100
                0x10007054        0x4 CMakeFiles/chademo_controller_vehicle.dir/home/tliao/git/pico-sdk/src/rp2_common/pico_runtime_init/runtime_init.c.o
                0x10007054                __pre_init_runtime_init_early_resets
 .preinit_array.00101
                0x10007058        0x4 CMakeFiles/chademo_controller_vehicle.dir/home/tliao/git/pico-sdk/src/rp2_common/pico_runtime_init/runtime_init.c.o
                0x10007058                __pre_init_runtime_init_usb_power_down
 .preinit_array.00500
                0x1000705c        0x4 CMakeFiles/chademo_controller_vehicle.dir/home/tliao/git/pico-sdk/src/rp2_common/pico_runtime_init/runtime_init.c.o
                0x1000705c                __pre_init_runtime_init_clocks
 .preinit_array.00600
                0x10007060        0x4 CMakeFiles/chademo_controller_vehicle.dir/home/tliao/git/pico-sdk/src/rp2_common/pico_runtime_init/runtime_init.c.o
                0x10007060                __pre_init_runtime_init_post_clock_resets
 .preinit_array.01000
                0x10007064        0x4 CMakeFiles/chademo_controller_vehicle.dir/home/tliao/git/pico-sdk/src/rp2_common/hardware_boot_lock/boot_lock.c.o
                0x10007064                __pre_init_runtime_init_boot_locks_reset
 .preinit_array.01000
                0x10007068        0x4 CMakeFiles/chademo_controller_vehicle.dir/home/tliao/git/pico-sdk/src/rp2_common/pico_runtime_init/runtime_init.c.o
                0x10007068                __pre_init_runtime_init_spin_locks_reset
 .preinit_array.01010
                0x1000706c        0x4 CMakeFiles/chademo_controller_vehicle.dir/home/tliao/git/pico-sdk/src/rp2_common/pico_bootrom/bootrom_lock.c.o
                0x1000706c                __pre_init_runtime_init_bootrom_locking_enable
 .preinit_array.01100
                0x10007070        0x4 CMakeFiles/chademo_controller_vehicle.dir/home/tliao/git/pico-sdk/src/common/pico_sync/mutex.c.o
                0x10007070                __pre_init_runtime_init_mutex
 .preinit_array.10080
                0x10007074        0x4 CMakeFiles/chademo_controller_vehicle.dir/home/tliao/git/pico-sdk/src/rp2_common/pico_runtime_init/runtime_init.c.o
                0x10007074                __pre_init_runtime_init_install_ram_vector_table
 .preinit_array.11000
                0x10007078        0x4 CMakeFiles/chademo_controller_vehicle.dir/home/tliao/git/pico-sdk/src/common/pico_time/time.c.o
                0x10007078                __pre_init_runtime_init_default_alarm_pool
 .preinit_array.YYYYY
                0x1000707c        0x4 CMakeFiles/chademo_controller_vehicle.dir/home/tliao/git/pico-sdk/src/rp2_common/pico_runtime/runtime.c.o
                0x1000707c                __pre_init_first_per_core_initializer
 .preinit_array.ZZZZZ.00051
                0x10007080        0x4 CMakeFiles/chademo_controller_vehicle.dir/home/tliao/git/pico-sdk/src/rp2_common/pico_runtime_init/runtime_init.c.o
                0x10007080                __pre_init_runtime_init_per_core_bootrom_reset
 .preinit_array.ZZZZZ.00200
                0x10007084        0x4 CMakeFiles/chademo_controller_vehicle.dir/home/tliao/git/pico-sdk/src/rp2_common/pico_runtime_init/runtime_init.c.o
                0x10007084                __pre_init_runtime_init_per_core_enable_coprocessors
 .preinit_array.ZZZZZ.01000
                0x10007088        0x4 CMakeFiles/chademo_controller_vehicle.dir/home/tliao/git/pico-sdk/src/rp2_common/hardware_sync_spin_lock/sync_spin_lock.c.o
                0x10007088                __pre_init_spinlock_set_extexclall
 .preinit_array.ZZZZZ.01200
                0x1000708c        0x4 CMakeFiles/chademo_controller_vehicle.dir/home/tliao/git/pico-sdk/src/rp2_common/hardware_irq/irq.c.o
                0x1000708c                __pre_init_runtime_init_per_core_irq_priorities
 *(.preinit_array)
                0x10007090                        PROVIDE (__preinit_array_end = .)
                0x10007090                        . = ALIGN (0x4)
                0x10007090                        PROVIDE (__init_array_start = .)
 *(SORT_BY_NAME(.init_array.*))
 *(.init_array)
 .init_array    0x10007090        0x4 /opt/st/stm32cubeclt_1.21.0/GNU-tools-for-STM32/bin/../lib/gcc/arm-none-eabi/14.3.1/thumb/v8-m.main+fp/softfp/crtbegin.o
 .init_array    0x10007094        0x4 CMakeFiles/chademo_controller_vehicle.dir/home/tliao/git/pico-sdk/src/rp2_common/pico_unique_id/unique_id.c.o
                0x10007098                        PROVIDE (__init_array_end = .)
                0x10007098                        . = ALIGN (0x4)
                [!provide]                        PROVIDE (__fini_array_start = .)
 *(SORT_BY_NAME(.fini_array.*))
 *(.fini_array)
                [!provide]                        PROVIDE (__fini_array_end = .)
 *(.eh_frame*)
 .eh_frame      0x10007098        0x0 /opt/st/stm32cubeclt_1.21.0/GNU-tools-for-STM32/bin/../lib/gcc/arm-none-eabi/14.3.1/thumb/v8-m.main+fp/softfp/crtbegin.o
                0x10007098                        . = ALIGN (0x4)

.glue_7         0x10007098        0x0
 .glue_7        0x10007098        0x0 linker stubs

.glue_7t        0x10007098        0x0
 .glue_7t       0x10007098        0x0 linker stubs

.vfp11_veneer   0x10007098        0x0
 .vfp11_veneer  0x10007098        0x0 linker stubs

.v4_bx          0x10007098        0x0
 .v4_bx         0x10007098        0x0 linker stubs

.iplt           0x10007098        0x0
 .iplt          0x10007098        0x0 /opt/st/stm32cubeclt_1.21.0/GNU-tools-for-STM32/bin/../lib/gcc/arm-none-eabi/14.3.1/thumb/v8-m.main+fp/softfp/crtbegin.o

.boot2          0x10007098        0x0
                0x10007098                        __boot2_start__ = .
 *(.boot2)
                0x10007098                        __boot2_end__ = .
                0x00000001                        ASSERT (((__boot2_end__ - __boot2_start__) <= 0x100), ERROR: Pico second stage bootloader must be no more than 256 bytes in size)

.rodata         0x10007098     0x158c
 *(EXCLUDE_FILE(*libm.a: *libc.a:*lib_a-mem*.o *libgcc.a:) .rodata*)
 .rodata.main.str1.4
                0x10007098     0x1248 CMakeFiles/chademo_controller_vehicle.dir/main.c.o
                                0x8fc (size before relaxing)
 .rodata.str1.4
                0x100082e0       0x86 CMakeFiles/chademo_controller_vehicle.dir/main.c.o
 .rodata.__bi_579
                0x100082e0        0xc CMakeFiles/chademo_controller_vehicle.dir/main.c.o
 .rodata.__bi_578
                0x100082ec        0xc CMakeFiles/chademo_controller_vehicle.dir/main.c.o
 .rodata.__bi_577
                0x100082f8        0xc CMakeFiles/chademo_controller_vehicle.dir/main.c.o
 .rodata.__bi_576
                0x10008304        0xc CMakeFiles/chademo_controller_vehicle.dir/main.c.o
 .rodata.__bi_575
                0x10008310        0xc CMakeFiles/chademo_controller_vehicle.dir/main.c.o
 .rodata.__bi_574
                0x1000831c        0xc CMakeFiles/chademo_controller_vehicle.dir/main.c.o
 .rodata.__bi_573
                0x10008328        0xc CMakeFiles/chademo_controller_vehicle.dir/main.c.o
 .rodata.can_cfg
                0x10008334       0x20 CMakeFiles/chademo_controller_vehicle.dir/chademo_hal.c.o
 .rodata.enter_fault.str1.4
                0x10008354       0x58 CMakeFiles/chademo_controller_vehicle.dir/chademo_fsm.c.o
 .rodata.chademo_fsm_init.str1.4
                0x10008354       0x22 CMakeFiles/chademo_controller_vehicle.dir/chademo_fsm.c.o
 .rodata.chademo_fsm_request_shutdown.str1.4
                0x10008354       0x15 CMakeFiles/chademo_controller_vehicle.dir/chademo_fsm.c.o
 .rodata.chademo_fsm_trigger_estop.str1.4
                0x10008354        0x6 CMakeFiles/chademo_controller_vehicle.dir/chademo_fsm.c.o
 .rodata.chademo_fsm_step.str1.4
                0x10008354      0x5b2 CMakeFiles/chademo_controller_vehicle.dir/chademo_fsm.c.o
 .rodata.str1.4
                0x10008354       0xfc CMakeFiles/chademo_controller_vehicle.dir/chademo_fsm.c.o
 .rodata.CSWTCH.23
                0x10008354       0x3c CMakeFiles/chademo_controller_vehicle.dir/chademo_fsm.c.o
 .rodata.CSWTCH.19
                0x10008390       0x30 CMakeFiles/chademo_controller_vehicle.dir/chademo_fsm.c.o
 .rodata.panic.str1.4
                0x100083c0       0x12 CMakeFiles/chademo_controller_vehicle.dir/home/tliao/git/pico-sdk/src/rp2_common/pico_platform_panic/panic.c.o
 .rodata.spin_lock_claim_unused.str1.4
                0x100083c0       0x1b CMakeFiles/chademo_controller_vehicle.dir/home/tliao/git/pico-sdk/src/rp2_common/hardware_sync/sync.c.o
 .rodata.user_irq_claim_unused.str1.4
                0x100083c0       0x1b CMakeFiles/chademo_controller_vehicle.dir/home/tliao/git/pico-sdk/src/rp2_common/hardware_irq/irq.c.o
 .rodata.timer_hardware_alarm_claim.str1.4
                0x100083c0       0x22 CMakeFiles/chademo_controller_vehicle.dir/home/tliao/git/pico-sdk/src/rp2_common/hardware_timer/timer.c.o
 .rodata.hard_assertion_failure.str1.4
                0x100083c0        0xc CMakeFiles/chademo_controller_vehicle.dir/home/tliao/git/pico-sdk/src/rp2_common/pico_runtime/runtime.c.o
 .rodata.str1.4
                0x100083c0       0x50 CMakeFiles/chademo_controller_vehicle.dir/home/tliao/git/pico-sdk/src/rp2_common/pico_standard_binary_info/standard_binary_info.c.o
 .rodata.__bi_84
                0x100083c0        0xc CMakeFiles/chademo_controller_vehicle.dir/home/tliao/git/pico-sdk/src/rp2_common/pico_standard_binary_info/standard_binary_info.c.o
 .rodata.__bi_78
                0x100083cc        0xc CMakeFiles/chademo_controller_vehicle.dir/home/tliao/git/pico-sdk/src/rp2_common/pico_standard_binary_info/standard_binary_info.c.o
 .rodata.__bi_54
                0x100083d8        0xc CMakeFiles/chademo_controller_vehicle.dir/home/tliao/git/pico-sdk/src/rp2_common/pico_standard_binary_info/standard_binary_info.c.o
 .rodata.__bi_48
                0x100083e4        0xc CMakeFiles/chademo_controller_vehicle.dir/home/tliao/git/pico-sdk/src/rp2_common/pico_standard_binary_info/standard_binary_info.c.o
 .rodata.__bi_42
                0x100083f0        0xc CMakeFiles/chademo_controller_vehicle.dir/home/tliao/git/pico-sdk/src/rp2_common/pico_standard_binary_info/standard_binary_info.c.o
 .rodata.__bi_34
                0x100083fc        0xc CMakeFiles/chademo_controller_vehicle.dir/home/tliao/git/pico-sdk/src/rp2_common/pico_standard_binary_info/standard_binary_info.c.o
 .rodata.__bi_26
                0x10008408        0xc CMakeFiles/chademo_controller_vehicle.dir/home/tliao/git/pico-sdk/src/rp2_common/pico_standard_binary_info/standard_binary_info.c.o
 .rodata._ftoa.str1.4
                0x10008414       0x15 CMakeFiles/chademo_controller_vehicle.dir/home/tliao/git/pico-sdk/src/rp2_common/pico_printf/printf.c.o
 *fill*         0x10008414        0x4 
 .rodata.pow10.0
                0x10008418       0x50 CMakeFiles/chademo_controller_vehicle.dir/home/tliao/git/pico-sdk/src/rp2_common/pico_printf/printf.c.o
 .rodata.crlf_str.0
                0x10008468        0x2 CMakeFiles/chademo_controller_vehicle.dir/home/tliao/git/pico-sdk/src/rp2_common/pico_stdio/stdio.c.o
 *fill*         0x1000846a        0x2 
 .rodata._resetd_driver
                0x1000846c       0x20 CMakeFiles/chademo_controller_vehicle.dir/home/tliao/git/pico-sdk/src/rp2_common/pico_stdio_usb/reset_interface.c.o
 .rodata.desc_ms_os_20
                0x1000848c       0xa6 CMakeFiles/chademo_controller_vehicle.dir/home/tliao/git/pico-sdk/src/rp2_common/pico_stdio_usb/reset_interface.c.o
 *fill*         0x10008532        0x2 
 .rodata.desc_bos
                0x10008534       0x21 CMakeFiles/chademo_controller_vehicle.dir/home/tliao/git/pico-sdk/src/rp2_common/pico_stdio_usb/reset_interface.c.o
                0x10008534                desc_bos
 .rodata.str1.4
                0x10008555       0x13 CMakeFiles/chademo_controller_vehicle.dir/home/tliao/git/pico-sdk/src/rp2_common/pico_stdio_usb/stdio_usb.c.o
 *fill*         0x10008555        0x3 
 .rodata.__bi_197.0
                0x10008558        0xc CMakeFiles/chademo_controller_vehicle.dir/home/tliao/git/pico-sdk/src/rp2_common/pico_stdio_usb/stdio_usb.c.o
 .rodata.str1.4
                0x10008564       0x2a CMakeFiles/chademo_controller_vehicle.dir/home/tliao/git/pico-sdk/src/rp2_common/pico_stdio_usb/stdio_usb_descriptors.c.o
 .rodata.usbd_desc_str
                0x10008564       0x18 CMakeFiles/chademo_controller_vehicle.dir/home/tliao/git/pico-sdk/src/rp2_common/pico_stdio_usb/stdio_usb_descriptors.c.o
 .rodata.usbd_desc_cfg
                0x1000857c       0x54 CMakeFiles/chademo_controller_vehicle.dir/home/tliao/git/pico-sdk/src/rp2_common/pico_stdio_usb/stdio_usb_descriptors.c.o
 .rodata.usbd_desc_device
                0x100085d0       0x12 CMakeFiles/chademo_controller_vehicle.dir/home/tliao/git/pico-sdk/src/rp2_common/pico_stdio_usb/stdio_usb_descriptors.c.o
 .rodata.str1.4
                0x100085e2       0x14 CMakeFiles/chademo_controller_vehicle.dir/home/tliao/git/pico-sdk/lib/tinyusb/src/portable/raspberrypi/rp2040/dcd_rp2040.c.o
 .rodata.str1.4
                0x100085e2       0x48 CMakeFiles/chademo_controller_vehicle.dir/home/tliao/git/pico-sdk/lib/tinyusb/src/portable/raspberrypi/rp2040/rp2040_usb.c.o
 *fill*         0x100085e2        0x2 
 .rodata._usbd_driver
                0x100085e4       0x40 CMakeFiles/chademo_controller_vehicle.dir/home/tliao/git/pico-sdk/lib/tinyusb/src/device/usbd.c.o
 *(.srodata*)
                0x10008624                        . = ALIGN (0x4)
 *(SORT_BY_ALIGNMENT(SORT_BY_NAME(.flashdata*)))
                0x10008624                        . = ALIGN (0x4)

.ARM.extab
 *(.ARM.extab* .gnu.linkonce.armextab.*)
                0x10008624                        __exidx_start = .

.ARM.exidx      0x10008624        0x8
 *(.ARM.exidx* .gnu.linkonce.armexidx.*)
 .ARM.exidx     0x10008624        0x8 /opt/st/stm32cubeclt_1.21.0/GNU-tools-for-STM32/bin/../lib/gcc/arm-none-eabi/14.3.1/../../../../arm-none-eabi/lib/thumb/v8-m.main+fp/softfp/libg.a(libc_a-memcpy.o)
 .ARM.exidx     0x1000862c        0x0 /opt/st/stm32cubeclt_1.21.0/GNU-tools-for-STM32/bin/../lib/gcc/arm-none-eabi/14.3.1/thumb/v8-m.main+fp/softfp/libgcc.a(_udivmoddi4.o)
                                  0x8 (size before relaxing)
                0x1000862c                        __exidx_end = .
                0x1000862c                        . = ALIGN (0x4)
                0x1000862c                        __binary_info_start = .

.binary_info    0x1000862c       0x3c
 *(.binary_info.keep.*)
 .binary_info.keep.__bi_ptr579
                0x1000862c        0x4 CMakeFiles/chademo_controller_vehicle.dir/main.c.o
 .binary_info.keep.__bi_ptr578
                0x10008630        0x4 CMakeFiles/chademo_controller_vehicle.dir/main.c.o
 .binary_info.keep.__bi_ptr577
                0x10008634        0x4 CMakeFiles/chademo_controller_vehicle.dir/main.c.o
 .binary_info.keep.__bi_ptr576
                0x10008638        0x4 CMakeFiles/chademo_controller_vehicle.dir/main.c.o
 .binary_info.keep.__bi_ptr575
                0x1000863c        0x4 CMakeFiles/chademo_controller_vehicle.dir/main.c.o
 .binary_info.keep.__bi_ptr574
                0x10008640        0x4 CMakeFiles/chademo_controller_vehicle.dir/main.c.o
 .binary_info.keep.__bi_ptr573
                0x10008644        0x4 CMakeFiles/chademo_controller_vehicle.dir/main.c.o
 .binary_info.keep.__bi_ptr84
                0x10008648        0x4 CMakeFiles/chademo_controller_vehicle.dir/home/tliao/git/pico-sdk/src/rp2_common/pico_standard_binary_info/standard_binary_info.c.o
 .binary_info.keep.__bi_ptr78
                0x1000864c        0x4 CMakeFiles/chademo_controller_vehicle.dir/home/tliao/git/pico-sdk/src/rp2_common/pico_standard_binary_info/standard_binary_info.c.o
 .binary_info.keep.__bi_ptr54
                0x10008650        0x4 CMakeFiles/chademo_controller_vehicle.dir/home/tliao/git/pico-sdk/src/rp2_common/pico_standard_binary_info/standard_binary_info.c.o
 .binary_info.keep.__bi_ptr48
                0x10008654        0x4 CMakeFiles/chademo_controller_vehicle.dir/home/tliao/git/pico-sdk/src/rp2_common/pico_standard_binary_info/standard_binary_info.c.o
 .binary_info.keep.__bi_ptr42
                0x10008658        0x4 CMakeFiles/chademo_controller_vehicle.dir/home/tliao/git/pico-sdk/src/rp2_common/pico_standard_binary_info/standard_binary_info.c.o
 .binary_info.keep.__bi_ptr34
                0x1000865c        0x4 CMakeFiles/chademo_controller_vehicle.dir/home/tliao/git/pico-sdk/src/rp2_common/pico_standard_binary_info/standard_binary_info.c.o
 .binary_info.keep.__bi_ptr26
                0x10008660        0x4 CMakeFiles/chademo_controller_vehicle.dir/home/tliao/git/pico-sdk/src/rp2_common/pico_standard_binary_info/standard_binary_info.c.o
 *(.binary_info.*)
 .binary_info.__bi_ptr197
                0x10008664        0x4 CMakeFiles/chademo_controller_vehicle.dir/home/tliao/git/pico-sdk/src/rp2_common/pico_stdio_usb/stdio_usb.c.o
                0x10008668                        __binary_info_end = .
                0x10008668                        . = ALIGN (0x4)

.ram_vector_table
                0x20000000      0x110
 *(.ram_vector_table)
 .ram_vector_table
                0x20000000      0x110 CMakeFiles/chademo_controller_vehicle.dir/home/tliao/git/pico-sdk/src/rp2_common/pico_runtime_init/runtime_init.c.o
                0x20000000                ram_vector_table

.uninitialized_data
                0x20000110        0x0
                0x20000110                        . = ALIGN (0x4)
 *(.uninitialized_data*)

.data           0x20000110      0xdb4 load address 0x10008668
                0x20000110                        __data_start__ = .
 *(vtable)
 *(.time_critical*)
 .time_critical.mutex_try_enter
                0x20000110       0x50 CMakeFiles/chademo_controller_vehicle.dir/home/tliao/git/pico-sdk/src/common/pico_sync/mutex.c.o
                0x20000110                mutex_try_enter
 .time_critical.mutex_enter_block_until
                0x20000160       0x6c CMakeFiles/chademo_controller_vehicle.dir/home/tliao/git/pico-sdk/src/common/pico_sync/mutex.c.o
                0x20000160                mutex_enter_block_until
 .time_critical.mutex_try_enter_block_until
                0x200001cc       0x68 CMakeFiles/chademo_controller_vehicle.dir/home/tliao/git/pico-sdk/src/common/pico_sync/mutex.c.o
                0x200001cc                mutex_try_enter_block_until
 .time_critical.mutex_enter_timeout_ms
                0x20000234       0x38 CMakeFiles/chademo_controller_vehicle.dir/home/tliao/git/pico-sdk/src/common/pico_sync/mutex.c.o
                0x20000234                mutex_enter_timeout_ms
 .time_critical.mutex_exit
                0x2000026c       0x3c CMakeFiles/chademo_controller_vehicle.dir/home/tliao/git/pico-sdk/src/common/pico_sync/mutex.c.o
                0x2000026c                mutex_exit
 .time_critical.reset_non_control_endpoints
                0x200002a8       0x3c CMakeFiles/chademo_controller_vehicle.dir/home/tliao/git/pico-sdk/lib/tinyusb/src/portable/raspberrypi/rp2040/dcd_rp2040.c.o
 .time_critical.hw_handle_buff_status
                0x200002e4       0x90 CMakeFiles/chademo_controller_vehicle.dir/home/tliao/git/pico-sdk/lib/tinyusb/src/portable/raspberrypi/rp2040/dcd_rp2040.c.o
 .time_critical.dcd_rp2040_irq
                0x20000374      0x1e4 CMakeFiles/chademo_controller_vehicle.dir/home/tliao/git/pico-sdk/lib/tinyusb/src/portable/raspberrypi/rp2040/dcd_rp2040.c.o
 .time_critical.prepare_ep_buffer
                0x20000558       0x6c CMakeFiles/chademo_controller_vehicle.dir/home/tliao/git/pico-sdk/lib/tinyusb/src/portable/raspberrypi/rp2040/rp2040_usb.c.o
 .time_critical.sync_ep_buffer
                0x200005c4       0x84 CMakeFiles/chademo_controller_vehicle.dir/home/tliao/git/pico-sdk/lib/tinyusb/src/portable/raspberrypi/rp2040/rp2040_usb.c.o
 .time_critical._hw_endpoint_xfer_sync
                0x20000648       0x2c CMakeFiles/chademo_controller_vehicle.dir/home/tliao/git/pico-sdk/lib/tinyusb/src/portable/raspberrypi/rp2040/rp2040_usb.c.o
 .time_critical.e15_is_bulkin_ep
                0x20000674       0x28 CMakeFiles/chademo_controller_vehicle.dir/home/tliao/git/pico-sdk/lib/tinyusb/src/portable/raspberrypi/rp2040/rp2040_usb.c.o
 .time_critical.e15_is_critical_frame_period
                0x2000069c       0x28 CMakeFiles/chademo_controller_vehicle.dir/home/tliao/git/pico-sdk/lib/tinyusb/src/portable/raspberrypi/rp2040/rp2040_usb.c.o
 .time_critical.hw_endpoint_reset_transfer
                0x200006c4        0xc CMakeFiles/chademo_controller_vehicle.dir/home/tliao/git/pico-sdk/lib/tinyusb/src/portable/raspberrypi/rp2040/rp2040_usb.c.o
                0x200006c4                hw_endpoint_reset_transfer
 .time_critical._hw_endpoint_buffer_control_update32
                0x200006d0       0x44 CMakeFiles/chademo_controller_vehicle.dir/home/tliao/git/pico-sdk/lib/tinyusb/src/portable/raspberrypi/rp2040/rp2040_usb.c.o
                0x200006d0                _hw_endpoint_buffer_control_update32
 .time_critical.hw_endpoint_start_next_buffer
                0x20000714       0x64 CMakeFiles/chademo_controller_vehicle.dir/home/tliao/git/pico-sdk/lib/tinyusb/src/portable/raspberrypi/rp2040/rp2040_usb.c.o
                0x20000714                hw_endpoint_start_next_buffer
 .time_critical.hw_endpoint_xfer_continue
                0x20000778       0x3c CMakeFiles/chademo_controller_vehicle.dir/home/tliao/git/pico-sdk/lib/tinyusb/src/portable/raspberrypi/rp2040/rp2040_usb.c.o
                0x20000778                hw_endpoint_xfer_continue
 .time_critical.tinyusb
                0x200007b4      0x228 CMakeFiles/chademo_controller_vehicle.dir/home/tliao/git/pico-sdk/lib/tinyusb/src/device/usbd.c.o
                0x200007b4                dcd_event_handler
 .time_critical.spi_write_read_blocking
                0x200009dc       0x90 CMakeFiles/chademo_controller_vehicle.dir/home/tliao/git/pico-sdk/src/rp2_common/hardware_spi/spi.c.o
                0x200009dc                spi_write_read_blocking
 *(.text*)
 .text          0x20000a6c       0x30 /opt/st/stm32cubeclt_1.21.0/GNU-tools-for-STM32/bin/../lib/gcc/arm-none-eabi/14.3.1/thumb/v8-m.main+fp/softfp/libgcc.a(_aeabi_uldivmod.o)
                0x20000a6c                __aeabi_uldivmod
 .text          0x20000a9c      0x34c /opt/st/stm32cubeclt_1.21.0/GNU-tools-for-STM32/bin/../lib/gcc/arm-none-eabi/14.3.1/thumb/v8-m.main+fp/softfp/libgcc.a(_udivmoddi4.o)
                0x20000a9c                __udivmoddi4
 .text          0x20000de8        0x4 /opt/st/stm32cubeclt_1.21.0/GNU-tools-for-STM32/bin/../lib/gcc/arm-none-eabi/14.3.1/thumb/v8-m.main+fp/softfp/libgcc.a(_dvmd_tls.o)
                0x20000de8                __aeabi_ldiv0
                0x20000de8                __aeabi_idiv0
 *fill*         0x20000dec        0x4 
 .text.__stub   0x20000df0       0x30 linker stubs
                0x20000e20                        . = ALIGN (0x4)
 *(.rodata*)
                0x20000e20                        . = ALIGN (0x4)
 *(.data*)
 .data.sim_voltage.3
                0x20000e20        0x2 CMakeFiles/chademo_controller_vehicle.dir/main.c.o
 .data.striped_spin_lock_num
                0x20000e22        0x1 CMakeFiles/chademo_controller_vehicle.dir/home/tliao/git/pico-sdk/src/rp2_common/hardware_sync/sync.c.o
 *fill*         0x20000e23        0x1 
 .data          0x20000e24       0x48 CMakeFiles/chademo_controller_vehicle.dir/home/tliao/git/pico-sdk/src/rp2_common/hardware_irq/irq_handler_chain.S.o
                0x20000e24                irq_handler_chain_slots
                0x20000e54                irq_handler_chain_first_slot
                0x20000e5e                irq_handler_chain_remove_tail
 .data.default_alarm_pool
                0x20000e6c       0x18 CMakeFiles/chademo_controller_vehicle.dir/home/tliao/git/pico-sdk/src/common/pico_time/time.c.o
 .data.stdio_usb
                0x20000e84       0x18 CMakeFiles/chademo_controller_vehicle.dir/home/tliao/git/pico-sdk/src/rp2_common/pico_stdio_usb/stdio_usb.c.o
                0x20000e84                stdio_usb
 .data._usbd_qdef
                0x20000e9c       0x1c CMakeFiles/chademo_controller_vehicle.dir/home/tliao/git/pico-sdk/lib/tinyusb/src/device/usbd.c.o
                0x20000e9c                _usbd_qdef
 .data._usbd_rhport
                0x20000eb8        0x1 CMakeFiles/chademo_controller_vehicle.dir/home/tliao/git/pico-sdk/lib/tinyusb/src/device/usbd.c.o
 *(.sdata*)
                0x20000ebc                        . = ALIGN (0x4)
 *fill*         0x20000eb9        0x3 
 *(.after_data.*)
                0x20000ebc                        . = ALIGN (0x4)
                0x20000ebc                        PROVIDE (__mutex_array_start = .)
 *(SORT_BY_NAME(.mutex_array.*))
 *(.mutex_array)
 .mutex_array   0x20000ebc        0x8 CMakeFiles/chademo_controller_vehicle.dir/home/tliao/git/pico-sdk/src/rp2_common/pico_stdio/stdio.c.o
                0x20000ec4                        PROVIDE (__mutex_array_end = .)
 *(.jcr)
                0x20000ec4                        . = ALIGN (0x4)

.igot.plt       0x20000ec4        0x0 load address 0x1000941c
 .igot.plt      0x20000ec4        0x0 /opt/st/stm32cubeclt_1.21.0/GNU-tools-for-STM32/bin/../lib/gcc/arm-none-eabi/14.3.1/thumb/v8-m.main+fp/softfp/crtbegin.o

.tdata          0x20000ec4        0x0 load address 0x1000941c
                0x20000ec4                        . = ALIGN (0x4)
 *(.tdata .tdata.* .gnu.linkonce.td.*)
                0x20000ec4                        __tdata_end = .
                0x20000ec4                        PROVIDE (__data_end__ = .)
                0x10008668                        __etext = LOADADDR (.data)

.tbss           0x20000ec4        0x0 load address 0x1000941c
                0x20000ec4                        . = ALIGN (0x4)
                0x20000ec4                        __bss_start__ = .
                0x20000ec4                        __tls_base = .
 *(.tbss .tbss.* .gnu.linkonce.tb.*)
 *(.tcommon)
                0x20000ec4                        __tls_end = .

.bss            0x20000ec8      0xca0 load address 0x1000941c
                0x20000ec8                        . = ALIGN (0x4)
                0x20000ec8                        __tbss_end = .
 *(SORT_BY_ALIGNMENT(SORT_BY_NAME(.bss*)))
 .bss.default_alarm_pool_entries
                0x20000ec8      0x180 CMakeFiles/chademo_controller_vehicle.dir/home/tliao/git/pico-sdk/src/common/pico_time/time.c.o
 .bss.last_avail_time.1
                0x20001048        0x8 CMakeFiles/chademo_controller_vehicle.dir/home/tliao/git/pico-sdk/src/rp2_common/pico_stdio_usb/stdio_usb.c.o
 .bss           0x20001050       0x1c /opt/st/stm32cubeclt_1.21.0/GNU-tools-for-STM32/bin/../lib/gcc/arm-none-eabi/14.3.1/thumb/v8-m.main+fp/softfp/crtbegin.o
 .bss._app_driver
                0x2000106c        0x4 CMakeFiles/chademo_controller_vehicle.dir/home/tliao/git/pico-sdk/lib/tinyusb/src/device/usbd.c.o
 .bss._cdcd_epbuf
                0x20001070       0x80 CMakeFiles/chademo_controller_vehicle.dir/home/tliao/git/pico-sdk/lib/tinyusb/src/class/cdc/cdc_device.c.o
 .bss._cdcd_fifo_cfg
                0x200010f0        0x1 CMakeFiles/chademo_controller_vehicle.dir/home/tliao/git/pico-sdk/lib/tinyusb/src/class/cdc/cdc_device.c.o
 *fill*         0x200010f1        0x3 
 .bss._cdcd_itf
                0x200010f4       0xc8 CMakeFiles/chademo_controller_vehicle.dir/home/tliao/git/pico-sdk/lib/tinyusb/src/class/cdc/cdc_device.c.o
 .bss._ctrl_epbuf
                0x200011bc       0x40 CMakeFiles/chademo_controller_vehicle.dir/home/tliao/git/pico-sdk/lib/tinyusb/src/device/usbd_control.c.o
 .bss._ctrl_xfer
                0x200011fc       0x14 CMakeFiles/chademo_controller_vehicle.dir/home/tliao/git/pico-sdk/lib/tinyusb/src/device/usbd_control.c.o
 .bss._sw_spin_locks
                0x20001210       0x20 CMakeFiles/chademo_controller_vehicle.dir/home/tliao/git/pico-sdk/src/rp2_common/hardware_sync_spin_lock/sync_spin_lock.c.o
                0x20001210                _sw_spin_locks
 .bss._tusb_rhport_role
                0x20001230        0x2 CMakeFiles/chademo_controller_vehicle.dir/home/tliao/git/pico-sdk/lib/tinyusb/src/tusb.c.o
                0x20001230                _tusb_rhport_role
 *fill*         0x20001232        0x2 
 .bss._ubsd_mutexdef
                0x20001234        0x8 CMakeFiles/chademo_controller_vehicle.dir/home/tliao/git/pico-sdk/lib/tinyusb/src/device/usbd.c.o
 .bss._usbd_dev
                0x2000123c       0x54 CMakeFiles/chademo_controller_vehicle.dir/home/tliao/git/pico-sdk/lib/tinyusb/src/device/usbd.c.o
 .bss._usbd_mutex
                0x20001290        0x4 CMakeFiles/chademo_controller_vehicle.dir/home/tliao/git/pico-sdk/lib/tinyusb/src/device/usbd.c.o
 .bss._usbd_q   0x20001294        0x4 CMakeFiles/chademo_controller_vehicle.dir/home/tliao/git/pico-sdk/lib/tinyusb/src/device/usbd.c.o
 .bss._usbd_qdef_buf
                0x20001298       0xc0 CMakeFiles/chademo_controller_vehicle.dir/home/tliao/git/pico-sdk/lib/tinyusb/src/device/usbd.c.o
                0x20001298                _usbd_qdef_buf
 .bss._vendord_epbuf
                0x20001358       0x80 CMakeFiles/chademo_controller_vehicle.dir/home/tliao/git/pico-sdk/lib/tinyusb/src/class/vendor/vendor_device.c.o
 .bss._vendord_itf
                0x200013d8      0x24c CMakeFiles/chademo_controller_vehicle.dir/home/tliao/git/pico-sdk/lib/tinyusb/src/class/vendor/vendor_device.c.o
 .bss.chars_available_callback
                0x20001624        0x4 CMakeFiles/chademo_controller_vehicle.dir/home/tliao/git/pico-sdk/src/rp2_common/pico_stdio_usb/stdio_usb.c.o
 .bss.chars_available_param
                0x20001628        0x4 CMakeFiles/chademo_controller_vehicle.dir/home/tliao/git/pico-sdk/src/rp2_common/pico_stdio_usb/stdio_usb.c.o
 .bss.claimed   0x2000162c        0x4 CMakeFiles/chademo_controller_vehicle.dir/home/tliao/git/pico-sdk/src/rp2_common/hardware_sync/sync.c.o
 .bss.claimed   0x20001630        0x2 CMakeFiles/chademo_controller_vehicle.dir/home/tliao/git/pico-sdk/src/rp2_common/hardware_timer/timer.c.o
 *fill*         0x20001632        0x2 
 .bss.configured_freq
                0x20001634       0x28 CMakeFiles/chademo_controller_vehicle.dir/home/tliao/git/pico-sdk/src/rp2_common/hardware_clocks/clocks.c.o
 .bss.desc_str.0
                0x2000165c       0x28 CMakeFiles/chademo_controller_vehicle.dir/home/tliao/git/pico-sdk/src/rp2_common/pico_stdio_usb/stdio_usb_descriptors.c.o
 .bss.drivers   0x20001684        0x4 CMakeFiles/chademo_controller_vehicle.dir/home/tliao/git/pico-sdk/src/rp2_common/pico_stdio/stdio.c.o
 .bss.e15_last_sof
                0x20001688        0x4 CMakeFiles/chademo_controller_vehicle.dir/home/tliao/git/pico-sdk/lib/tinyusb/src/portable/raspberrypi/rp2040/rp2040_usb.c.o
                0x20001688                e15_last_sof
 .bss.filter    0x2000168c        0x4 CMakeFiles/chademo_controller_vehicle.dir/home/tliao/git/pico-sdk/src/rp2_common/pico_stdio/stdio.c.o
 .bss.g_can_rx_count
                0x20001690        0x4 CMakeFiles/chademo_controller_vehicle.dir/main.c.o
 .bss.g_can_tx_count
                0x20001694        0x4 CMakeFiles/chademo_controller_vehicle.dir/main.c.o
 .bss.g_fsm_ctx
                0x20001698       0x50 CMakeFiles/chademo_controller_vehicle.dir/main.c.o
 .bss.g_last_debug_print_ms
                0x200016e8        0x4 CMakeFiles/chademo_controller_vehicle.dir/main.c.o
 .bss.g_loop_count
                0x200016ec        0x4 CMakeFiles/chademo_controller_vehicle.dir/main.c.o
 .bss.hw_endpoints
                0x200016f0      0x400 CMakeFiles/chademo_controller_vehicle.dir/home/tliao/git/pico-sdk/lib/tinyusb/src/portable/raspberrypi/rp2040/dcd_rp2040.c.o
 .bss.last_tx_err_print.4
                0x20001af0        0x4 CMakeFiles/chademo_controller_vehicle.dir/main.c.o
 .bss.last_tx_time.5
                0x20001af4        0x4 CMakeFiles/chademo_controller_vehicle.dir/main.c.o
 .bss.lazy_vsnprintf
                0x20001af8        0x4 CMakeFiles/chademo_controller_vehicle.dir/home/tliao/git/pico-sdk/src/rp2_common/pico_printf/printf.c.o
 .bss.led_timer.1
                0x20001afc        0x4 CMakeFiles/chademo_controller_vehicle.dir/main.c.o
 .bss.load_value
                0x20001b00        0x4 CMakeFiles/chademo_controller_vehicle.dir/home/tliao/git/pico-sdk/src/rp2_common/hardware_watchdog/watchdog.c.o
 .bss.next_buffer_ptr
                0x20001b04        0x4 CMakeFiles/chademo_controller_vehicle.dir/home/tliao/git/pico-sdk/lib/tinyusb/src/portable/raspberrypi/rp2040/dcd_rp2040.c.o
 .bss.one_shot_timer_crit_sec
                0x20001b08        0x8 CMakeFiles/chademo_controller_vehicle.dir/home/tliao/git/pico-sdk/src/rp2_common/pico_stdio_usb/stdio_usb.c.o
 .bss.pools     0x20001b10       0x20 CMakeFiles/chademo_controller_vehicle.dir/home/tliao/git/pico-sdk/src/common/pico_time/time.c.o
 .bss.retrieved_id
                0x20001b30        0x8 CMakeFiles/chademo_controller_vehicle.dir/home/tliao/git/pico-sdk/src/rp2_common/pico_unique_id/unique_id.c.o
 .bss.sleep_notifier
                0x20001b38        0x4 CMakeFiles/chademo_controller_vehicle.dir/home/tliao/git/pico-sdk/src/common/pico_time/time.c.o
 .bss.stdio_usb_mutex
                0x20001b3c        0x8 CMakeFiles/chademo_controller_vehicle.dir/home/tliao/git/pico-sdk/src/rp2_common/pico_stdio_usb/stdio_usb.c.o
 .bss.uart_char_to_line_feed
                0x20001b44        0x4 CMakeFiles/chademo_controller_vehicle.dir/home/tliao/git/pico-sdk/src/rp2_common/hardware_uart/uart.c.o
                0x20001b44                uart_char_to_line_feed
 .bss.usbd_serial_str
                0x20001b48       0x11 CMakeFiles/chademo_controller_vehicle.dir/home/tliao/git/pico-sdk/src/rp2_common/pico_stdio_usb/stdio_usb_descriptors.c.o
 *fill*         0x20001b59        0x1 
 .bss.sim_current.2
                0x20001b5a        0x2 CMakeFiles/chademo_controller_vehicle.dir/main.c.o
 .bss._app_driver_count
                0x20001b5c        0x1 CMakeFiles/chademo_controller_vehicle.dir/home/tliao/git/pico-sdk/lib/tinyusb/src/device/usbd.c.o
 .bss._sof_enable
                0x20001b5d        0x1 CMakeFiles/chademo_controller_vehicle.dir/home/tliao/git/pico-sdk/lib/tinyusb/src/portable/raspberrypi/rp2040/dcd_rp2040.c.o
 .bss._usbd_queued_setup