Archive member included to satisfy reference by file (symbol)

/opt/st/stm32cubeclt_1.21.0/GNU-tools-for-STM32/bin/../lib/gcc/arm-none-eabi/14.3.1/../../../../arm-none-eabi/lib/thumb/v8-m.main+fp/softfp/libm.a(libm_a-wf_sqrt.o)
                              CMakeFiles/energica_display_focused.dir/home/tliao/git/pico-sdk/src/rp2_common/pico_float/float_math.c.o (sqrtf)
/opt/st/stm32cubeclt_1.21.0/GNU-tools-for-STM32/bin/../lib/gcc/arm-none-eabi/14.3.1/../../../../arm-none-eabi/lib/thumb/v8-m.main+fp/softfp/libm.a(libm_a-ef_sqrt.o)
                              /opt/st/stm32cubeclt_1.21.0/GNU-tools-for-STM32/bin/../lib/gcc/arm-none-eabi/14.3.1/../../../../arm-none-eabi/lib/thumb/v8-m.main+fp/softfp/libm.a(libm_a-wf_sqrt.o) (__ieee754_sqrtf)
/opt/st/stm32cubeclt_1.21.0/GNU-tools-for-STM32/bin/../lib/gcc/arm-none-eabi/14.3.1/thumb/v8-m.main+fp/softfp/libgcc.a(_arm_addsubdf3.o)
                              CMakeFiles/energica_display_focused.dir/home/tliao/git/pico-sdk/src/rp2_common/pico_float/float_math.c.o (__aeabi_f2d)
/opt/st/stm32cubeclt_1.21.0/GNU-tools-for-STM32/bin/../lib/gcc/arm-none-eabi/14.3.1/thumb/v8-m.main+fp/softfp/libgcc.a(_aeabi_ldivmod.o)
                              CMakeFiles/energica_display_focused.dir/home/tliao/git/pico-sdk/src/common/pico_time/time.c.o (__aeabi_ldivmod)
/opt/st/stm32cubeclt_1.21.0/GNU-tools-for-STM32/bin/../lib/gcc/arm-none-eabi/14.3.1/thumb/v8-m.main+fp/softfp/libgcc.a(_aeabi_uldivmod.o)
                              CMakeFiles/energica_display_focused.dir/chademo_hal.c.o (__aeabi_uldivmod)
/opt/st/stm32cubeclt_1.21.0/GNU-tools-for-STM32/bin/../lib/gcc/arm-none-eabi/14.3.1/thumb/v8-m.main+fp/softfp/libgcc.a(_udivmoddi4.o)
                              /opt/st/stm32cubeclt_1.21.0/GNU-tools-for-STM32/bin/../lib/gcc/arm-none-eabi/14.3.1/thumb/v8-m.main+fp/softfp/libgcc.a(_aeabi_ldivmod.o) (__udivmoddi4)
/opt/st/stm32cubeclt_1.21.0/GNU-tools-for-STM32/bin/../lib/gcc/arm-none-eabi/14.3.1/thumb/v8-m.main+fp/softfp/libgcc.a(_dvmd_tls.o)
                              /opt/st/stm32cubeclt_1.21.0/GNU-tools-for-STM32/bin/../lib/gcc/arm-none-eabi/14.3.1/thumb/v8-m.main+fp/softfp/libgcc.a(_aeabi_ldivmod.o) (__aeabi_ldiv0)
/opt/st/stm32cubeclt_1.21.0/GNU-tools-for-STM32/bin/../lib/gcc/arm-none-eabi/14.3.1/../../../../arm-none-eabi/lib/thumb/v8-m.main+fp/softfp/libg.a(libc_a-calloc.o)
                              CMakeFiles/energica_display_focused.dir/home/tliao/git/pico-sdk/src/rp2_common/pico_malloc/malloc.c.o (calloc)
/opt/st/stm32cubeclt_1.21.0/GNU-tools-for-STM32/bin/../lib/gcc/arm-none-eabi/14.3.1/../../../../arm-none-eabi/lib/thumb/v8-m.main+fp/softfp/libg.a(libc_a-callocr.o)
                              /opt/st/stm32cubeclt_1.21.0/GNU-tools-for-STM32/bin/../lib/gcc/arm-none-eabi/14.3.1/../../../../arm-none-eabi/lib/thumb/v8-m.main+fp/softfp/libg.a(libc_a-calloc.o) (_calloc_r)
/opt/st/stm32cubeclt_1.21.0/GNU-tools-for-STM32/bin/../lib/gcc/arm-none-eabi/14.3.1/../../../../arm-none-eabi/lib/thumb/v8-m.main+fp/softfp/libg.a(libc_a-malloc.o)
                              CMakeFiles/energica_display_focused.dir/home/tliao/git/pico-sdk/src/rp2_common/pico_malloc/malloc.c.o (malloc)
/opt/st/stm32cubeclt_1.21.0/GNU-tools-for-STM32/bin/../lib/gcc/arm-none-eabi/14.3.1/../../../../arm-none-eabi/lib/thumb/v8-m.main+fp/softfp/libg.a(libc_a-mallocr.o)
                              /opt/st/stm32cubeclt_1.21.0/GNU-tools-for-STM32/bin/../lib/gcc/arm-none-eabi/14.3.1/../../../../arm-none-eabi/lib/thumb/v8-m.main+fp/softfp/libg.a(libc_a-callocr.o) (_malloc_r)
/opt/st/stm32cubeclt_1.21.0/GNU-tools-for-STM32/bin/../lib/gcc/arm-none-eabi/14.3.1/../../../../arm-none-eabi/lib/thumb/v8-m.main+fp/softfp/libg.a(libc_a-mlock.o)
                              /opt/st/stm32cubeclt_1.21.0/GNU-tools-for-STM32/bin/../lib/gcc/arm-none-eabi/14.3.1/../../../../arm-none-eabi/lib/thumb/v8-m.main+fp/softfp/libg.a(libc_a-mallocr.o) (__malloc_lock)
/opt/st/stm32cubeclt_1.21.0/GNU-tools-for-STM32/bin/../lib/gcc/arm-none-eabi/14.3.1/../../../../arm-none-eabi/lib/thumb/v8-m.main+fp/softfp/libg.a(libc_a-realloc.o)
                              CMakeFiles/energica_display_focused.dir/home/tliao/git/pico-sdk/src/rp2_common/pico_malloc/malloc.c.o (realloc)
/opt/st/stm32cubeclt_1.21.0/GNU-tools-for-STM32/bin/../lib/gcc/arm-none-eabi/14.3.1/../../../../arm-none-eabi/lib/thumb/v8-m.main+fp/softfp/libg.a(libc_a-reallocr.o)
                              /opt/st/stm32cubeclt_1.21.0/GNU-tools-for-STM32/bin/../lib/gcc/arm-none-eabi/14.3.1/../../../../arm-none-eabi/lib/thumb/v8-m.main+fp/softfp/libg.a(libc_a-realloc.o) (_realloc_r)
/opt/st/stm32cubeclt_1.21.0/GNU-tools-for-STM32/bin/../lib/gcc/arm-none-eabi/14.3.1/../../../../arm-none-eabi/lib/thumb/v8-m.main+fp/softfp/libg.a(libc_a-memcmp.o)
                              CMakeFiles/energica_display_focused.dir/home/tliao/git/pico-sdk/src/rp2_common/pico_atomic/atomic.c.o (memcmp)
[...]
Memory Configuration

Name             Origin             Length             Attributes
FLASH            0x10000000         0x00400000         xr
RAM              0x20000000         0x00080000         xrw
SCRATCH_X        0x20080000         0x00001000         xrw
SCRATCH_Y        0x20081000         0x00001000         xrw
*default*        0x00000000         0xffffffff

Linker script and memory map

LOAD /opt/st/stm32cubeclt_1.21.0/GNU-tools-for-STM32/bin/../lib/gcc/arm-none-eabi/14.3.1/thumb/v8-m.main+fp/softfp/crti.o
LOAD /opt/st/stm32cubeclt_1.21.0/GNU-tools-for-STM32/bin/../lib/gcc/arm-none-eabi/14.3.1/thumb/v8-m.main+fp/softfp/crtbegin.o
LOAD /opt/st/stm32cubeclt_1.21.0/GNU-tools-for-STM32/bin/../lib/gcc/arm-none-eabi/14.3.1/../../../../arm-none-eabi/lib/thumb/v8-m.main+fp/softfp/crt0.o

.flash_begin    0x10000000        0x0
                0x10000000                        __flash_binary_start = .

.text           0x10000000     0x60f8
                0x10000000                        __logical_binary_start = .
 *(.vectors)
 .vectors       0x10000000      0x124 CMakeFiles/energica_display_focused.dir/home/tliao/git/pico-sdk/src/rp2_common/pico_crt0/crt0.S.o
                0x10000000                __vectors
                0x10000000                __VECTOR_TABLE
                0x10000110                isr_invalid
                0x10000110                __default_isrs_start
                0x10000112                isr_nmi
                0x10000114                isr_hardfault
                0x10000116                isr_svcall
                0x10000118                isr_pendsv
                0x1000011a                isr_systick
                0x1000011c                isr_irq30
                0x1000011c                __unhandled_user_irq
                0x1000011c                isr_irq49
                0x1000011c                isr_irq13
                0x1000011c                isr_irq43
                0x1000011c                isr_irq45
                0x1000011c                isr_irq27
                0x1000011c                isr_irq32
                0x1000011c                isr_irq31
                0x1000011c                isr_irq5
                0x1000011c                isr_irq11
                0x1000011c                isr_irq23
                0x1000011c                isr_irq48
                0x1000011c                isr_irq35
                0x1000011c                isr_irq18
                0x1000011c                isr_irq50
                0x1000011c                isr_irq40
                0x1000011c                isr_irq28
                0x1000011c                isr_irq19
                0x1000011c                isr_irq36
                0x1000011c                isr_irq41
                0x1000011c                isr_irq0
                0x1000011c                isr_irq6
                0x1000011c                isr_irq37
                0x1000011c                isr_irq42
                0x1000011c                isr_irq22
                0x1000011c                isr_irq17
                0x1000011c                isr_irq38
                0x1000011c                isr_irq14
                0x1000011c                isr_irq2
                0x1000011c                isr_irq10
                0x1000011c                isr_irq8
                0x1000011c                isr_irq24
                0x1000011c                isr_irq46
                0x1000011c                isr_irq1
                0x1000011c                isr_irq47
                0x1000011c                isr_irq51
                0x1000011c                isr_irq7
                0x1000011c                isr_irq21
                0x1000011c                isr_irq39
                0x1000011c                isr_irq20
                0x1000011c                isr_irq15
                0x1000011c                isr_irq25
                0x1000011c                isr_irq34
                0x1000011c                isr_irq4
                0x1000011c                isr_irq16
                0x1000011c                isr_irq44
                0x1000011c                isr_irq29
                0x1000011c                isr_irq26
                0x1000011c                __default_isrs_end
                0x1000011c                isr_irq33
                0x1000011c                isr_irq3
                0x1000011c                isr_irq12
                0x1000011c                isr_irq9
                0x10000122                unhandled_user_irq_num_in_r0
 *(.binary_info_header)
 .binary_info_header
                0x10000124       0x14 CMakeFiles/energica_display_focused.dir/home/tliao/git/pico-sdk/src/rp2_common/pico_crt0/crt0.S.o
                0x10000138                        __binary_info_header_end = .
 *(.embedded_block)
 .embedded_block
                0x10000138       0x14 CMakeFiles/energica_display_focused.dir/home/tliao/git/pico-sdk/src/rp2_common/pico_crt0/crt0.S.o
                0x1000014c                        __embedded_block_end = .
 *(.reset)
 .reset         0x1000014c       0xa0 CMakeFiles/energica_display_focused.dir/home/tliao/git/pico-sdk/src/rp2_common/pico_crt0/crt0.S.o
                0x1000014c                _entry_point
 *(.init)
 .init          0x100001ec        0x4 /opt/st/stm32cubeclt_1.21.0/GNU-tools-for-STM32/bin/../lib/gcc/arm-none-eabi/14.3.1/thumb/v8-m.main+fp/softfp/crti.o
                0x100001ec                _init
 *libgcc.a:cmse_nonsecure_call.o()
 *(EXCLUDE_FILE(*libm.a: *libc.a:*lib_a-mem*.o *libgcc.a:) .text*)
 .text          0x100001f0       0x40 /opt/st/stm32cubeclt_1.21.0/GNU-tools-for-STM32/bin/../lib/gcc/arm-none-eabi/14.3.1/thumb/v8-m.main+fp/softfp/crtbegin.o
 .text.drain_rx
                0x10000230       0xbc CMakeFiles/energica_display_focused.dir/energica_display_focused.c.o
 .text.send_id.constprop.0.isra.0
                0x100002ec       0x38 CMakeFiles/energica_display_focused.dir/energica_display_focused.c.o
 .text.startup.main
                0x10000324      0x190 CMakeFiles/energica_display_focused.dir/energica_display_focused.c.o
                0x10000324                main
 .text.hal_gpio_init
                0x100004b4       0x68 CMakeFiles/energica_display_focused.dir/chademo_hal.c.o
                0x100004b4                hal_gpio_init
 .text.hal_can_reset
                0x1000051c       0x58 CMakeFiles/energica_display_focused.dir/chademo_hal.c.o
                0x1000051c                hal_can_reset
 .text.hal_can_read_reg
                0x10000574       0x7c CMakeFiles/energica_display_focused.dir/chademo_hal.c.o
                0x10000574                hal_can_read_reg
 .text.hal_can_write_reg
                0x100005f0       0x7c CMakeFiles/energica_display_focused.dir/chademo_hal.c.o
                0x100005f0                hal_can_write_reg
 .text.hal_can_bit_modify
                0x1000066c       0x98 CMakeFiles/energica_display_focused.dir/chademo_hal.c.o
                0x1000066c                hal_can_bit_modify
 .text.hal_can_init_with_bitrate
                0x10000704      0x140 CMakeFiles/energica_display_focused.dir/chademo_hal.c.o
                0x10000704                hal_can_init_with_bitrate
 .text.hal_can_send
                0x10000844      0x1b0 CMakeFiles/energica_display_focused.dir/chademo_hal.c.o
                0x10000844                hal_can_send
 .text.hal_can_recv
                0x100009f4      0x100 CMakeFiles/energica_display_focused.dir/chademo_hal.c.o
                0x100009f4                hal_can_recv
 .text.hal_millis
                0x10000af4       0x24 CMakeFiles/energica_display_focused.dir/chademo_hal.c.o
                0x10000af4                hal_millis
 .text.gpio_set_function
                0x10000b18       0x3c CMakeFiles/energica_display_focused.dir/home/tliao/git/pico-sdk/src/rp2_common/hardware_gpio/gpio.c.o
                0x10000b18                gpio_set_function
 .text.gpio_set_pulls
                0x10000b54       0x28 CMakeFiles/energica_display_focused.dir/home/tliao/git/pico-sdk/src/rp2_common/hardware_gpio/gpio.c.o
                0x10000b54                gpio_set_pulls
 .text.gpio_init
                0x10000b7c       0x48 CMakeFiles/energica_display_focused.dir/home/tliao/git/pico-sdk/src/rp2_common/hardware_gpio/gpio.c.o
                0x10000b7c                gpio_init
 .text.panic    0x10000bc4       0x30 CMakeFiles/energica_display_focused.dir/home/tliao/git/pico-sdk/src/rp2_common/pico_platform_panic/panic.c.o
                0x10000bc4                panic
 .text.hw_claim_or_assert
                0x10000bf4       0x58 CMakeFiles/energica_display_focused.dir/home/tliao/git/pico-sdk/src/common/hardware_claim/claim.c.o
                0x10000bf4                hw_claim_or_assert
 .text.hw_claim_unused_from_range
                0x10000c4c       0x80 CMakeFiles/energica_display_focused.dir/home/tliao/git/pico-sdk/src/common/hardware_claim/claim.c.o
                0x10000c4c                hw_claim_unused_from_range
 .text.next_striped_spin_lock_num
                0x10000ccc       0x18 CMakeFiles/energica_display_focused.dir/home/tliao/git/pico-sdk/src/rp2_common/hardware_sync/sync.c.o
                0x10000ccc                next_striped_spin_lock_num
 .text.spin_lock_claim_unused
                0x10000ce4       0x20 CMakeFiles/energica_display_focused.dir/home/tliao/git/pico-sdk/src/rp2_common/hardware_sync/sync.c.o
                0x10000ce4                spin_lock_claim_unused
 .text.spinlock_set_extexclall
                0x10000d04       0x10 CMakeFiles/energica_display_focused.dir/home/tliao/git/pico-sdk/src/rp2_common/hardware_sync_spin_lock/sync_spin_lock.c.o
 .text.spin_locks_reset
                0x10000d14       0x18 CMakeFiles/energica_display_focused.dir/home/tliao/git/pico-sdk/src/rp2_common/hardware_sync_spin_lock/sync_spin_lock.c.o
                0x10000d14                spin_locks_reset
 .text.runtime_init_per_core_irq_priorities
                0x10000d2c       0x1c CMakeFiles/energica_display_focused.dir/home/tliao/git/pico-sdk/src/rp2_common/hardware_irq/irq.c.o
                0x10000d2c                runtime_init_per_core_irq_priorities
 .text.irq_set_enabled
                0x10000d48       0x2c CMakeFiles/energica_display_focused.dir/home/tliao/git/pico-sdk/src/rp2_common/hardware_irq/irq.c.o
                0x10000d48                irq_set_enabled
 .text.irq_is_enabled
                0x10000d74       0x20 CMakeFiles/energica_display_focused.dir/home/tliao/git/pico-sdk/src/rp2_common/hardware_irq/irq.c.o
                0x10000d74                irq_is_enabled
 .text.irq_set_pending
                0x10000d94       0x18 CMakeFiles/energica_display_focused.dir/home/tliao/git/pico-sdk/src/rp2_common/hardware_irq/irq.c.o
                0x10000d94                irq_set_pending
 .text.irq_has_shared_handler
                0x10000dac       0x20 CMakeFiles/energica_display_focused.dir/home/tliao/git/pico-sdk/src/rp2_common/hardware_irq/irq.c.o
                0x10000dac                irq_has_shared_handler
 .text.irq_set_exclusive_handler
                0x10000dcc       0x60 CMakeFiles/energica_display_focused.dir/home/tliao/git/pico-sdk/src/rp2_common/hardware_irq/irq.c.o
                0x10000dcc                irq_set_exclusive_handler
 .text.irq_add_shared_handler
                0x10000e2c      0x1e8 CMakeFiles/energica_display_focused.dir/home/tliao/git/pico-sdk/src/rp2_common/hardware_irq/irq.c.o
                0x10000e2c                irq_add_shared_handler
 .text.irq_add_tail_to_free_list
                0x10001014       0xa8 CMakeFiles/energica_display_focused.dir/home/tliao/git/pico-sdk/src/rp2_common/hardware_irq/irq.c.o
                0x10001014                irq_add_tail_to_free_list
 .text.user_irq_claim_unused
                0x100010bc       0x28 CMakeFiles/energica_display_focused.dir/home/tliao/git/pico-sdk/src/rp2_common/hardware_irq/irq.c.o
                0x100010bc                user_irq_claim_unused
 .text.lock_init
                0x100010e4        0xc CMakeFiles/energica_display_focused.dir/home/tliao/git/pico-sdk/src/common/pico_sync/lock_core.c.o
                0x100010e4                lock_init
 .text.runtime_init_mutex
                0x100010f0       0x50 CMakeFiles/energica_display_focused.dir/home/tliao/git/pico-sdk/src/common/pico_sync/mutex.c.o
                0x100010f0                runtime_init_mutex
 .text.mutex_init
                0x10001140       0x1c CMakeFiles/energica_display_focused.dir/home/tliao/git/pico-sdk/src/common/pico_sync/mutex.c.o
                0x10001140                mutex_init
 .text.critical_section_init
                0x1000115c       0x1c CMakeFiles/energica_display_focused.dir/home/tliao/git/pico-sdk/src/common/pico_sync/critical_section.c.o
                0x1000115c                critical_section_init
 .text.critical_section_init_with_lock_num
                0x10001178       0x10 CMakeFiles/energica_display_focused.dir/home/tliao/git/pico-sdk/src/common/pico_sync/critical_section.c.o
                0x10001178                critical_section_init_with_lock_num
 .text.sleep_until_callback
                0x10001188       0x3c CMakeFiles/energica_display_focused.dir/home/tliao/git/pico-sdk/src/common/pico_time/time.c.o
 *fill*         0x100011c4        0x4 
 .text.alarm_pool_irq_handler
                0x100011c8      0x2e0 CMakeFiles/energica_display_focused.dir/home/tliao/git/pico-sdk/src/common/pico_time/time.c.o
 .text.runtime_init_default_alarm_pool
                0x100014a8       0xa0 CMakeFiles/energica_display_focused.dir/home/tliao/git/pico-sdk/src/common/pico_time/time.c.o
                0x100014a8                runtime_init_default_alarm_pool
 .text.alarm_pool_get_default
                0x10001548        0x8 CMakeFiles/energica_display_focused.dir/home/tliao/git/pico-sdk/src/common/pico_time/time.c.o
                0x10001548                alarm_pool_get_default
 .text.alarm_pool_add_alarm_at_force_in_context
                0x10001550       0xc8 CMakeFiles/energica_display_focused.dir/home/tliao/git/pico-sdk/src/common/pico_time/time.c.o
                0x10001550                alarm_pool_add_alarm_at_force_in_context
 .text.alarm_pool_add_alarm_at
                0x10001618       0x40 CMakeFiles/energica_display_focused.dir/home/tliao/git/pico-sdk/src/common/pico_time/time.c.o
                0x10001618                alarm_pool_add_alarm_at
 .text.alarm_pool_cancel_alarm
                0x10001658       0x80 CMakeFiles/energica_display_focused.dir/home/tliao/git/pico-sdk/src/common/pico_time/time.c.o
                0x10001658                alarm_pool_cancel_alarm
 .text.alarm_pool_core_num
                0x100016d8        0x4 CMakeFiles/energica_display_focused.dir/home/tliao/git/pico-sdk/src/common/pico_time/time.c.o
                0x100016d8                alarm_pool_core_num
 .text.sleep_until
                0x100016dc       0xbc CMakeFiles/energica_display_focused.dir/home/tliao/git/pico-sdk/src/common/pico_time/time.c.o
                0x100016dc                sleep_until
 .text.sleep_ms
                0x10001798       0x2c CMakeFiles/energica_display_focused.dir/home/tliao/git/pico-sdk/src/common/pico_time/time.c.o
                0x10001798                sleep_ms
 .text.best_effort_wfe_or_timeout
                0x100017c4       0xd4 CMakeFiles/energica_display_focused.dir/home/tliao/git/pico-sdk/src/common/pico_time/time.c.o
                0x100017c4                best_effort_wfe_or_timeout
 .text.timer_hardware_alarm_claim
                0x10001898       0x24 CMakeFiles/energica_display_focused.dir/home/tliao/git/pico-sdk/src/rp2_common/hardware_timer/timer.c.o
                0x10001898                timer_hardware_alarm_claim
 .text.timer_time_us_64
                0x100018bc       0x10 CMakeFiles/energica_display_focused.dir/home/tliao/git/pico-sdk/src/rp2_common/hardware_timer/timer.c.o
                0x100018bc                timer_time_us_64
 .text.time_us_64
                0x100018cc       0x14 CMakeFiles/energica_display_focused.dir/home/tliao/git/pico-sdk/src/rp2_common/hardware_timer/timer.c.o
                0x100018cc                time_us_64
 .text.busy_wait_until
                0x100018e0       0x24 CMakeFiles/energica_display_focused.dir/home/tliao/git/pico-sdk/src/rp2_common/hardware_timer/timer.c.o
                0x100018e0                busy_wait_until
 .text.clock_configure_internal
                0x10001904       0xcc CMakeFiles/energica_display_focused.dir/home/tliao/git/pico-sdk/src/rp2_common/hardware_clocks/clocks.c.o
 .text.clock_configure_undivided
                0x100019d0       0x14 CMakeFiles/energica_display_focused.dir/home/tliao/git/pico-sdk/src/rp2_common/hardware_clocks/clocks.c.o
                0x100019d0                clock_configure_undivided
 .text.clock_get_hz
                0x100019e4        0xc CMakeFiles/energica_display_focused.dir/home/tliao/git/pico-sdk/src/rp2_common/hardware_clocks/clocks.c.o
                0x100019e4                clock_get_hz
 .text.pll_init
                0x100019f0       0x8c CMakeFiles/energica_display_focused.dir/home/tliao/git/pico-sdk/src/rp2_common/hardware_pll/pll.c.o
                0x100019f0                pll_init
 .text.watchdog_reboot
                0x10001a7c       0x98 CMakeFiles/energica_display_focused.dir/home/tliao/git/pico-sdk/src/rp2_common/hardware_watchdog/watchdog.c.o
                0x10001a7c                watchdog_reboot
 .text.tick_start
                0x10001b14       0x18 CMakeFiles/energica_display_focused.dir/home/tliao/git/pico-sdk/src/rp2_common/hardware_ticks/ticks.c.o
                0x10001b14                tick_start
 .text.rom_reboot.constprop.0.isra.0
                0x10001b2c       0x34 CMakeFiles/energica_display_focused.dir/home/tliao/git/pico-sdk/src/rp2_common/pico_bootrom/bootrom.c.o
 .text.rom_func_lookup
                0x10001b60       0x18 CMakeFiles/energica_display_focused.dir/home/tliao/git/pico-sdk/src/rp2_common/pico_bootrom/bootrom.c.o
                0x10001b60                rom_func_lookup
 .text.rom_reset_usb_boot_extra
                0x10001b78       0x1c CMakeFiles/energica_display_focused.dir/home/tliao/git/pico-sdk/src/rp2_common/pico_bootrom/bootrom.c.o
                0x10001b78                rom_reset_usb_boot_extra
 .text.runtime_init_bootrom_locking_enable
                0x10001b94       0x14 CMakeFiles/energica_display_focused.dir/home/tliao/git/pico-sdk/src/rp2_common/pico_bootrom/bootrom_lock.c.o
                0x10001b94                runtime_init_bootrom_locking_enable
 .text.runtime_init_boot_locks_reset
                0x10001ba8       0x1c CMakeFiles/energica_display_focused.dir/home/tliao/git/pico-sdk/src/rp2_common/hardware_boot_lock/boot_lock.c.o
                0x10001ba8                runtime_init_boot_locks_reset
 .text.xosc_init
                0x10001bc4       0x30 CMakeFiles/energica_display_focused.dir/home/tliao/git/pico-sdk/src/rp2_common/hardware_xosc/xosc.c.o
                0x10001bc4                xosc_init
 .text.first_per_core_initializer
                0x10001bf4        0x4 CMakeFiles/energica_display_focused.dir/home/tliao/git/pico-sdk/src/rp2_common/pico_runtime/runtime.c.o
 .text.hard_assertion_failure
                0x10001bf8        0xc CMakeFiles/energica_display_focused.dir/home/tliao/git/pico-sdk/src/rp2_common/pico_runtime/runtime.c.o
                0x10001bf8                hard_assertion_failure
 .text.runtime_run_initializers
                0x10001c04       0x20 CMakeFiles/energica_display_focused.dir/home/tliao/git/pico-sdk/src/rp2_common/pico_runtime/runtime.c.o
                0x10001c04                runtime_run_initializers
 .text.runtime_init_early_resets
                0x10001c24       0x34 CMakeFiles/energica_display_focused.dir/home/tliao/git/pico-sdk/src/rp2_common/pico_runtime_init/runtime_init.c.o
                0x10001c24                runtime_init_early_resets
 .text.runtime_init_usb_power_down
                0x10001c58       0x1c CMakeFiles/energica_display_focused.dir/home/tliao/git/pico-sdk/src/rp2_common/pico_runtime_init/runtime_init.c.o
                0x10001c58                runtime_init_usb_power_down
 .text.runtime_init_per_core_enable_coprocessors
                0x10001c74       0x1c CMakeFiles/energica_display_focused.dir/home/tliao/git/pico-sdk/src/rp2_common/pico_runtime_init/runtime_init.c.o
                0x10001c74                runtime_init_per_core_enable_coprocessors
 .text.runtime_init_post_clock_resets
                0x10001c90       0x20 CMakeFiles/energica_display_focused.dir/home/tliao/git/pico-sdk/src/rp2_common/pico_runtime_init/runtime_init.c.o
                0x10001c90                runtime_init_post_clock_resets
 .text.runtime_init_bootrom_reset
                0x10001cb0       0x14 CMakeFiles/energica_display_focused.dir/home/tliao/git/pico-sdk/src/rp2_common/pico_runtime_init/runtime_init.c.o
                0x10001cb0                runtime_init_bootrom_reset
 .text.runtime_init_per_core_bootrom_reset
                0x10001cc4       0x14 CMakeFiles/energica_display_focused.dir/home/tliao/git/pico-sdk/src/rp2_common/pico_runtime_init/runtime_init.c.o
                0x10001cc4                runtime_init_per_core_bootrom_reset
 .text.runtime_init_spin_locks_reset
                0x10001cd8        0x4 CMakeFiles/energica_display_focused.dir/home/tliao/git/pico-sdk/src/rp2_common/pico_runtime_init/runtime_init.c.o
                0x10001cd8                runtime_init_spin_locks_reset
 .text.runtime_init_install_ram_vector_table
                0x10001cdc       0x20 CMakeFiles/energica_display_focused.dir/home/tliao/git/pico-sdk/src/rp2_common/pico_runtime_init/runtime_init.c.o
                0x10001cdc                runtime_init_install_ram_vector_table
 .text.runtime_init_clocks
                0x10001cfc       0xdc CMakeFiles/energica_display_focused.dir/home/tliao/git/pico-sdk/src/rp2_common/pico_runtime_init/runtime_init_clocks.c.o
                0x10001cfc                runtime_init_clocks
 .text.__rp2350_dcp_engaged_state_save_restore
                0x10001dd8       0x3a CMakeFiles/energica_display_focused.dir/home/tliao/git/pico-sdk/src/rp2_common/pico_double/double_aeabi_dcp.S.o
 *fill*         0x10001e12        0x2 
 .text.__wrap___aeabi_dadd
                0x10001e14       0x28 CMakeFiles/energica_display_focused.dir/home/tliao/git/pico-sdk/src/rp2_common/pico_double/double_aeabi_dcp.S.o
                0x10001e1c                __wrap___aeabi_dadd
 .text.__wrap___aeabi_dsub
                0x10001e3c       0x28 CMakeFiles/energica_display_focused.dir/home/tliao/git/pico-sdk/src/rp2_common/pico_double/double_aeabi_dcp.S.o
                0x10001e44                __wrap___aeabi_dsub
 .text.__wrap___aeabi_dmul
                0x10001e64       0x4c CMakeFiles/energica_display_focused.dir/home/tliao/git/pico-sdk/src/rp2_common/pico_double/double_aeabi_dcp.S.o
                0x10001e6c                __wrap___aeabi_dmul
 .text.__wrap___aeabi_ddiv
                0x10001eb0       0x9c CMakeFiles/energica_display_focused.dir/home/tliao/git/pico-sdk/src/rp2_common/pico_double/double_aeabi_dcp.S.o
                0x10001eb8                __wrap___aeabi_ddiv
 .text.__wrap___aeabi_i2d
                0x10001f4c       0x24 CMakeFiles/energica_display_focused.dir/home/tliao/git/pico-sdk/src/rp2_common/pico_double/double_aeabi_dcp.S.o
                0x10001f54                __wrap___aeabi_i2d
                0x10001f54                int2double
 .text.__wrap___aeabi_ui2d
                0x10001f70       0x24 CMakeFiles/energica_display_focused.dir/home/tliao/git/pico-sdk/src/rp2_common/pico_double/double_aeabi_dcp.S.o
                0x10001f78                __wrap___aeabi_ui2d
                0x10001f78                uint2double
 .text.__wrap___aeabi_d2iz
                0x10001f94       0x24 CMakeFiles/energica_display_focused.dir/home/tliao/git/pico-sdk/src/rp2_common/pico_double/double_aeabi_dcp.S.o
                0x10001f9c                __wrap___aeabi_d2iz
                0x10001f9c                double2int_z
 .text.__wrap___aeabi_d2uiz
                0x10001fb8       0x24 CMakeFiles/energica_display_focused.dir/home/tliao/git/pico-sdk/src/rp2_common/pico_double/double_aeabi_dcp.S.o
                0x10001fc0                double2uint_z
                0x10001fc0                double2uint
                0x10001fc0                __wrap___aeabi_d2uiz
 .text.__wrap___aeabi_dcmpun
                0x10001fdc       0x24 CMakeFiles/energica_display_focused.dir/home/tliao/git/pico-sdk/src/rp2_common/pico_double/double_aeabi_dcp.S.o
                0x10001fe4                __wrap___aeabi_dcmpun
 .text.__wrap___aeabi_dcmplt
                0x10002000       0x28 CMakeFiles/energica_display_focused.dir/home/tliao/git/pico-sdk/src/rp2_common/pico_double/double_aeabi_dcp.S.o
                0x10002008                __wrap___aeabi_dcmplt
 .text.__wrap___aeabi_dcmple
                0x10002028       0x28 CMakeFiles/energica_display_focused.dir/home/tliao/git/pico-sdk/src/rp2_common/pico_double/double_aeabi_dcp.S.o
                0x10002030                __wrap___aeabi_dcmple
 .text.__wrap___aeabi_dcmpge
                0x10002050       0x28 CMakeFiles/energica_display_focused.dir/home/tliao/git/pico-sdk/src/rp2_common/pico_double/double_aeabi_dcp.S.o
                0x10002058                __wrap___aeabi_dcmpge
 .text.__wrap___aeabi_dcmpgt
                0x10002078       0x28 CMakeFiles/energica_display_focused.dir/home/tliao/git/pico-sdk/src/rp2_common/pico_double/double_aeabi_dcp.S.o
                0x10002080                __wrap___aeabi_dcmpgt
 .text._out_null
                0x100020a0        0x4 CMakeFiles/energica_display_focused.dir/home/tliao/git/pico-sdk/src/rp2_common/pico_printf/printf.c.o
 .text._out_rev
                0x100020a4       0x9c CMakeFiles/energica_display_focused.dir/home/tliao/git/pico-sdk/src/rp2_common/pico_printf/printf.c.o
 .text._ntoa_format
                0x10002140      0x1d4 CMakeFiles/energica_display_focused.dir/home/tliao/git/pico-sdk/src/rp2_common/pico_printf/printf.c.o
 .text._ntoa_long
                0x10002314       0x94 CMakeFiles/energica_display_focused.dir/home/tliao/git/pico-sdk/src/rp2_common/pico_printf/printf.c.o
 .text._ntoa_long_long
                0x100023a8       0xbc CMakeFiles/energica_display_focused.dir/home/tliao/git/pico-sdk/src/rp2_common/pico_printf/printf.c.o
 *fill*         0x10002464        0x4 
 .text._etoa    0x10002468      0x528 CMakeFiles/energica_display_focused.dir/home/tliao/git/pico-sdk/src/rp2_common/pico_printf/printf.c.o
 .text._ftoa    0x10002990      0x3e4 CMakeFiles/energica_display_focused.dir/home/tliao/git/pico-sdk/src/rp2_common/pico_printf/printf.c.o
 .text._out_char
                0x10002d74        0x8 CMakeFiles/energica_display_focused.dir/home/tliao/git/pico-sdk/src/rp2_common/pico_printf/printf.c.o
 .text._out_fct
                0x10002d7c        0xc CMakeFiles/energica_display_focused.dir/home/tliao/git/pico-sdk/src/rp2_common/pico_printf/printf.c.o
 .text._vsnprintf
                0x10002d88      0x6c8 CMakeFiles/energica_display_focused.dir/home/tliao/git/pico-sdk/src/rp2_common/pico_printf/printf.c.o
 .text.vfctprintf
                0x10003450       0x28 CMakeFiles/energica_display_focused.dir/home/tliao/git/pico-sdk/src/rp2_common/pico_printf/printf.c.o
                0x10003450                vfctprintf
 .text.weak_raw_vprintf
                0x10003478       0x30 CMakeFiles/energica_display_focused.dir/home/tliao/git/pico-sdk/src/rp2_common/pico_printf/printf.c.o
                0x10003478                weak_raw_vprintf
 .text._exit    0x100034a8        0x4 CMakeFiles/energica_display_focused.dir/home/tliao/git/pico-sdk/src/rp2_common/pico_clib_interface/newlib_interface.c.o
                0x100034a8                _exit
 .text.exit     0x100034ac        0x8 CMakeFiles/energica_display_focused.dir/home/tliao/git/pico-sdk/src/rp2_common/pico_clib_interface/newlib_interface.c.o
                0x100034ac                exit
 .text.runtime_init
                0x100034b4       0x24 CMakeFiles/energica_display_focused.dir/home/tliao/git/pico-sdk/src/rp2_common/pico_clib_interface/newlib_interface.c.o
                0x100034b4                runtime_init
 .text.stdio_out_chars_no_crlf
                0x100034d8        0x8 CMakeFiles/energica_display_focused.dir/home/tliao/git/pico-sdk/src/rp2_common/pico_stdio/stdio.c.o
 .text.stdio_out_chars_crlf
                0x100034e0       0xac CMakeFiles/energica_display_focused.dir/home/tliao/git/pico-sdk/src/rp2_common/pico_stdio/stdio.c.o
 .text.stdio_buffered_printer
                0x1000358c       0x60 CMakeFiles/energica_display_focused.dir/home/tliao/git/pico-sdk/src/rp2_common/pico_stdio/stdio.c.o
 .text.stdio_put_string
                0x100035ec       0xc8 CMakeFiles/energica_display_focused.dir/home/tliao/git/pico-sdk/src/rp2_common/pico_stdio/stdio.c.o
                0x100035ec                stdio_put_string
 .text.stdio_set_driver_enabled
                0x100036b4       0x28 CMakeFiles/energica_display_focused.dir/home/tliao/git/pico-sdk/src/rp2_common/pico_stdio/stdio.c.o
                0x100036b4                stdio_set_driver_enabled
 .text.stdio_init_all
                0x100036dc        0x4 CMakeFiles/energica_display_focused.dir/home/tliao/git/pico-sdk/src/rp2_common/pico_stdio/stdio.c.o
                0x100036dc                stdio_init_all
 .text.__wrap_putchar
                0x100036e0       0x20 CMakeFiles/energica_display_focused.dir/home/tliao/git/pico-sdk/src/rp2_common/pico_stdio/stdio.c.o
                0x100036e0                stdio_putchar
                0x100036e0                __wrap_putchar
 .text.__wrap_puts
                0x10003700       0x30 CMakeFiles/energica_display_focused.dir/home/tliao/git/pico-sdk/src/rp2_common/pico_stdio/stdio.c.o
                0x10003700                __wrap_puts
                0x10003700                stdio_puts
 .text.__wrap_vprintf
                0x10003730       0xc0 CMakeFiles/energica_display_focused.dir/home/tliao/git/pico-sdk/src/rp2_common/pico_stdio/stdio.c.o
                0x10003730                __wrap_vprintf
                0x10003730                stdio_vprintf
 .text.__wrap_printf
                0x100037f0       0x1c CMakeFiles/energica_display_focused.dir/home/tliao/git/pico-sdk/src/rp2_common/pico_stdio/stdio.c.o
                0x100037f0                stdio_printf
                0x100037f0                __wrap_printf
 .text.resetd_init
                0x1000380c        0x4 CMakeFiles/energica_display_focused.dir/home/tliao/git/pico-sdk/src/rp2_common/pico_stdio_usb/reset_interface.c.o
 .text.resetd_reset
                0x10003810        0xc CMakeFiles/energica_display_focused.dir/home/tliao/git/pico-sdk/src/rp2_common/pico_stdio_usb/reset_interface.c.o
 .text.resetd_open
                0x1000381c       0x28 CMakeFiles/energica_display_focused.dir/home/tliao/git/pico-sdk/src/rp2_common/pico_stdio_usb/reset_interface.c.o
 .text.resetd_xfer_cb
                0x10003844        0x4 CMakeFiles/energica_display_focused.dir/home/tliao/git/pico-sdk/src/rp2_common/pico_stdio_usb/reset_interface.c.o
 .text.resetd_control_xfer_cb
                0x10003848       0x50 CMakeFiles/energica_display_focused.dir/home/tliao/git/pico-sdk/src/rp2_common/pico_stdio_usb/reset_interface.c.o
 .text.tud_descriptor_bos_cb
                0x10003898        0x8 CMakeFiles/energica_display_focused.dir/home/tliao/git/pico-sdk/src/rp2_common/pico_stdio_usb/reset_interface.c.o
                0x10003898                tud_descriptor_bos_cb
 .text.tud_vendor_control_xfer_cb
                0x100038a0       0x28 CMakeFiles/energica_display_focused.dir/home/tliao/git/pico-sdk/src/rp2_common/pico_stdio_usb/reset_interface.c.o
                0x100038a0                tud_vendor_control_xfer_cb
 .text.usbd_app_driver_get_cb
                0x100038c8       0x10 CMakeFiles/energica_display_focused.dir/home/tliao/git/pico-sdk/src/rp2_common/pico_stdio_usb/reset_interface.c.o
                0x100038c8                usbd_app_driver_get_cb
 .text.tud_cdc_line_coding_cb
                0x100038d8       0x18 CMakeFiles/energica_display_focused.dir/home/tliao/git/pico-sdk/src/rp2_common/pico_stdio_usb/reset_interface.c.o
                0x100038d8                tud_cdc_line_coding_cb
 .text.stdio_usb_set_chars_available_callback
                0x100038f0       0x14 CMakeFiles/energica_display_focused.dir/home/tliao/git/pico-sdk/src/rp2_common/pico_stdio_usb/stdio_usb.c.o
                0x100038f0                stdio_usb_set_chars_available_callback
 .text.usb_irq  0x10003904        0xc CMakeFiles/energica_display_focused.dir/home/tliao/git/pico-sdk/src/rp2_common/pico_stdio_usb/stdio_usb.c.o
 .text.stdio_usb_in_chars
                0x10003910       0x88 CMakeFiles/energica_display_focused.dir/home/tliao/git/pico-sdk/src/rp2_common/pico_stdio_usb/stdio_usb.c.o
                0x10003910                stdio_usb_in_chars
 .text.stdio_usb_out_flush
                0x10003998       0x54 CMakeFiles/energica_display_focused.dir/home/tliao/git/pico-sdk/src/rp2_common/pico_stdio_usb/stdio_usb.c.o
 .text.stdio_usb_out_chars
                0x100039ec       0xf4 CMakeFiles/energica_display_focused.dir/home/tliao/git/pico-sdk/src/rp2_common/pico_stdio_usb/stdio_usb.c.o
 .text.low_priority_worker_irq
                0x10003ae0       0xd8 CMakeFiles/energica_display_focused.dir/home/tliao/git/pico-sdk/src/rp2_common/pico_stdio_usb/stdio_usb.c.o
 .text.timer_task
                0x10003bb8       0x78 CMakeFiles/energica_display_focused.dir/home/tliao/git/pico-sdk/src/rp2_common/pico_stdio_usb/stdio_usb.c.o
 .text.stdio_usb_init
                0x10003c30       0xe8 CMakeFiles/energica_display_focused.dir/home/tliao/git/pico-sdk/src/rp2_common/pico_stdio_usb/stdio_usb.c.o
                0x10003c30                stdio_usb_init
 .text.tud_descriptor_device_cb
                0x10003d18        0x8 CMakeFiles/energica_display_focused.dir/home/tliao/git/pico-sdk/src/rp2_common/pico_stdio_usb/stdio_usb_descriptors.c.o
                0x10003d18                tud_descriptor_device_cb
 .text.tud_descriptor_configuration_cb
                0x10003d20        0x8 CMakeFiles/energica_display_focused.dir/home/tliao/git/pico-sdk/src/rp2_common/pico_stdio_usb/stdio_usb_descriptors.c.o
                0x10003d20                tud_descriptor_configuration_cb
 .text.tud_descriptor_string_cb
                0x10003d28       0x70 CMakeFiles/energica_display_focused.dir/home/tliao/git/pico-sdk/src/rp2_common/pico_stdio_usb/stdio_usb_descriptors.c.o
                0x10003d28                tud_descriptor_string_cb
 .text.startup._retrieve_unique_id_on_boot
                0x10003d98       0x30 CMakeFiles/energica_display_focused.dir/home/tliao/git/pico-sdk/src/rp2_common/pico_unique_id/unique_id.c.o
 .text.pico_get_unique_board_id_string
                0x10003dc8       0x58 CMakeFiles/energica_display_focused.dir/home/tliao/git/pico-sdk/src/rp2_common/pico_unique_id/unique_id.c.o
                0x10003dc8                pico_get_unique_board_id_string
 .text.hw_endpoint_init
                0x10003e20       0x88 CMakeFiles/energica_display_focused.dir/home/tliao/git/pico-sdk/lib/tinyusb/src/portable/raspberrypi/rp2040/dcd_rp2040.c.o
 .text.dcd_init
                0x10003ea8       0x8c CMakeFiles/energica_display_focused.dir/home/tliao/git/pico-sdk/lib/tinyusb/src/portable/raspberrypi/rp2040/dcd_rp2040.c.o
                0x10003ea8                dcd_init
 .text.dcd_int_enable
                0x10003f34        0x8 CMakeFiles/energica_display_focused.dir/home/tliao/git/pico-sdk/lib/tinyusb/src/portable/raspberrypi/rp2040/dcd_rp2040.c.o
                0x10003f34                dcd_int_enable
 .text.dcd_set_address
                0x10003f3c       0x10 CMakeFiles/energica_display_focused.dir/home/tliao/git/pico-sdk/lib/tinyusb/src/portable/raspberrypi/rp2040/dcd_rp2040.c.o
                0x10003f3c                dcd_set_address
 .text.dcd_sof_enable
                0x10003f4c       0x1c CMakeFiles/energica_display_focused.dir/home/tliao/git/pico-sdk/lib/tinyusb/src/portable/raspberrypi/rp2040/dcd_rp2040.c.o
                0x10003f4c                dcd_sof_enable
 .text.dcd_edpt0_status_complete
                0x10003f68       0x1c CMakeFiles/energica_display_focused.dir/home/tliao/git/pico-sdk/lib/tinyusb/src/portable/raspberrypi/rp2040/dcd_rp2040.c.o
                0x10003f68                dcd_edpt0_status_complete
 .text.dcd_edpt_open
                0x10003f84       0x90 CMakeFiles/energica_display_focused.dir/home/tliao/git/pico-sdk/lib/tinyusb/src/portable/raspberrypi/rp2040/dcd_rp2040.c.o
                0x10003f84                dcd_edpt_open
 .text.dcd_edpt_close_all
                0x10004014        0x4 CMakeFiles/energica_display_focused.dir/home/tliao/git/pico-sdk/lib/tinyusb/src/portable/raspberrypi/rp2040/dcd_rp2040.c.o
                0x10004014                dcd_edpt_close_all
 .text.dcd_edpt_xfer
                0x10004018       0x28 CMakeFiles/energica_display_focused.dir/home/tliao/git/pico-sdk/lib/tinyusb/src/portable/raspberrypi/rp2040/dcd_rp2040.c.o
                0x10004018                dcd_edpt_xfer
 .text.dcd_edpt_stall
                0x10004040       0x30 CMakeFiles/energica_display_focused.dir/home/tliao/git/pico-sdk/lib/tinyusb/src/portable/raspberrypi/rp2040/dcd_rp2040.c.o
                0x10004040                dcd_edpt_stall
 .text.dcd_edpt_clear_stall
                0x10004070       0x24 CMakeFiles/energica_display_focused.dir/home/tliao/git/pico-sdk/lib/tinyusb/src/portable/raspberrypi/rp2040/dcd_rp2040.c.o
                0x10004070                dcd_edpt_clear_stall
 .text.rp2040_usb_init
                0x10004094       0x40 CMakeFiles/energica_display_focused.dir/home/tliao/git/pico-sdk/lib/tinyusb/src/portable/raspberrypi/rp2040/rp2040_usb.c.o
                0x10004094                rp2040_usb_init
 .text.hw_endpoint_xfer_start
                0x100040d4       0x40 CMakeFiles/energica_display_focused.dir/home/tliao/git/pico-sdk/lib/tinyusb/src/portable/raspberrypi/rp2040/rp2040_usb.c.o
                0x100040d4                hw_endpoint_xfer_start
 .text.configuration_reset
                0x10004114       0x8c CMakeFiles/energica_display_focused.dir/home/tliao/git/pico-sdk/lib/tinyusb/src/device/usbd.c.o
 .text.tud_event_hook_cb
                0x100041a0        0x4 CMakeFiles/energica_display_focused.dir/home/tliao/git/pico-sdk/lib/tinyusb/src/device/usbd.c.o
                0x100041a0                tud_event_hook_cb
 .text.tud_sof_cb
                0x100041a4        0x4 CMakeFiles/energica_display_focused.dir/home/tliao/git/pico-sdk/lib/tinyusb/src/device/usbd.c.o
                0x100041a4                tud_sof_cb
 .text.tud_descriptor_device_qualifier_cb
                0x100041a8        0x4 CMakeFiles/energica_display_focused.dir/home/tliao/git/pico-sdk/lib/tinyusb/src/device/usbd.c.o
                0x100041a8                tud_descriptor_device_qualifier_cb
 .text.tud_descriptor_other_speed_configuration_cb
                0x100041ac        0x4 CMakeFiles/energica_display_focused.dir/home/tliao/git/pico-sdk/lib/tinyusb/src/device/usbd.c.o
                0x100041ac                tud_descriptor_other_speed_configuration_cb
 .text.tud_mount_cb
                0x100041b0        0x4 CMakeFiles/energica_display_focused.dir/home/tliao/git/pico-sdk/lib/tinyusb/src/device/usbd.c.o
                0x100041b0                tud_mount_cb
 .text.tud_umount_cb
                0x100041b4        0x4 CMakeFiles/energica_display_focused.dir/home/tliao/git/pico-sdk/lib/tinyusb/src/device/usbd.c.o
                0x100041b4                tud_umount_cb
 .text.tud_suspend_cb
                0x100041b8        0x4 CMakeFiles/energica_display_focused.dir/home/tliao/git/pico-sdk/lib/tinyusb/src/device/usbd.c.o
                0x100041b8                tud_suspend_cb
 .text.tud_resume_cb
                0x100041bc        0x4 CMakeFiles/energica_display_focused.dir/home/tliao/git/pico-sdk/lib/tinyusb/src/device/usbd.c.o
                0x100041bc                tud_resume_cb
 .text.tud_mounted
                0x100041c0       0x10 CMakeFiles/energica_display_focused.dir/home/tliao/git/pico-sdk/lib/tinyusb/src/device/usbd.c.o
                0x100041c0                tud_mounted
 .text.tud_suspended
                0x100041d0       0x10 CMakeFiles/energica_display_focused.dir/home/tliao/git/pico-sdk/lib/tinyusb/src/device/usbd.c.o
                0x100041d0                tud_suspended
 .text.tud_rhport_init
                0x100041e0       0xf4 CMakeFiles/energica_display_focused.dir/home/tliao/git/pico-sdk/lib/tinyusb/src/device/usbd.c.o
                0x100041e0                tud_rhport_init
 .text.tud_task_ext
                0x100042d4      0x784 CMakeFiles/energica_display_focused.dir/home/tliao/git/pico-sdk/lib/tinyusb/src/device/usbd.c.o
                0x100042d4                tud_task_ext
 .text.usbd_edpt_open
                0x10004a58       0x44 CMakeFiles/energica_display_focused.dir/home/tliao/git/pico-sdk/lib/tinyusb/src/device/usbd.c.o
                0x10004a58                usbd_edpt_open
 .text.usbd_open_edpt_pair
                0x10004a9c       0x68 CMakeFiles/energica_display_focused.dir/home/tliao/git/pico-sdk/lib/tinyusb/src/device/usbd.c.o
                0x10004a9c                usbd_open_edpt_pair
 .text.usbd_edpt_claim
                0x10004b04       0x24 CMakeFiles/energica_display_focused.dir/home/tliao/git/pico-sdk/lib/tinyusb/src/device/usbd.c.o
                0x10004b04                usbd_edpt_claim
 .text.usbd_edpt_release
                0x10004b28       0x24 CMakeFiles/energica_display_focused.dir/home/tliao/git/pico-sdk/lib/tinyusb/src/device/usbd.c.o
                0x10004b28                usbd_edpt_release
 .text.usbd_edpt_xfer
                0x10004b4c       0x70 CMakeFiles/energica_display_focused.dir/home/tliao/git/pico-sdk/lib/tinyusb/src/device/usbd.c.o
                0x10004b4c                usbd_edpt_xfer
 .text.data_stage_xact
                0x10004bbc       0x84 CMakeFiles/energica_display_focused.dir/home/tliao/git/pico-sdk/lib/tinyusb/src/device/usbd_control.c.o
 .text.tud_control_status
                0x10004c40       0x34 CMakeFiles/energica_display_focused.dir/home/tliao/git/pico-sdk/lib/tinyusb/src/device/usbd_control.c.o
                0x10004c40                tud_control_status
 .text.tud_control_xfer
                0x10004c74       0x68 CMakeFiles/energica_display_focused.dir/home/tliao/git/pico-sdk/lib/tinyusb/src/device/usbd_control.c.o
                0x10004c74                tud_control_xfer
 .text.usbd_control_reset
                0x10004cdc       0x14 CMakeFiles/energica_display_focused.dir/home/tliao/git/pico-sdk/lib/tinyusb/src/device/usbd_control.c.o
                0x10004cdc                usbd_control_reset
 .text.usbd_control_set_complete_callback
                0x10004cf0        0xc CMakeFiles/energica_display_focused.dir/home/tliao/git/pico-sdk/lib/tinyusb/src/device/usbd_control.c.o
                0x10004cf0                usbd_control_set_complete_callback
 .text.usbd_control_set_request
                0x10004cfc       0x1c CMakeFiles/energica_display_focused.dir/home/tliao/git/pico-sdk/lib/tinyusb/src/device/usbd_control.c.o
                0x10004cfc                usbd_control_set_request
 .text.usbd_control_xfer_cb
                0x10004d18       0xb8 CMakeFiles/energica_display_focused.dir/home/tliao/git/pico-sdk/lib/tinyusb/src/device/usbd_control.c.o
                0x10004d18                usbd_control_xfer_cb
 .text._prep_out_transaction.isra.0
                0x10004dd0       0x74 CMakeFiles/energica_display_focused.dir/home/tliao/git/pico-sdk/lib/tinyusb/src/class/cdc/cdc_device.c.o
 .text.tud_cdc_n_connected
                0x10004e44       0x2c CMakeFiles/energica_display_focused.dir/home/tliao/git/pico-sdk/lib/tinyusb/src/class/cdc/cdc_device.c.o
                0x10004e44                tud_cdc_n_connected
 .text.tud_cdc_n_available
                0x10004e70       0x14 CMakeFiles/energica_display_focused.dir/home/tliao/git/pico-sdk/lib/tinyusb/src/class/cdc/cdc_device.c.o
                0x10004e70                tud_cdc_n_available
 .text.tud_cdc_n_read
                0x10004e84       0x30 CMakeFiles/energica_display_focused.dir/home/tliao/git/pico-sdk/lib/tinyusb/src/class/cdc/cdc_device.c.o
                0x10004e84                tud_cdc_n_read
 .text.tud_cdc_n_write_flush
                0x10004eb4       0x8c CMakeFiles/energica_display_focused.dir/home/tliao/git/pico-sdk/lib/tinyusb/src/class/cdc/cdc_device.c.o
                0x10004eb4                tud_cdc_n_write_flush
 .text.tud_cdc_n_write
                0x10004f40       0x40 CMakeFiles/energica_display_focused.dir/home/tliao/git/pico-sdk/lib/tinyusb/src/class/cdc/cdc_device.c.o
                0x10004f40                tud_cdc_n_write
 .text.tud_cdc_n_write_available
                0x10004f80       0x14 CMakeFiles/energica_display_focused.dir/home/tliao/git/pico-sdk/lib/tinyusb/src/class/cdc/cdc_device.c.o
                0x10004f80                tud_cdc_n_write_available
 .text.cdcd_init
                0x10004f94       0x70 CMakeFiles/energica_display_focused.dir/home/tliao/git/pico-sdk/lib/tinyusb/src/class/cdc/cdc_device.c.o
                0x10004f94                cdcd_init
 .text.cdcd_deinit
                0x10005004       0x24 CMakeFiles/energica_display_focused.dir/home/tliao/git/pico-sdk/lib/tinyusb/src/class/cdc/cdc_device.c.o
                0x10005004                cdcd_deinit
 .text.cdcd_reset
                0x10005028       0x4c CMakeFiles/energica_display_focused.dir/home/tliao/git/pico-sdk/lib/tinyusb/src/class/cdc/cdc_device.c.o
                0x10005028                cdcd_reset
 .text.cdcd_open
                0x10005074       0xb8 CMakeFiles/energica_display_focused.dir/home/tliao/git/pico-sdk/lib/tinyusb/src/class/cdc/cdc_device.c.o
                0x10005074                cdcd_open
 .text.cdcd_control_xfer_cb
                0x1000512c       0xc0 CMakeFiles/energica_display_focused.dir/home/tliao/git/pico-sdk/lib/tinyusb/src/class/cdc/cdc_device.c.o
                0x1000512c                cdcd_control_xfer_cb
 .text.cdcd_xfer_cb
                0x100051ec       0xf8 CMakeFiles/energica_display_focused.dir/home/tliao/git/pico-sdk/lib/tinyusb/src/class/cdc/cdc_device.c.o
                0x100051ec                cdcd_xfer_cb
 .text.vendord_init
                0x100052e4       0x5c CMakeFiles/energica_display_focused.dir/home/tliao/git/pico-sdk/lib/tinyusb/src/class/vendor/vendor_device.c.o
                0x100052e4                vendord_init
 .text.vendord_deinit
                0x10005340       0x1c CMakeFiles/energica_display_focused.dir/home/tliao/git/pico-sdk/lib/tinyusb/src/class/vendor/vendor_device.c.o
                0x10005340                vendord_deinit
 .text.vendord_reset
                0x1000535c       0x24 CMakeFiles/energica_display_focused.dir/home/tliao/git/pico-sdk/lib/tinyusb/src/class/vendor/vendor_device.c.o
                0x1000535c                vendord_reset
 .text.vendord_open
                0x10005380       0xf4 CMakeFiles/energica_display_focused.dir/home/tliao/git/pico-sdk/lib/tinyusb/src/class/vendor/vendor_device.c.o
                0x10005380                vendord_open
 .text.vendord_xfer_cb
                0x10005474       0x88 CMakeFiles/energica_display_focused.dir/home/tliao/git/pico-sdk/lib/tinyusb/src/class/vendor/vendor_device.c.o
                0x10005474                vendord_xfer_cb
 .text.tusb_rhport_init
                0x100054fc       0x64 CMakeFiles/energica_display_focused.dir/home/tliao/git/pico-sdk/lib/tinyusb/src/tusb.c.o
                0x100054fc                tusb_rhport_init
 .text.tu_edpt_claim
                0x10005560       0x54 CMakeFiles/energica_display_focused.dir/home/tliao/git/pico-sdk/lib/tinyusb/src/tusb.c.o
                0x10005560                tu_edpt_claim
 .text.tu_edpt_release
                0x100055b4       0x38 CMakeFiles/energica_display_focused.dir/home/tliao/git/pico-sdk/lib/tinyusb/src/tusb.c.o
                0x100055b4                tu_edpt_release
 .text.tu_edpt_validate
                0x100055ec       0x60 CMakeFiles/energica_display_focused.dir/home/tliao/git/pico-sdk/lib/tinyusb/src/tusb.c.o
                0x100055ec                tu_edpt_validate
 .text.tu_edpt_bind_driver
                0x1000564c       0x54 CMakeFiles/energica_display_focused.dir/home/tliao/git/pico-sdk/lib/tinyusb/src/tusb.c.o
                0x1000564c                tu_edpt_bind_driver
 .text.tu_edpt_stream_init
                0x100056a0       0x58 CMakeFiles/energica_display_focused.dir/home/tliao/git/pico-sdk/lib/tinyusb/src/tusb.c.o
                0x100056a0                tu_edpt_stream_init
 .text.tu_edpt_stream_deinit
                0x100056f8        0x4 CMakeFiles/energica_display_focused.dir/home/tliao/git/pico-sdk/lib/tinyusb/src/tusb.c.o
                0x100056f8                tu_edpt_stream_deinit
 .text.tu_edpt_stream_write_zlp_if_needed
                0x100056fc       0x68 CMakeFiles/energica_display_focused.dir/home/tliao/git/pico-sdk/lib/tinyusb/src/tusb.c.o
                0x100056fc                tu_edpt_stream_write_zlp_if_needed
 .text.tu_edpt_stream_write_xfer
                0x10005764       0x70 CMakeFiles/energica_display_focused.dir/home/tliao/git/pico-sdk/lib/tinyusb/src/tusb.c.o
                0x10005764                tu_edpt_stream_write_xfer
 .text.tu_edpt_stream_read_xfer
                0x100057d4       0xc4 CMakeFiles/energica_display_focused.dir/home/tliao/git/pico-sdk/lib/tinyusb/src/tusb.c.o
                0x100057d4                tu_edpt_stream_read_xfer
 .text._tu_fifo_peek
                0x10005898       0x58 CMakeFiles/energica_display_focused.dir/home/tliao/git/pico-sdk/lib/tinyusb/src/common/tusb_fifo.c.o
 .text._tu_fifo_peek_n.constprop.0
                0x100058f0       0x98 CMakeFiles/energica_display_focused.dir/home/tliao/git/pico-sdk/lib/tinyusb/src/common/tusb_fifo.c.o
 .text.tu_fifo_config
                0x10005988       0x60 CMakeFiles/energica_display_focused.dir/home/tliao/git/pico-sdk/lib/tinyusb/src/common/tusb_fifo.c.o
                0x10005988                tu_fifo_config
 .text.tu_fifo_count
                0x100059e8       0x20 CMakeFiles/energica_display_focused.dir/home/tliao/git/pico-sdk/lib/tinyusb/src/common/tusb_fifo.c.o
                0x100059e8                tu_fifo_count
 .text.tu_fifo_empty
                0x10005a08       0x14 CMakeFiles/energica_display_focused.dir/home/tliao/git/pico-sdk/lib/tinyusb/src/common/tusb_fifo.c.o
                0x10005a08                tu_fifo_empty
 .text.tu_fifo_remaining
                0x10005a1c       0x24 CMakeFiles/energica_display_focused.dir/home/tliao/git/pico-sdk/lib/tinyusb/src/common/tusb_fifo.c.o
                0x10005a1c                tu_fifo_remaining
 .text.tu_fifo_read
                0x10005a40       0x50 CMakeFiles/energica_display_focused.dir/home/tliao/git/pico-sdk/lib/tinyusb/src/common/tusb_fifo.c.o
                0x10005a40                tu_fifo_read
 .text.tu_fifo_read_n
                0x10005a90       0x5c CMakeFiles/energica_display_focused.dir/home/tliao/git/pico-sdk/lib/tinyusb/src/common/tusb_fifo.c.o
                0x10005a90                tu_fifo_read_n
 .text.tu_fifo_write
                0x10005aec       0xa4 CMakeFiles/energica_display_focused.dir/home/tliao/git/pico-sdk/lib/tinyusb/src/common/tusb_fifo.c.o
                0x10005aec                tu_fifo_write
 .text.tu_fifo_write_n
                0x10005b90      0x164 CMakeFiles/energica_display_focused.dir/home/tliao/git/pico-sdk/lib/tinyusb/src/common/tusb_fifo.c.o
                0x10005b90                tu_fifo_write_n
 .text.tu_fifo_clear
                0x10005cf4       0x38 CMakeFiles/energica_display_focused.dir/home/tliao/git/pico-sdk/lib/tinyusb/src/common/tusb_fifo.c.o
                0x10005cf4                tu_fifo_clear
 .text.tu_fifo_set_overwritable
                0x10005d2c       0x3c CMakeFiles/energica_display_focused.dir/home/tliao/git/pico-sdk/lib/tinyusb/src/common/tusb_fifo.c.o
                0x10005d2c                tu_fifo_set_overwritable
 .text.spi_set_baudrate
                0x10005d68       0x98 CMakeFiles/energica_display_focused.dir/home/tliao/git/pico-sdk/src/rp2_common/hardware_spi/spi.c.o
                0x10005d68                spi_set_baudrate
 .text.spi_init
                0x10005e00       0x70 CMakeFiles/energica_display_focused.dir/home/tliao/git/pico-sdk/src/rp2_common/hardware_spi/spi.c.o
                0x10005e00                spi_init
 .text.memset   0x10005e70       0x9c /opt/st/stm32cubeclt_1.21.0/GNU-tools-for-STM32/bin/../lib/gcc/arm-none-eabi/14.3.1/../../../../arm-none-eabi/lib/thumb/v8-m.main+fp/softfp/libg.a(libc_a-memset.o)
                0x10005e70                memset
 .text          0x10005f0c       0xec /opt/st/stm32cubeclt_1.21.0/GNU-tools-for-STM32/bin/../lib/gcc/arm-none-eabi/14.3.1/../../../../arm-none-eabi/lib/thumb/v8-m.main+fp/softfp/libg.a(libc_a-memcpy.o)
                0x10005f0c                memcpy
 .text.strlen   0x10005ff8       0x5c /opt/st/stm32cubeclt_1.21.0/GNU-tools-for-STM32/bin/../lib/gcc/arm-none-eabi/14.3.1/../../../../arm-none-eabi/lib/thumb/v8-m.main+fp/softfp/libg.a(libc_a-strlen-stub.o)
                0x10005ff8                strlen
 *(.fini)
 .fini          0x10006054        0x4 /opt/st/stm32cubeclt_1.21.0/GNU-tools-for-STM32/bin/../lib/gcc/arm-none-eabi/14.3.1/thumb/v8-m.main+fp/softfp/crti.o
                0x10006054                _fini
 .fini.__stub   0x10006058       0x58 linker stubs
 *crtbegin.o(.ctors)
 *crtbegin?.o(.ctors)
 *(EXCLUDE_FILE(*crtend.o *crtend?.o) .ctors)
 *(SORT_BY_NAME(.ctors.*))
 *(.ctors)
 *crtbegin.o(.dtors)
 *crtbegin?.o(.dtors)
 *(EXCLUDE_FILE(*crtend.o *crtend?.o) .dtors)
 *(SORT_BY_NAME(.dtors.*))
 *(.dtors)
                0x100060b0                        . = ALIGN (0x4)
                0x100060b0                        PROVIDE (__preinit_array_start = .)
 *(SORT_BY_NAME(.preinit_array.*))
 .preinit_array.00050
                0x100060b0        0x4 CMakeFiles/energica_display_focused.dir/home/tliao/git/pico-sdk/src/rp2_common/pico_runtime_init/runtime_init.c.o
                0x100060b0                __pre_init_runtime_init_bootrom_reset
 .preinit_array.00100
                0x100060b4        0x4 CMakeFiles/energica_display_focused.dir/home/tliao/git/pico-sdk/src/rp2_common/pico_runtime_init/runtime_init.c.o
                0x100060b4                __pre_init_runtime_init_early_resets
 .preinit_array.00101
                0x100060b8        0x4 CMakeFiles/energica_display_focused.dir/home/tliao/git/pico-sdk/src/rp2_common/pico_runtime_init/runtime_init.c.o
                0x100060b8                __pre_init_runtime_init_usb_power_down
 .preinit_array.00500
                0x100060bc        0x4 CMakeFiles/energica_display_focused.dir/home/tliao/git/pico-sdk/src/rp2_common/pico_runtime_init/runtime_init.c.o
                0x100060bc                __pre_init_runtime_init_clocks
 .preinit_array.00600
                0x100060c0        0x4 CMakeFiles/energica_display_focused.dir/home/tliao/git/pico-sdk/src/rp2_common/pico_runtime_init/runtime_init.c.o
                0x100060c0                __pre_init_runtime_init_post_clock_resets
 .preinit_array.01000
                0x100060c4        0x4 CMakeFiles/energica_display_focused.dir/home/tliao/git/pico-sdk/src/rp2_common/hardware_boot_lock/boot_lock.c.o
                0x100060c4                __pre_init_runtime_init_boot_locks_reset
 .preinit_array.01000
                0x100060c8        0x4 CMakeFiles/energica_display_focused.dir/home/tliao/git/pico-sdk/src/rp2_common/pico_runtime_init/runtime_init.c.o
                0x100060c8                __pre_init_runtime_init_spin_locks_reset
 .preinit_array.01010
                0x100060cc        0x4 CMakeFiles/energica_display_focused.dir/home/tliao/git/pico-sdk/src/rp2_common/pico_bootrom/bootrom_lock.c.o
                0x100060cc                __pre_init_runtime_init_bootrom_locking_enable
 .preinit_array.01100
                0x100060d0        0x4 CMakeFiles/energica_display_focused.dir/home/tliao/git/pico-sdk/src/common/pico_sync/mutex.c.o
                0x100060d0                __pre_init_runtime_init_mutex
 .preinit_array.10080
                0x100060d4        0x4 CMakeFiles/energica_display_focused.dir/home/tliao/git/pico-sdk/src/rp2_common/pico_runtime_init/runtime_init.c.o
                0x100060d4                __pre_init_runtime_init_install_ram_vector_table
 .preinit_array.11000
                0x100060d8        0x4 CMakeFiles/energica_display_focused.dir/home/tliao/git/pico-sdk/src/common/pico_time/time.c.o
                0x100060d8                __pre_init_runtime_init_default_alarm_pool
 .preinit_array.YYYYY
                0x100060dc        0x4 CMakeFiles/energica_display_focused.dir/home/tliao/git/pico-sdk/src/rp2_common/pico_runtime/runtime.c.o
                0x100060dc                __pre_init_first_per_core_initializer
 .preinit_array.ZZZZZ.00051
                0x100060e0        0x4 CMakeFiles/energica_display_focused.dir/home/tliao/git/pico-sdk/src/rp2_common/pico_runtime_init/runtime_init.c.o
                0x100060e0                __pre_init_runtime_init_per_core_bootrom_reset
 .preinit_array.ZZZZZ.00200
                0x100060e4        0x4 CMakeFiles/energica_display_focused.dir/home/tliao/git/pico-sdk/src/rp2_common/pico_runtime_init/runtime_init.c.o
                0x100060e4                __pre_init_runtime_init_per_core_enable_coprocessors
 .preinit_array.ZZZZZ.01000
                0x100060e8        0x4 CMakeFiles/energica_display_focused.dir/home/tliao/git/pico-sdk/src/rp2_common/hardware_sync_spin_lock/sync_spin_lock.c.o
                0x100060e8                __pre_init_spinlock_set_extexclall
 .preinit_array.ZZZZZ.01200
                0x100060ec        0x4 CMakeFiles/energica_display_focused.dir/home/tliao/git/pico-sdk/src/rp2_common/hardware_irq/irq.c.o
                0x100060ec                __pre_init_runtime_init_per_core_irq_priorities
 *(.preinit_array)
                0x100060f0                        PROVIDE (__preinit_array_end = .)
                0x100060f0                        . = ALIGN (0x4)
                0x100060f0                        PROVIDE (__init_array_start = .)
 *(SORT_BY_NAME(.init_array.*))
 *(.init_array)
 .init_array    0x100060f0        0x4 /opt/st/stm32cubeclt_1.21.0/GNU-tools-for-STM32/bin/../lib/gcc/arm-none-eabi/14.3.1/thumb/v8-m.main+fp/softfp/crtbegin.o
 .init_array    0x100060f4        0x4 CMakeFiles/energica_display_focused.dir/home/tliao/git/pico-sdk/src/rp2_common/pico_unique_id/unique_id.c.o
                0x100060f8                        PROVIDE (__init_array_end = .)
                0x100060f8                        . = ALIGN (0x4)
                [!provide]                        PROVIDE (__fini_array_start = .)
 *(SORT_BY_NAME(.fini_array.*))
 *(.fini_array)
                [!provide]                        PROVIDE (__fini_array_end = .)
 *(.eh_frame*)
 .eh_frame      0x100060f8        0x0 /opt/st/stm32cubeclt_1.21.0/GNU-tools-for-STM32/bin/../lib/gcc/arm-none-eabi/14.3.1/thumb/v8-m.main+fp/softfp/crtbegin.o
                0x100060f8                        . = ALIGN (0x4)

.glue_7         0x100060f8        0x0
 .glue_7        0x100060f8        0x0 linker stubs

.glue_7t        0x100060f8        0x0
 .glue_7t       0x100060f8        0x0 linker stubs

.vfp11_veneer   0x100060f8        0x0
 .vfp11_veneer  0x100060f8        0x0 linker stubs

.v4_bx          0x100060f8        0x0
 .v4_bx         0x100060f8        0x0 linker stubs

.iplt           0x100060f8        0x0
 .iplt          0x100060f8        0x0 /opt/st/stm32cubeclt_1.21.0/GNU-tools-for-STM32/bin/../lib/gcc/arm-none-eabi/14.3.1/thumb/v8-m.main+fp/softfp/crtbegin.o

.boot2          0x100060f8        0x0
                0x100060f8                        __boot2_start__ = .
 *(.boot2)
                0x100060f8                        __boot2_end__ = .
                0x00000001                        ASSERT (((__boot2_end__ - __boot2_start__) <= 0x100), ERROR: Pico second stage bootloader must be no more than 256 bytes in size)

.rodata         0x100060f8      0x7a4
 *(EXCLUDE_FILE(*libm.a: *libc.a:*lib_a-mem*.o *libgcc.a:) .rodata*)
 .rodata.drain_rx.str1.4
                0x100060f8      0x4f4 CMakeFiles/energica_display_focused.dir/energica_display_focused.c.o
                                 0x2e (size before relaxing)
 .rodata.main.str1.4
                0x100065ec      0x319 CMakeFiles/energica_display_focused.dir/energica_display_focused.c.o
 .rodata.payloads.0
                0x100065ec       0x18 CMakeFiles/energica_display_focused.dir/energica_display_focused.c.o
 .rodata.str1.4
                0x10006604       0x27 CMakeFiles/energica_display_focused.dir/energica_display_focused.c.o
 .rodata.__bi_167
                0x10006604        0xc CMakeFiles/energica_display_focused.dir/energica_display_focused.c.o
 .rodata.__bi_166
                0x10006610        0xc CMakeFiles/energica_display_focused.dir/energica_display_focused.c.o
 .rodata.can_cfg
                0x1000661c       0x20 CMakeFiles/energica_display_focused.dir/chademo_hal.c.o
 .rodata.panic.str1.4
                0x1000663c       0x12 CMakeFiles/energica_display_focused.dir/home/tliao/git/pico-sdk/src/rp2_common/pico_platform_panic/panic.c.o
 .rodata.spin_lock_claim_unused.str1.4
                0x1000663c       0x1b CMakeFiles/energica_display_focused.dir/home/tliao/git/pico-sdk/src/rp2_common/hardware_sync/sync.c.o
 .rodata.user_irq_claim_unused.str1.4
                0x1000663c       0x1b CMakeFiles/energica_display_focused.dir/home/tliao/git/pico-sdk/src/rp2_common/hardware_irq/irq.c.o
 .rodata.timer_hardware_alarm_claim.str1.4
                0x1000663c       0x22 CMakeFiles/energica_display_focused.dir/home/tliao/git/pico-sdk/src/rp2_common/hardware_timer/timer.c.o
 .rodata.hard_assertion_failure.str1.4
                0x1000663c        0xc CMakeFiles/energica_display_focused.dir/home/tliao/git/pico-sdk/src/rp2_common/pico_runtime/runtime.c.o
 .rodata.str1.4
                0x1000663c       0x50 CMakeFiles/energica_display_focused.dir/home/tliao/git/pico-sdk/src/rp2_common/pico_standard_binary_info/standard_binary_info.c.o
 .rodata.__bi_84
                0x1000663c        0xc CMakeFiles/energica_display_focused.dir/home/tliao/git/pico-sdk/src/rp2_common/pico_standard_binary_info/standard_binary_info.c.o
 .rodata.__bi_78
                0x10006648        0xc CMakeFiles/energica_display_focused.dir/home/tliao/git/pico-sdk/src/rp2_common/pico_standard_binary_info/standard_binary_info.c.o
 .rodata.__bi_54
                0x10006654        0xc CMakeFiles/energica_display_focused.dir/home/tliao/git/pico-sdk/src/rp2_common/pico_standard_binary_info/standard_binary_info.c.o
 .rodata.__bi_48
                0x10006660        0xc CMakeFiles/energica_display_focused.dir/home/tliao/git/pico-sdk/src/rp2_common/pico_standard_binary_info/standard_binary_info.c.o
 .rodata.__bi_42
                0x1000666c        0xc CMakeFiles/energica_display_focused.dir/home/tliao/git/pico-sdk/src/rp2_common/pico_standard_binary_info/standard_binary_info.c.o
 .rodata.__bi_34
                0x10006678        0xc CMakeFiles/energica_display_focused.dir/home/tliao/git/pico-sdk/src/rp2_common/pico_standard_binary_info/standard_binary_info.c.o
 .rodata.__bi_26
                0x10006684        0xc CMakeFiles/energica_display_focused.dir/home/tliao/git/pico-sdk/src/rp2_common/pico_standard_binary_info/standard_binary_info.c.o
 .rodata._ftoa.str1.4
                0x10006690       0x15 CMakeFiles/energica_display_focused.dir/home/tliao/git/pico-sdk/src/rp2_common/pico_printf/printf.c.o
 .rodata.pow10.0
                0x10006690       0x50 CMakeFiles/energica_display_focused.dir/home/tliao/git/pico-sdk/src/rp2_common/pico_printf/printf.c.o
 .rodata.crlf_str.0
                0x100066e0        0x2 CMakeFiles/energica_display_focused.dir/home/tliao/git/pico-sdk/src/rp2_common/pico_stdio/stdio.c.o
 *fill*         0x100066e2        0x2 
 .rodata._resetd_driver
                0x100066e4       0x20 CMakeFiles/energica_display_focused.dir/home/tliao/git/pico-sdk/src/rp2_common/pico_stdio_usb/reset_interface.c.o
 .rodata.desc_ms_os_20
                0x10006704       0xa6 CMakeFiles/energica_display_focused.dir/home/tliao/git/pico-sdk/src/rp2_common/pico_stdio_usb/reset_interface.c.o
 *fill*         0x100067aa        0x2 
 .rodata.desc_bos
                0x100067ac       0x21 CMakeFiles/energica_display_focused.dir/home/tliao/git/pico-sdk/src/rp2_common/pico_stdio_usb/reset_interface.c.o
                0x100067ac                desc_bos
 .rodata.str1.4
                0x100067cd       0x13 CMakeFiles/energica_display_focused.dir/home/tliao/git/pico-sdk/src/rp2_common/pico_stdio_usb/stdio_usb.c.o
 *fill*         0x100067cd        0x3 
 .rodata.__bi_197.0
                0x100067d0        0xc CMakeFiles/energica_display_focused.dir/home/tliao/git/pico-sdk/src/rp2_common/pico_stdio_usb/stdio_usb.c.o
 .rodata.str1.4
                0x100067dc       0x2a CMakeFiles/energica_display_focused.dir/home/tliao/git/pico-sdk/src/rp2_common/pico_stdio_usb/stdio_usb_descriptors.c.o
 .rodata.usbd_desc_str
                0x100067dc       0x18 CMakeFiles/energica_display_focused.dir/home/tliao/git/pico-sdk/src/rp2_common/pico_stdio_usb/stdio_usb_descriptors.c.o
 .rodata.usbd_desc_cfg
                0x100067f4       0x54 CMakeFiles/energica_display_focused.dir/home/tliao/git/pico-sdk/src/rp2_common/pico_stdio_usb/stdio_usb_descriptors.c.o
 .rodata.usbd_desc_device
                0x10006848       0x12 CMakeFiles/energica_display_focused.dir/home/tliao/git/pico-sdk/src/rp2_common/pico_stdio_usb/stdio_usb_descriptors.c.o
 .rodata.str1.4
                0x1000685a       0x14 CMakeFiles/energica_display_focused.dir/home/tliao/git/pico-sdk/lib/tinyusb/src/portable/raspberrypi/rp2040/dcd_rp2040.c.o
 .rodata.str1.4
                0x1000685a       0x48 CMakeFiles/energica_display_focused.dir/home/tliao/git/pico-sdk/lib/tinyusb/src/portable/raspberrypi/rp2040/rp2040_usb.c.o
 *fill*         0x1000685a        0x2 
 .rodata._usbd_driver
                0x1000685c       0x40 CMakeFiles/energica_display_focused.dir/home/tliao/git/pico-sdk/lib/tinyusb/src/device/usbd.c.o
 *(.srodata*)
                0x1000689c                        . = ALIGN (0x4)
 *(SORT_BY_ALIGNMENT(SORT_BY_NAME(.flashdata*)))
                0x1000689c                        . = ALIGN (0x4)

.ARM.extab
 *(.ARM.extab* .gnu.linkonce.armextab.*)
                0x1000689c                        __exidx_start = .

.ARM.exidx      0x1000689c        0x8
 *(.ARM.exidx* .gnu.linkonce.armexidx.*)
 .ARM.exidx     0x1000689c        0x8 /opt/st/stm32cubeclt_1.21.0/GNU-tools-for-STM32/bin/../lib/gcc/arm-none-eabi/14.3.1/../../../../arm-none-eabi/lib/thumb/v8-m.main+fp/softfp/libg.a(libc_a-memcpy.o)
 .ARM.exidx     0x100068a4        0x0 /opt/st/stm32cubeclt_1.21.0/GNU-tools-for-STM32/bin/../lib/gcc/arm-none-eabi/14.3.1/thumb/v8-m.main+fp/softfp/libgcc.a(_udivmoddi4.o)
                                  0x8 (size before relaxing)
                0x100068a4                        __exidx_end = .
                0x100068a4                        . = ALIGN (0x4)
                0x100068a4                        __binary_info_start = .

.binary_info    0x100068a4       0x28
 *(.binary_info.keep.*)
 .binary_info.keep.__bi_ptr167
                0x100068a4        0x4 CMakeFiles/energica_display_focused.dir/energica_display_focused.c.o
 .binary_info.keep.__bi_ptr166
                0x100068a8        0x4 CMakeFiles/energica_display_focused.dir/energica_display_focused.c.o
 .binary_info.keep.__bi_ptr84
                0x100068ac        0x4 CMakeFiles/energica_display_focused.dir/home/tliao/git/pico-sdk/src/rp2_common/pico_standard_binary_info/standard_binary_info.c.o
 .binary_info.keep.__bi_ptr78
                0x100068b0        0x4 CMakeFiles/energica_display_focused.dir/home/tliao/git/pico-sdk/src/rp2_common/pico_standard_binary_info/standard_binary_info.c.o
 .binary_info.keep.__bi_ptr54
                0x100068b4        0x4 CMakeFiles/energica_display_focused.dir/home/tliao/git/pico-sdk/src/rp2_common/pico_standard_binary_info/standard_binary_info.c.o
 .binary_info.keep.__bi_ptr48
                0x100068b8        0x4 CMakeFiles/energica_display_focused.dir/home/tliao/git/pico-sdk/src/rp2_common/pico_standard_binary_info/standard_binary_info.c.o
 .binary_info.keep.__bi_ptr42
                0x100068bc        0x4 CMakeFiles/energica_display_focused.dir/home/tliao/git/pico-sdk/src/rp2_common/pico_standard_binary_info/standard_binary_info.c.o
 .binary_info.keep.__bi_ptr34
                0x100068c0        0x4 CMakeFiles/energica_display_focused.dir/home/tliao/git/pico-sdk/src/rp2_common/pico_standard_binary_info/standard_binary_info.c.o
 .binary_info.keep.__bi_ptr26
                0x100068c4        0x4 CMakeFiles/energica_display_focused.dir/home/tliao/git/pico-sdk/src/rp2_common/pico_standard_binary_info/standard_binary_info.c.o
 *(.binary_info.*)
 .binary_info.__bi_ptr197
                0x100068c8        0x4 CMakeFiles/energica_display_focused.dir/home/tliao/git/pico-sdk/src/rp2_common/pico_stdio_usb/stdio_usb.c.o
                0x100068cc                        __binary_info_end = .
                0x100068cc                        . = ALIGN (0x4)

.ram_vector_table
                0x20000000      0x110
 *(.ram_vector_table)
 .ram_vector_table
                0x20000000      0x110 CMakeFiles/energica_display_focused.dir/home/tliao/git/pico-sdk/src/rp2_common/pico_runtime_init/runtime_init.c.o
                0x20000000                ram_vector_table

.uninitialized_data
                0x20000110        0x0
                0x20000110                        . = ALIGN (0x4)
 *(.uninitialized_data*)

.data           0x20000110      0xdb4 load address 0x100068cc
                0x20000110                        __data_start__ = .
 *(vtable)
 *(.time_critical*)
 .time_critical.mutex_try_enter
                0x20000110       0x50 CMakeFiles/energica_display_focused.dir/home/tliao/git/pico-sdk/src/common/pico_sync/mutex.c.o
                0x20000110                mutex_try_enter
 .time_critical.mutex_enter_block_until
                0x20000160       0x6c CMakeFiles/energica_display_focused.dir/home/tliao/git/pico-sdk/src/common/pico_sync/mutex.c.o
                0x20000160                mutex_enter_block_until
 .time_critical.mutex_try_enter_block_until
                0x200001cc       0x68 CMakeFiles/energica_display_focused.dir/home/tliao/git/pico-sdk/src/common/pico_sync/mutex.c.o
                0x200001cc                mutex_try_enter_block_until
 .time_critical.mutex_enter_timeout_ms
                0x20000234       0x38 CMakeFiles/energica_display_focused.dir/home/tliao/git/pico-sdk/src/common/pico_sync/mutex.c.o
                0x20000234                mutex_enter_timeout_ms
 .time_critical.mutex_exit
                0x2000026c       0x3c CMakeFiles/energica_display_focused.dir/home/tliao/git/pico-sdk/src/common/pico_sync/mutex.c.o
                0x2000026c                mutex_exit
 .time_critical.reset_non_control_endpoints
                0x200002a8       0x3c CMakeFiles/energica_display_focused.dir/home/tliao/git/pico-sdk/lib/tinyusb/src/portable/raspberrypi/rp2040/dcd_rp2040.c.o
 .time_critical.hw_handle_buff_status
                0x200002e4       0x90 CMakeFiles/energica_display_focused.dir/home/tliao/git/pico-sdk/lib/tinyusb/src/portable/raspberrypi/rp2040/dcd_rp2040.c.o
 .time_critical.dcd_rp2040_irq
                0x20000374      0x1e4 CMakeFiles/energica_display_focused.dir/home/tliao/git/pico-sdk/lib/tinyusb/src/portable/raspberrypi/rp2040/dcd_rp2040.c.o
 .time_critical.prepare_ep_buffer
                0x20000558       0x6c CMakeFiles/energica_display_focused.dir/home/tliao/git/pico-sdk/lib/tinyusb/src/portable/raspberrypi/rp2040/rp2040_usb.c.o
 .time_critical.sync_ep_buffer
                0x200005c4       0x84 CMakeFiles/energica_display_focused.dir/home/tliao/git/pico-sdk/lib/tinyusb/src/portable/raspberrypi/rp2040/rp2040_usb.c.o
 .time_critical._hw_endpoint_xfer_sync
                0x20000648       0x2c CMakeFiles/energica_display_focused.dir/home/tliao/git/pico-sdk/lib/tinyusb/src/portable/raspberrypi/rp2040/rp2040_usb.c.o
 .time_critical.e15_is_bulkin_ep
                0x20000674       0x28 CMakeFiles/energica_display_focused.dir/home/tliao/git/pico-sdk/lib/tinyusb/src/portable/raspberrypi/rp2040/rp2040_usb.c.o
 .time_critical.e15_is_critical_frame_period
                0x2000069c       0x28 CMakeFiles/energica_display_focused.dir/home/tliao/git/pico-sdk/lib/tinyusb/src/portable/raspberrypi/rp2040/rp2040_usb.c.o
 .time_critical.hw_endpoint_reset_transfer
                0x200006c4        0xc CMakeFiles/energica_display_focused.dir/home/tliao/git/pico-sdk/lib/tinyusb/src/portable/raspberrypi/rp2040/rp2040_usb.c.o
                0x200006c4                hw_endpoint_reset_transfer
 .time_critical._hw_endpoint_buffer_control_update32
                0x200006d0       0x44 CMakeFiles/energica_display_focused.dir/home/tliao/git/pico-sdk/lib/tinyusb/src/portable/raspberrypi/rp2040/rp2040_usb.c.o
                0x200006d0                _hw_endpoint_buffer_control_update32
 .time_critical.hw_endpoint_start_next_buffer
                0x20000714       0x64 CMakeFiles/energica_display_focused.dir/home/tliao/git/pico-sdk/lib/tinyusb/src/portable/raspberrypi/rp2040/rp2040_usb.c.o
                0x20000714                hw_endpoint_start_next_buffer
 .time_critical.hw_endpoint_xfer_continue
                0x20000778       0x3c CMakeFiles/energica_display_focused.dir/home/tliao/git/pico-sdk/lib/tinyusb/src/portable/raspberrypi/rp2040/rp2040_usb.c.o
                0x20000778                hw_endpoint_xfer_continue
 .time_critical.tinyusb
                0x200007b4      0x228 CMakeFiles/energica_display_focused.dir/home/tliao/git/pico-sdk/lib/tinyusb/src/device/usbd.c.o
                0x200007b4                dcd_event_handler
 .time_critical.spi_write_read_blocking
                0x200009dc       0x90 CMakeFiles/energica_display_focused.dir/home/tliao/git/pico-sdk/src/rp2_common/hardware_spi/spi.c.o
                0x200009dc                spi_write_read_blocking
 *(.text*)
 .text          0x20000a6c       0x30 /opt/st/stm32cubeclt_1.21.0/GNU-tools-for-STM32/bin/../lib/gcc/arm-none-eabi/14.3.1/thumb/v8-m.main+fp/softfp/libgcc.a(_aeabi_uldivmod.o)
                0x20000a6c                __aeabi_uldivmod
 .text          0x20000a9c      0x34c /opt/st/stm32cubeclt_1.21.0/GNU-tools-for-STM32/bin/../lib/gcc/arm-none-eabi/14.3.1/thumb/v8-m.main+fp/softfp/libgcc.a(_udivmoddi4.o)
                0x20000a9c                __udivmoddi4
 .text          0x20000de8        0x4 /opt/st/stm32cubeclt_1.21.0/GNU-tools-for-STM32/bin/../lib/gcc/arm-none-eabi/14.3.1/thumb/v8-m.main+fp/softfp/libgcc.a(_dvmd_tls.o)
                0x20000de8                __aeabi_ldiv0
                0x20000de8                __aeabi_idiv0
 *fill*         0x20000dec        0x4 
 .text.__stub   0x20000df0       0x30 linker stubs
                0x20000e20                        . = ALIGN (0x4)
 *(.rodata*)
                0x20000e20                        . = ALIGN (0x4)
 *(.data*)
 .data.striped_spin_lock_num
                0x20000e20        0x1 CMakeFiles/energica_display_focused.dir/home/tliao/git/pico-sdk/src/rp2_common/hardware_sync/sync.c.o
 *fill*         0x20000e21        0x3 
 .data          0x20000e24       0x48 CMakeFiles/energica_display_focused.dir/home/tliao/git/pico-sdk/src/rp2_common/hardware_irq/irq_handler_chain.S.o
                0x20000e24                irq_handler_chain_slots
                0x20000e54                irq_handler_chain_first_slot
                0x20000e5e                irq_handler_chain_remove_tail
 .data.default_alarm_pool
                0x20000e6c       0x18 CMakeFiles/energica_display_focused.dir/home/tliao/git/pico-sdk/src/common/pico_time/time.c.o
 .data.stdio_usb
                0x20000e84       0x18 CMakeFiles/energica_display_focused.dir/home/tliao/git/pico-sdk/src/rp2_common/pico_stdio_usb/stdio_usb.c.o
                0x20000e84                stdio_usb
 .data._usbd_qdef
                0x20000e9c       0x1c CMakeFiles/energica_display_focused.dir/home/tliao/git/pico-sdk/lib/tinyusb/src/device/usbd.c.o
                0x20000e9c                _usbd_qdef
 .data._usbd_rhport
                0x20000eb8        0x1 CMakeFiles/energica_display_focused.dir/home/tliao/git/pico-sdk/lib/tinyusb/src/device/usbd.c.o
 *(.sdata*)
                0x20000ebc                        . = ALIGN (0x4)
 *fill*         0x20000eb9        0x3 
 *(.after_data.*)
                0x20000ebc                        . = ALIGN (0x4)
                0x20000ebc                        PROVIDE (__mutex_array_start = .)
 *(SORT_BY_NAME(.mutex_array.*))
 *(.mutex_array)
 .mutex_array   0x20000ebc        0x8 CMakeFiles/energica_display_focused.dir/home/tliao/git/pico-sdk/src/rp2_common/pico_stdio/stdio.c.o
                0x20000ec4                        PROVIDE (__mutex_array_end = .)
 *(.jcr)
                0x20000ec4                        . = ALIGN (0x4)

.igot.plt       0x20000ec4        0x0 load address 0x10007680
 .igot.plt      0x20000ec4        0x0 /opt/st/stm32cubeclt_1.21.0/GNU-tools-for-STM32/bin/../lib/gcc/arm-none-eabi/14.3.1/thumb/v8-m.main+fp/softfp/crtbegin.o

.tdata          0x20000ec4        0x0 load address 0x10007680
                0x20000ec4                        . = ALIGN (0x4)
 *(.tdata .tdata.* .gnu.linkonce.td.*)
                0x20000ec4                        __tdata_end = .
                0x20000ec4                        PROVIDE (__data_end__ = .)
                0x100068cc                        __etext = LOADADDR (.data)

.tbss           0x20000ec4        0x0 load address 0x10007680
                0x20000ec4                        . = ALIGN (0x4)
                0x20000ec4                        __bss_start__ = .
                0x20000ec4                        __tls_base = .
 *(.tbss .tbss.* .gnu.linkonce.tb.*)
 *(.tcommon)
                0x20000ec4                        __tls_end = .

.bss            0x20000ec8      0xc3c load address 0x10007680
                0x20000ec8                        . = ALIGN (0x4)
                0x20000ec8                        __tbss_end = .
 *(SORT_BY_ALIGNMENT(SORT_BY_NAME(.bss*)))
 .bss.default_alarm_pool_entries
                0x20000ec8      0x180 CMakeFiles/energica_display_focused.dir/home/tliao/git/pico-sdk/src/common/pico_time/time.c.o
 .bss.last_avail_time.1
                0x20001048        0x8 CMakeFiles/energica_display_focused.dir/home/tliao/git/pico-sdk/src/rp2_common/pico_stdio_usb/stdio_usb.c.o
 .bss           0x20001050       0x1c /opt/st/stm32cubeclt_1.21.0/GNU-tools-for-STM32/bin/../lib/gcc/arm-none-eabi/14.3.1/thumb/v8-m.main+fp/softfp/crtbegin.o
 .bss._app_driver
                0x2000106c        0x4 CMakeFiles/energica_display_focused.dir/home/tliao/git/pico-sdk/lib/tinyusb/src/device/usbd.c.o
 .bss._cdcd_epbuf
                0x20001070       0x80 CMakeFiles/energica_display_focused.dir/home/tliao/git/pico-sdk/lib/tinyusb/src/class/cdc/cdc_device.c.o
 .bss._cdcd_fifo_cfg
                0x200010f0        0x1 CMakeFiles/energica_display_focused.dir/home/tliao/git/pico-sdk/lib/tinyusb/src/class/cdc/cdc_device.c.o
 *fill*         0x200010f1        0x3 
 .bss._cdcd_itf
                0x200010f4       0xc8 CMakeFiles/energica_display_focused.dir/home/tliao/git/pico-sdk/lib/tinyusb/src/class/cdc/cdc_device.c.o
 .bss._ctrl_epbuf
                0x200011bc       0x40 CMakeFiles/energica_display_focused.dir/home/tliao/git/pico-sdk/lib/tinyusb/src/device/usbd_control.c.o
 .bss._ctrl_xfer
                0x200011fc       0x14 CMakeFiles/energica_display_focused.dir/home/tliao/git/pico-sdk/lib/tinyusb/src/device/usbd_control.c.o
 .bss._sw_spin_locks
                0x20001210       0x20 CMakeFiles/energica_display_focused.dir/home/tliao/git/pico-sdk/src/rp2_common/hardware_sync_spin_lock/sync_spin_lock.c.o
                0x20001210                _sw_spin_locks
 .bss._tusb_rhport_role
                0x20001230        0x2 CMakeFiles/energica_display_focused.dir/home/tliao/git/pico-sdk/lib/tinyusb/src/tusb.c.o
                0x20001230                _tusb_rhport_role
 *fill*         0x20001232        0x2 
 .bss._ubsd_mutexdef
                0x20001234        0x8 CMakeFiles/energica_display_focused.dir/home/tliao/git/pico-sdk/lib/tinyusb/src/device/usbd.c.o
 .bss._usbd_dev
                0x2000123c       0x54 CMakeFiles/energica_display_focused.dir/home/tliao/git/pico-sdk/lib/tinyusb/src/device/usbd.c.o
 .bss._usbd_mutex
                0x20001290        0x4 CMakeFiles/energica_display_focused.dir/home/tliao/git/pico-sdk/lib/tinyusb/src/device/usbd.c.o
 .bss._usbd_q   0x20001294        0x4 CMakeFiles/energica_display_focused.dir/home/tliao/git/pico-sdk/lib/tinyusb/src/device/usbd.c.o
 .bss._usbd_qdef_buf
                0x20001298       0xc0 CMakeFiles/energica_display_focused.dir/home/tliao/git/pico-sdk/lib/tinyusb/src/device/usbd.c.o
                0x20001298                _usbd_qdef_buf
 .bss._vendord_epbuf
                0x20001358       0x80 CMakeFiles/energica_display_focused.dir/home/tliao/git/pico-sdk/lib/tinyusb/src/class/vendor/vendor_device.c.o
 .bss._vendord_itf
                0x200013d8      0x24c CMakeFiles/energica_display_focused.dir/home/tliao/git/pico-sdk/lib/tinyusb/src/class/vendor/vendor_device.c.o
 .bss.chars_available_callback
                0x20001624        0x4 CMakeFiles/energica_display_focused.dir/home/tliao/git/pico-sdk/src/rp2_common/pico_stdio_usb/stdio_usb.c.o
 .bss.chars_available_param
                0x20001628        0x4 CMakeFiles/energica_display_focused.dir/home/tliao/git/pico-sdk/src/rp2_common/pico_stdio_usb/stdio_usb.c.o
 .bss.claimed   0x2000162c        0x4 CMakeFiles/energica_display_focused.dir/home/tliao/git/pico-sdk/src/rp2_common/hardware_sync/sync.c.o
 .bss.claimed   0x20001630        0x2 CMakeFiles/energica_display_focused.dir/home/tliao/git/pico-sdk/src/rp2_common/hardware_timer/timer.c.o
 *fill*         0x20001632        0x2 
 .bss.configured_freq
                0x20001634       0x28 CMakeFiles/energica_display_focused.dir/home/tliao/git/pico-sdk/src/rp2_common/hardware_clocks/clocks.c.o
 .bss.desc_str.0
                0x2000165c       0x28 CMakeFiles/energica_display_focused.dir/home/tliao/git/pico-sdk/src/rp2_common/pico_stdio_usb/stdio_usb_descriptors.c.o
 .bss.drivers   0x20001684        0x4 CMakeFiles/energica_display_focused.dir/home/tliao/git/pico-sdk/src/rp2_common/pico_stdio/stdio.c.o
 .bss.e15_last_sof
                0x20001688        0x4 CMakeFiles/energica_display_focused.dir/home/tliao/git/pico-sdk/lib/tinyusb/src/portable/raspberrypi/rp2040/rp2040_usb.c.o
                0x20001688                e15_last_sof
 .bss.filter    0x2000168c        0x4 CMakeFiles/energica_display_focused.dir/home/tliao/git/pico-sdk/src/rp2_common/pico_stdio/stdio.c.o
 .bss.g_last_400_payload
                0x20001690        0x8 CMakeFiles/energica_display_focused.dir/energica_display_focused.c.o
 .bss.g_rx_count
                0x20001698        0x4 CMakeFiles/energica_display_focused.dir/energica_display_focused.c.o
 .bss.g_tx_count
                0x2000169c        0x4 CMakeFiles/energica_display_focused.dir/energica_display_focused.c.o
 .bss.hw_endpoints
                0x200016a0      0x400 CMakeFiles/energica_display_focused.dir/home/tliao/git/pico-sdk/lib/tinyusb/src/portable/raspberrypi/rp2040/dcd_rp2040.c.o
 .bss.lazy_vsnprintf
                0x20001aa0        0x4 CMakeFiles/energica_display_focused.dir/home/tliao/git/pico-sdk/src/rp2_common/pico_printf/printf.c.o
 .bss.load_value
                0x20001aa4        0x4 CMakeFiles/energica_display_focused.dir/home/tliao/git/pico-sdk/src/rp2_common/hardware_watchdog/watchdog.c.o
 .bss.next_buffer_ptr
                0x20001aa8        0x4 CMakeFiles/energica_display_focused.dir/home/tliao/git/pico-sdk/lib/tinyusb/src/portable/raspberrypi/rp2040/dcd_rp2040.c.o
 .bss.one_shot_timer_crit_sec
                0x20001aac        0x8 CMakeFiles/energica_display_focused.dir/home/tliao/git/pico-sdk/src/rp2_common/pico_stdio_usb/stdio_usb.c.o
 .bss.pools     0x20001ab4       0x20 CMakeFiles/energica_display_focused.dir/home/tliao/git/pico-sdk/src/common/pico_time/time.c.o
 .bss.retrieved_id
                0x20001ad4        0x8 CMakeFiles/energica_display_focused.dir/home/tliao/git/pico-sdk/src/rp2_common/pico_unique_id/unique_id.c.o
 .bss.sleep_notifier
                0x20001adc        0x4 CMakeFiles/energica_display_focused.dir/home/tliao/git/pico-sdk/src/common/pico_time/time.c.o
 .bss.stdio_usb_mutex
                0x20001ae0        0x8 CMakeFiles/energica_display_focused.dir/home/tliao/git/pico-sdk/src/rp2_common/pico_stdio_usb/stdio_usb.c.o
 .bss.usbd_serial_str
                0x20001ae8       0x11 CMakeFiles/energica_display_focused.dir/home/tliao/git/pico-sdk/src/rp2_common/pico_stdio_usb/stdio_usb_descriptors.c.o
 .bss._app_driver_count
                0x20001af9        0x1 CMakeFiles/energica_display_focused.dir/home/tliao/git/pico-sdk/lib/tinyusb/src/device/usbd.c.o
 .bss._sof_enable
                0x20001afa        0x1 CMakeFiles/energica_display_focused.dir/home/tliao/git/pico-sdk/lib/tinyusb/src/portable/raspberrypi/rp2040/dcd_rp2040.c.o
 .bss._usbd_queued_setup
                0x20001afb        0x1 CMakeFiles/energica_display_focused.dir/home/tliao/git/pico-sdk/lib/tinyusb/src/device/usbd.c.o
 .bss.g_got_400
                0x20001afc        0x1 CMakeFiles/energica_display_focused.dir/energica_display_focused.c.o
 .bss.irq_handler_chain_free_slot_head
                0x20001afd        0x1 CMakeFiles/energica_display_focused.dir/home/tliao/git/pico-sdk/src/rp2_common/hardware_irq/irq.c.o
 .bss.itf_num   0x20001afe        0x1 CMakeFiles/energica_display_focused.dir/home/tliao/git/pico-sdk/src/rp2_common/pico_stdio_usb/reset_interface.c.o
 .bss.low_priority_irq_num
                0x20001aff        0x1 CMakeFiles/energica_display_focused.dir/home/tliao/git/pico-sdk/src/rp2_common/pico_stdio_usb/stdio_usb.c.o
 .bss.one_shot_timer_pending
                0x20001b00        0x1 CMakeFiles/energica_display_focused.dir/home/tliao/git/pico-sdk/src/rp2_common/pico_stdio_usb/stdio_usb.c.o
 .bss.user_irq_claimed
                0x20001b01        0x1 CMakeFiles/energica_display_focused.dir/home/tliao/git/pico-sdk/src/rp2_common/hardware_irq/irq.c.o
 *(COMMON)
                [!provide]                        PROVIDE (__global_pointer$ = (. + 0x800))
 *(.sbss*)
                0x20001b04                        . = ALIGN (0x4)
 *fill*         0x20001b02        0x2 
                0x20001b04                        __bss_end__ = .

.heap           0x20001b04      0x800 load address 0x10007680
                0x20001b04                        __end__ = .
                0x20001b04                        end = __end__
 *(.heap*)
 .heap          0x20001b04      0x800 CMakeFiles/energica_display_focused.dir/home/tliao/git/pico-sdk/src/rp2_common/pico_crt0/crt0.S.o
                0x20080000                        __HeapLimit = (ORIGIN (RAM) + LENGTH (RAM))

.scratch_x      0x20080000        0x0 load address 0x10007680
                0x20080000                        __scratch_x_start__ = .
 *(.scratch_x.*)
                0x20080000                        . = ALIGN (0x4)
                0x20080000                        __scratch_x_end__ = .
                0x10007680                        __scratch_x_source__ = LOADADDR (.scratch_x)

.scratch_y      0x20081000        0x0 load address 0x10007680
                0x20081000                        __scratch_y_start__ = .
 *(.scratch_y.*)
                0x20081000                        . = ALIGN (0x4)
                0x20081000                        __scratch_y_end__ = .
                0x10007680                        __scratch_y_source__ = LOADADDR (.scratch_y)

.stack1_dummy
 *(.stack1*)

.stack_dummy    0x20081000      0x800
 *(.stack*)
 .stack         0x20081000      0x800 CMakeFiles/energica_display_focused.dir/home/tliao/git/pico-sdk/src/rp2_common/pico_crt0/crt0.S.o

.flash_end      0x10007680       0x14
 *(.embedded_end_block*)
 .embedded_end_block
                0x10007680       0x14 CMakeFiles/energica_display_focused.dir/home/tliao/git/pico-sdk/src/rp2_common/pico_crt0/crt0.S.o
                0x10007694                        PROVIDE (__flash_binary_end = .)
                0x20080000                        __StackLimit = (ORIGIN (RAM) + LENGTH (RAM))
                0x20081000                        __StackOneTop = (ORIGIN (SCRATCH_X) + LENGTH (SCRATCH_X))
                0x20082000                        __StackTop = (ORIGIN (SCRATCH_Y) + LENGTH (SCRATCH_Y))
                0x20081000                        __StackOneBottom = (__StackOneTop - SIZEOF (.stack1_dummy))
                0x20081800                        __StackBottom = (__StackTop - SIZEOF (.stack_dummy))
                0x20082000                        PROVIDE (__stack = __StackTop)
                [!provide]                        PROVIDE (__heap_start = __end__)
                [!provide]                        PROVIDE (__heap_end = __HeapLimit)
                [!provide]                        PROVIDE (__tls_align = MAX (ALIGNOF (.tdata), ALIGNOF (.tbss)))
                [!provide]                        PROVIDE (__tls_size_align = (((__tls_size + __tls_align) - 0x1) & ~ ((__tls_align - 0x1))))
                [!provide]                        PROVIDE (__arm32_tls_tcb_offset = MAX (0x8, __tls_align))
                [!provide]                        PROVIDE (_end = __end__)
                [!provide]                        PROVIDE (__llvm_libc_heap_limit = __HeapLimit)
                0x00000001                        ASSERT ((__StackLimit >= __HeapLimit), region RAM overflowed)
                0x00000001                        ASSERT (((__binary_info_header_end - __logical_binary_start) <= 0x400), Binary info must be in first 1024 bytes of the binary)
                0x00000001                        ASSERT (((__embedded_block_end - __logical_binary_start) <= 0x1000), Embedded block must be in first 4096 bytes of the binary)
LOAD CMakeFiles/energica_display_focused.dir/energica_display_focused.c.o
LOAD CMakeFiles/energica_display_focused.dir/chademo_hal.c.o
LOAD CMakeFiles/energica_display_focused.dir/chademo_can.c.o
LOAD CMakeFiles/energica_display_focused.dir/home/tliao/git/pico-sdk/src/rp2_common/pico_stdlib/stdlib.c.o
LOAD CMakeFiles/energica_display_focused.dir/home/tliao/git/pico-sdk/src/rp2_common/hardware_gpio/gpio.c.o
LOAD CMakeFiles/energica_display_focused.dir/home/tliao/git/pico-sdk/src/rp2350/pico_platform/platform.c.o
LOAD CMakeFiles/energica_display_focused.dir/home/tliao/git/pico-sdk/src/rp2_common/pico_platform_panic/panic.c.o
LOAD CMakeFiles/energica_display_focused.dir/home/tliao/git/pico-sdk/src/common/hardware_claim/claim.c.o
LOAD CMakeFiles/energica_display_focused.dir/home/tliao/git/pico-sdk/src/rp2_common/hardware_sync/sync.c.o
LOAD CMakeFiles/energica_display_focused.dir/home/tliao/git/pico-sdk/src/rp2_common/hardware_sync_spin_lock/sync_spin_lock.c.o
LOAD CMakeFiles/energica_display_focused.dir/home/tliao/git/pico-sdk/src/rp2_common/hardware_irq/irq.c.o
LOAD CMakeFiles/energica_display_focused.dir/home/tliao/git/pico-sdk/src/rp2_common/hardware_irq/irq_handler_chain.S.o
LOAD CMakeFiles/energica_display_focused.dir/home/tliao/git/pico-sdk/src/common/pico_sync/sem.c.o
LOAD CMakeFiles/energica_display_focused.dir/home/tliao/git/pico-sdk/src/common/pico_sync/lock_core.c.o
LOAD CMakeFiles/energica_display_focused.dir/home/tliao/git/pico-sdk/src/common/pico_sync/mutex.c.o
LOAD CMakeFiles/energica_display_focused.dir/home/tliao/git/pico-sdk/src/common/pico_sync/critical_section.c.o
LOAD CMakeFiles/energica_display_focused.dir/home/tliao/git/pico-sdk/src/common/pico_time/time.c.o
LOAD CMakeFiles/energica_display_focused.dir/home/tliao/git/pico-sdk/src/common/pico_time/timeout_helper.c.o
LOAD CMakeFiles/energica_display_focused.dir/home/tliao/git/pico-sdk/src/rp2_common/hardware_timer/timer.c.o
LOAD CMakeFiles/energica_display_focused.dir/home/tliao/git/pico-sdk/src/common/pico_util/datetime.c.o
LOAD CMakeFiles/energica_display_focused.dir/home/tliao/git/pico-sdk/src/common/pico_util/pheap.c.o
LOAD CMakeFiles/energica_display_focused.dir/home/tliao/git/pico-sdk/src/common/pico_util/queue.c.o
LOAD CMakeFiles/energica_display_focused.dir/home/tliao/git/pico-sdk/src/rp2_common/hardware_uart/uart.c.o
LOAD CMakeFiles/energica_display_focused.dir/home/tliao/git/pico-sdk/src/rp2_common/hardware_clocks/clocks.c.o
LOAD CMakeFiles/energica_display_focused.dir/home/tliao/git/pico-sdk/src/rp2_common/hardware_pll/pll.c.o
LOAD CMakeFiles/energica_display_focused.dir/home/tliao/git/pico-sdk/src/rp2_common/hardware_vreg/vreg.c.o
LOAD CMakeFiles/energica_display_focused.dir/home/tliao/git/pico-sdk/src/rp2_common/hardware_watchdog/watchdog.c.o
LOAD CMakeFiles/energica_display_focused.dir/home/tliao/git/pico-sdk/src/rp2_common/hardware_ticks/ticks.c.o
LOAD CMakeFiles/energica_display_focused.dir/home/tliao/git/pico-sdk/src/rp2_common/pico_bootrom/bootrom.c.o
LOAD CMakeFiles/energica_display_focused.dir/home/tliao/git/pico-sdk/src/rp2_common/pico_bootrom/bootrom_lock.c.o
LOAD CMakeFiles/energica_display_focused.dir/home/tliao/git/pico-sdk/src/rp2_common/hardware_boot_lock/boot_lock.c.o
LOAD CMakeFiles/energica_display_focused.dir/home/tliao/git/pico-sdk/src/rp2_common/pico_flash/flash.c.o
LOAD CMakeFiles/energica_display_focused.dir/home/tliao/git/pico-sdk/src/rp2_common/hardware_xosc/xosc.c.o
LOAD CMakeFiles/energica_display_focused.dir/home/tliao/git/pico-sdk/src/rp2_common/hardware_divider/divider.c.o
LOAD CMakeFiles/energica_display_focused.dir/home/tliao/git/pico-sdk/src/rp2_common/pico_runtime/runtime.c.o
LOAD CMakeFiles/energica_display_focused.dir/home/tliao/git/pico-sdk/src/rp2_common/pico_runtime_init/runtime_init.c.o